npm warn Unknown env config "manage-package-manager-versions". This will error in a future major version of npm. See `npm help npmrc` for supported config options.
npm notice run fantasy-map-generator@1.154.0 npx
npm notice run 'vitest' run --config vitest.browser.config.ts generators/underground-measure.dom.test.ts

 RUN  v4.1.11 /mnt/Mega/TestSpace/Fantasy-Map-Generator

stdout | src/generators/underground-measure.dom.test.ts:1414:1 > measures underground alignment variants
KNOWN-ANSWER pass directness.two-cell directness=1
stdout | src/generators/underground-measure.dom.test.ts:1414:1 > measures underground alignment variants
KNOWN-ANSWER pass directness.L-chain directness=1.414213562373095 expected=1.414213562373095
stdout | src/generators/underground-measure.dom.test.ts:1414:1 > measures underground alignment variants
KNOWN-ANSWER pass crestHit.through crossings=1 hit=1 sag=0
stdout | src/generators/underground-measure.dom.test.ts:1414:1 > measures underground alignment variants
KNOWN-ANSWER pass crestHit.skirt crossings=1 hit=0 sag=70
stdout | src/generators/underground-measure.dom.test.ts:1414:1 > measures underground alignment variants
KNOWN-ANSWER pass nearMiss.beside passUnder=0 nearMiss=3
stdout | src/generators/underground-measure.dom.test.ts:1414:1 > measures underground alignment variants
KNOWN-ANSWER pass passUnder.on passUnder=1 nearMiss=1
stdout | src/generators/underground-measure.dom.test.ts:1414:1 > measures underground alignment variants
KNOWN-ANSWER pass anchorMinDist.on-burg anchorMinDist=0
stdout | src/generators/underground-measure.dom.test.ts:1414:1 > measures underground alignment variants
KNOWN-ANSWER pass waterSpan.bay spans=[3] of chain length 7
stdout | src/generators/underground-measure.dom.test.ts:1414:1 > measures underground alignment variants
KNOWN-ANSWER pass waterSpan.none spans=[]
stdout | src/generators/underground-measure.dom.test.ts:1414:1 > measures underground alignment variants
KNOWN-ANSWER pass biomeShare.single entry={"cells":9,"tunnel":1,"land":1} key=5:Tropical seasonal forest
stdout | src/generators/underground-measure.dom.test.ts:1414:1 > measures underground alignment variants
KNOWN-ANSWER all checks passed
stdout | src/generators/underground-measure.dom.test.ts:1414:1 > measures underground alignment variants
SEED measure-a cells=6112 land=4410 water=1702 burgs=870 subterranean=88 surfaceRoutes=573 {"roads":10,"trails":494,"searoutes":69} surfaceCells=2589 landRouteCells=1849 productionRoutes=57 longest=48
stdout | src/generators/underground-measure.dom.test.ts:1414:1 > measures underground alignment variants
CHAR definitions {"directness":"per record: drawn-path length (points[0],points[1] polyline) over the straight-line distance between the record's own first and last drawn anchor; records shorter than 1 cell-width are dropped","elevProfile":"mean h of the record's land cells (h>=20) against the mean h of the direct-corridor cells, where the corridor is every cell within 1.5 cell-widths of the record's own direct segment (sampled every half cell-width) and the land mean is the whole map's land cells","crestHit":"for records whose direct corridor holds a cell with h>=50 (the crossing set): crestSag is the corridor's highest h minus the record's own highest h, and a hit is a sag of at most 10 — the record came up to the crest instead of bending around it. The sag is the primary reading: a distance radius on the crest cell cannot separate reach from a detour, because the corridor's own width puts the crest near any chain that stays on the line","biomeShare":"share of the record set's distinct land cells in each biome, against that biome's share of all land cells","passUnder":"distinct tunnel cells that are surface-only burg cells (burg with ground-level presence and no below-level presence) — the F7.2 audit definition","nearMiss":"distinct tunnel cells that are not surface-only burg cells but have such a burg cell among their neighbours","anchorMinDist":"per record, the smallest distance (in cell-widths) from any drawn point to any surface-only burg dot; the mean over records is reported"}
stdout | src/generators/underground-measure.dom.test.ts:1414:1 > measures underground alignment variants
CHAR fields seed=measure-a cellWidth=6.406 landMeanH=33 surfaceOnlyBurgs=782 landCells=4410
stdout | src/generators/underground-measure.dom.test.ts:1414:1 > measures underground alignment variants
CHAR variants seed=measure-a ["baseline-production","replica-production","replica-production-2","geo-straight-005","geo-straight-02","geo-straight-10"]
stdout | src/generators/underground-measure.dom.test.ts:1414:1 > measures underground alignment variants
ROW {"seed":"measure-a","variant":"baseline-production","ms":0,"routes":57,"cells":578,"length":6027,"overlap":0.445,"overlapLand":0.441,"waterShare":0.009,"parallel":0.833,"exactEdge":0.149,"alongEdge":0.472,"bandShare":0.358,"medianRoadDistance":0.66,"surfaceOnlyContact":75,"dualIdentityContact":44,"multiRecordCells":97,"surfaceOnlyHubs":9,"dualIdentityHubs":26,"otherHubs":62,"bandByEndpointKind":{"dual":{"shared":97,"band":40,"share":0.41237113402061853},"fully-subterranean":{"shared":36,"band":16,"share":0.4444444444444444},"junction":{"shared":223,"band":85,"share":0.3811659192825112}},"histogram":[257,268,43,10],"burgsServed":68,"violations":0,"repairs":0,"records":57,"directness":1.288,"directness125":0.304,"directness150":0.143,"directnessMax":3.048,"directnessRecords":56,"wander":2.97,"wanderMax":14.99,"tunnelH":39.5,"corridorH":40.1,"landMeanH":33,"crestCrossings":30,"crestHit":0.933,"crestSag":2,"passUnder":75,"nearMiss":316,"anchorMinDist":0.531,"tunnelCells":578,"corridorCells":811}
stdout | src/generators/underground-measure.dom.test.ts:1414:1 > measures underground alignment variants
DEBUG replica stages: raw 143 routes/578 cells -> merged 57 routes -> pruned 57 routes/578 cells
stdout | src/generators/underground-measure.dom.test.ts:1414:1 > measures underground alignment variants
ROW {"seed":"measure-a","variant":"replica-production","ms":18,"routes":57,"cells":578,"length":6027,"overlap":0.445,"overlapLand":0.441,"waterShare":0.009,"parallel":0.833,"exactEdge":0.149,"alongEdge":0.472,"bandShare":0.358,"medianRoadDistance":0.66,"surfaceOnlyContact":75,"dualIdentityContact":44,"multiRecordCells":97,"surfaceOnlyHubs":9,"dualIdentityHubs":26,"otherHubs":62,"bandByEndpointKind":{"dual":{"shared":97,"band":40,"share":0.41237113402061853},"fully-subterranean":{"shared":36,"band":16,"share":0.4444444444444444},"junction":{"shared":223,"band":85,"share":0.3811659192825112}},"histogram":[257,268,43,10],"burgsServed":68,"violations":0,"repairs":0,"records":57,"directness":1.355,"directness125":0.429,"directness150":0.143,"directnessMax":3.168,"directnessRecords":56,"wander":2.98,"wanderMax":14.99,"tunnelH":39.5,"corridorH":40.1,"landMeanH":33,"crestCrossings":30,"crestHit":0.933,"crestSag":2,"passUnder":75,"nearMiss":316,"anchorMinDist":0.555,"tunnelCells":578,"corridorCells":809}
stdout | src/generators/underground-measure.dom.test.ts:1414:1 > measures underground alignment variants
ROW {"seed":"measure-a","variant":"replica-production-2","ms":16,"routes":57,"cells":578,"length":6027,"overlap":0.445,"overlapLand":0.441,"waterShare":0.009,"parallel":0.833,"exactEdge":0.149,"alongEdge":0.472,"bandShare":0.358,"medianRoadDistance":0.66,"surfaceOnlyContact":75,"dualIdentityContact":44,"multiRecordCells":97,"surfaceOnlyHubs":9,"dualIdentityHubs":26,"otherHubs":62,"bandByEndpointKind":{"dual":{"shared":97,"band":40,"share":0.41237113402061853},"fully-subterranean":{"shared":36,"band":16,"share":0.4444444444444444},"junction":{"shared":223,"band":85,"share":0.3811659192825112}},"histogram":[257,268,43,10],"burgsServed":68,"violations":0,"repairs":0,"records":57,"directness":1.355,"directness125":0.429,"directness150":0.143,"directnessMax":3.168,"directnessRecords":56,"wander":2.98,"wanderMax":14.99,"tunnelH":39.5,"corridorH":40.1,"landMeanH":33,"crestCrossings":30,"crestHit":0.933,"crestSag":2,"passUnder":75,"nearMiss":316,"anchorMinDist":0.555,"tunnelCells":578,"corridorCells":809}
stdout | src/generators/underground-measure.dom.test.ts:1414:1 > measures underground alignment variants
ROW {"seed":"measure-a","variant":"geo-straight-005","ms":8,"routes":51,"cells":483,"length":5179,"overlap":0.584,"overlapLand":0.553,"waterShare":0.033,"parallel":0.871,"exactEdge":0.203,"alongEdge":0.567,"bandShare":0.362,"medianRoadDistance":0.48,"surfaceOnlyContact":84,"dualIdentityContact":44,"multiRecordCells":52,"surfaceOnlyHubs":0,"dualIdentityHubs":26,"otherHubs":26,"bandByEndpointKind":{"dual":{"shared":89,"band":40,"share":0.449438202247191},"fully-subterranean":{"shared":41,"band":14,"share":0.34146341463414637},"junction":{"shared":202,"band":77,"share":0.3811881188118812}},"histogram":[282,178,17,6],"burgsServed":67,"violations":0,"repairs":0,"records":51,"directness":1.228,"directness125":0.176,"directness150":0.098,"directnessMax":3.01,"directnessRecords":51,"wander":2.53,"wanderMax":15.77,"tunnelH":38.5,"corridorH":39.6,"landMeanH":33,"crestCrossings":28,"crestHit":0.893,"crestSag":4,"passUnder":84,"nearMiss":253,"anchorMinDist":0.614,"tunnelCells":483,"corridorCells":808}
stdout | src/generators/underground-measure.dom.test.ts:1414:1 > measures underground alignment variants
ROW {"seed":"measure-a","variant":"geo-straight-02","ms":6,"routes":51,"cells":484,"length":5173,"overlap":0.585,"overlapLand":0.554,"waterShare":0.033,"parallel":0.871,"exactEdge":0.209,"alongEdge":0.566,"bandShare":0.36,"medianRoadDistance":0.48,"surfaceOnlyContact":86,"dualIdentityContact":44,"multiRecordCells":52,"surfaceOnlyHubs":0,"dualIdentityHubs":26,"otherHubs":26,"bandByEndpointKind":{"dual":{"shared":89,"band":40,"share":0.449438202247191},"fully-subterranean":{"shared":41,"band":14,"share":0.34146341463414637},"junction":{"shared":203,"band":77,"share":0.3793103448275862}},"histogram":[283,178,17,6],"burgsServed":67,"violations":0,"repairs":0,"records":51,"directness":1.227,"directness125":0.176,"directness150":0.098,"directnessMax":3.01,"directnessRecords":51,"wander":2.53,"wanderMax":15.77,"tunnelH":38.6,"corridorH":39.6,"landMeanH":33,"crestCrossings":28,"crestHit":0.893,"crestSag":4,"passUnder":86,"nearMiss":252,"anchorMinDist":0.614,"tunnelCells":484,"corridorCells":808}
stdout | src/generators/underground-measure.dom.test.ts:1414:1 > measures underground alignment variants
ROW {"seed":"measure-a","variant":"geo-straight-10","ms":5,"routes":51,"cells":483,"length":5171,"overlap":0.588,"overlapLand":0.557,"waterShare":0.037,"parallel":0.873,"exactEdge":0.215,"alongEdge":0.553,"bandShare":0.363,"medianRoadDistance":0.47,"surfaceOnlyContact":87,"dualIdentityContact":44,"multiRecordCells":50,"surfaceOnlyHubs":0,"dualIdentityHubs":26,"otherHubs":24,"bandByEndpointKind":{"dual":{"shared":93,"band":41,"share":0.44086021505376344},"fully-subterranean":{"shared":41,"band":14,"share":0.34146341463414637},"junction":{"shared":200,"band":77,"share":0.385}},"histogram":[284,176,17,6],"burgsServed":67,"violations":0,"repairs":0,"records":51,"directness":1.224,"directness125":0.176,"directness150":0.098,"directnessMax":3.01,"directnessRecords":51,"wander":2.47,"wanderMax":14.99,"tunnelH":38.6,"corridorH":39.6,"landMeanH":33,"crestCrossings":28,"crestHit":0.857,"crestSag":4.3,"passUnder":87,"nearMiss":242,"anchorMinDist":0.622,"tunnelCells":483,"corridorCells":808}
stdout | src/generators/underground-measure.dom.test.ts:1414:1 > measures underground alignment variants
BIOME {"seed":"measure-a","variant":"baseline-production","6:Temperate deciduous forest":{"cells":161,"tunnel":0.281,"land":0.176},"4:Grassland":{"cells":113,"tunnel":0.197,"land":0.144},"5:Tropical seasonal forest":{"cells":107,"tunnel":0.187,"land":0.157},"3:Savanna":{"cells":68,"tunnel":0.119,"land":0.139},"8:Temperate rainforest":{"cells":62,"tunnel":0.108,"land":0.095},"9:Taiga":{"cells":26,"tunnel":0.045,"land":0.11},"1:Hot desert":{"cells":12,"tunnel":0.021,"land":0.035},"12:Wetland":{"cells":9,"tunnel":0.016,"land":0.054},"7:Tropical rainforest":{"cells":8,"tunnel":0.014,"land":0.025},"2:Cold desert":{"cells":5,"tunnel":0.009,"land":0.005},"10:Tundra":{"cells":2,"tunnel":0.003,"land":0.035}}
stdout | src/generators/underground-measure.dom.test.ts:1414:1 > measures underground alignment variants
WATER-CENSUS {"seed":"measure-a","production":{"legs":4,"waterCells":6,"spans":{"1":3,"3":1},"meanSpan":1.5,"maxSpan":3,"legLength":3},"boundMinus3":{"legs":0,"waterCells":0,"spans":{},"meanSpan":0,"maxSpan":0,"legLength":0},"directCrossingPairs":6,"crossings":[{"direct":200,"crossed":3,"actual":211,"bypass":218,"waterDetour":1.055,"landPenalty":1.033},{"direct":58,"crossed":1,"actual":64,"bypass":66,"waterDetour":1.103,"landPenalty":1.031},{"direct":160,"crossed":6,"actual":174,"bypass":190,"waterDetour":1.087,"landPenalty":1.092},{"direct":113,"crossed":4,"actual":121,"bypass":133,"waterDetour":1.071,"landPenalty":1.099},{"direct":62,"crossed":1,"actual":67,"bypass":78,"waterDetour":1.081,"landPenalty":1.164},{"direct":57,"crossed":2,"actual":59,"bypass":66,"waterDetour":1.035,"landPenalty":1.119}]}
stdout | src/generators/underground-measure.dom.test.ts:1414:1 > measures underground alignment variants
FIDELITY {"seed":"measure-a","variant":"replica-production","productionRoutes":57,"replicaRoutes":57,"productionCells":578,"replicaCells":578,"driftCells":0,"exact":true}
stdout | src/generators/underground-measure.dom.test.ts:1414:1 > measures underground alignment variants
FIDELITY {"seed":"measure-a","variant":"replica-production-2","productionRoutes":57,"replicaRoutes":57,"productionCells":578,"replicaCells":578,"driftCells":0,"exact":true}
stdout | src/generators/underground-measure.dom.test.ts:1414:1 > measures underground alignment variants
CHAR-ANCHOR {"seed":"measure-a","passUnder":75,"replicaPassUnder":75,"nearMiss":316,"replicaNearMiss":316,"anchorMinDist":0.531,"dDirectness":0.067,"dTunnelH":0,"dCrestHit":0,"dTunnelCells":0}
stdout | src/generators/underground-measure.dom.test.ts:1414:1 > measures underground alignment variants
AGG {"variant":"baseline-production","seeds":1,"overlap":0.445,"overlapLand":0.441,"waterShare":0.009,"parallel":0.833,"exactEdge":0.149,"alongEdge":0.472,"ms":0,"burgsServed":0.773,"bandByEndpointKind":{"dual":{"shared":97,"band":40,"share":0.412},"fully-subterranean":{"shared":36,"band":16,"share":0.444},"junction":{"shared":223,"band":85,"share":0.381}},"lengthOverlap":0.663,"bandShare":0.358,"medianRoadDistance":0.66,"surfaceOnlyContact":75,"dualIdentityContact":44,"multiRecordCells":97,"surfaceOnlyHubs":9,"dualIdentityHubs":26,"otherHubs":62,"cells":578,"routes":57,"violations":0,"repairs":0,"length":6027,"lengthRatio":1,"directness":1.288,"directness125":0.304,"directness150":0.143,"directnessMax":3.048,"directnessRecords":56,"wander":2.97,"wanderMax":14.99,"tunnelH":39.5,"corridorH":40.1,"landMeanH":33,"tunnelAboveLand":6.6,"tunnelAboveCorridor":-0.5,"crestCrossings":30,"crestHit":0.933,"crestSag":2,"passUnder":75,"nearMiss":316,"anchorMinDist":0.531,"tunnelCells":578,"dDirectness":0,"dDirectnessRange":{"min":0,"max":0},"dTunnelH":0,"dTunnelHRange":{"min":0,"max":0},"dCrestHit":0,"dPassUnder":0,"dPassUnderRange":{"min":0,"max":0},"dNearMiss":0,"dOverlap":0,"dParallel":0,"worstOverlapDelta":0,"bestOverlapDelta":0}
stdout | src/generators/underground-measure.dom.test.ts:1414:1 > measures underground alignment variants
AGG {"variant":"replica-production","seeds":1,"overlap":0.445,"overlapLand":0.441,"waterShare":0.009,"parallel":0.833,"exactEdge":0.149,"alongEdge":0.472,"ms":18,"burgsServed":0.773,"bandByEndpointKind":{"dual":{"shared":97,"band":40,"share":0.412},"fully-subterranean":{"shared":36,"band":16,"share":0.444},"junction":{"shared":223,"band":85,"share":0.381}},"lengthOverlap":0.663,"bandShare":0.358,"medianRoadDistance":0.66,"surfaceOnlyContact":75,"dualIdentityContact":44,"multiRecordCells":97,"surfaceOnlyHubs":9,"dualIdentityHubs":26,"otherHubs":62,"cells":578,"routes":57,"violations":0,"repairs":0,"length":6027,"lengthRatio":1,"directness":1.355,"directness125":0.429,"directness150":0.143,"directnessMax":3.168,"directnessRecords":56,"wander":2.98,"wanderMax":14.99,"tunnelH":39.5,"corridorH":40.1,"landMeanH":33,"tunnelAboveLand":6.6,"tunnelAboveCorridor":-0.5,"crestCrossings":30,"crestHit":0.933,"crestSag":2,"passUnder":75,"nearMiss":316,"anchorMinDist":0.555,"tunnelCells":578,"dDirectness":0.067,"dDirectnessRange":{"min":0.067,"max":0.067},"dTunnelH":0,"dTunnelHRange":{"min":0,"max":0},"dCrestHit":0,"dPassUnder":0,"dPassUnderRange":{"min":0,"max":0},"dNearMiss":0,"dOverlap":0,"dParallel":0,"worstOverlapDelta":0,"bestOverlapDelta":0}
stdout | src/generators/underground-measure.dom.test.ts:1414:1 > measures underground alignment variants
AGG {"variant":"replica-production-2","seeds":1,"overlap":0.445,"overlapLand":0.441,"waterShare":0.009,"parallel":0.833,"exactEdge":0.149,"alongEdge":0.472,"ms":16,"burgsServed":0.773,"bandByEndpointKind":{"dual":{"shared":97,"band":40,"share":0.412},"fully-subterranean":{"shared":36,"band":16,"share":0.444},"junction":{"shared":223,"band":85,"share":0.381}},"lengthOverlap":0.663,"bandShare":0.358,"medianRoadDistance":0.66,"surfaceOnlyContact":75,"dualIdentityContact":44,"multiRecordCells":97,"surfaceOnlyHubs":9,"dualIdentityHubs":26,"otherHubs":62,"cells":578,"routes":57,"violations":0,"repairs":0,"length":6027,"lengthRatio":1,"directness":1.355,"directness125":0.429,"directness150":0.143,"directnessMax":3.168,"directnessRecords":56,"wander":2.98,"wanderMax":14.99,"tunnelH":39.5,"corridorH":40.1,"landMeanH":33,"tunnelAboveLand":6.6,"tunnelAboveCorridor":-0.5,"crestCrossings":30,"crestHit":0.933,"crestSag":2,"passUnder":75,"nearMiss":316,"anchorMinDist":0.555,"tunnelCells":578,"dDirectness":0.067,"dDirectnessRange":{"min":0.067,"max":0.067},"dTunnelH":0,"dTunnelHRange":{"min":0,"max":0},"dCrestHit":0,"dPassUnder":0,"dPassUnderRange":{"min":0,"max":0},"dNearMiss":0,"dOverlap":0,"dParallel":0,"worstOverlapDelta":0,"bestOverlapDelta":0}
stdout | src/generators/underground-measure.dom.test.ts:1414:1 > measures underground alignment variants
AGG {"variant":"geo-straight-005","seeds":1,"overlap":0.584,"overlapLand":0.553,"waterShare":0.033,"parallel":0.871,"exactEdge":0.203,"alongEdge":0.567,"ms":8,"burgsServed":0.761,"bandByEndpointKind":{"dual":{"shared":89,"band":40,"share":0.449},"fully-subterranean":{"shared":41,"band":14,"share":0.341},"junction":{"shared":202,"band":77,"share":0.381}},"lengthOverlap":0.769,"bandShare":0.362,"medianRoadDistance":0.48,"surfaceOnlyContact":84,"dualIdentityContact":44,"multiRecordCells":52,"surfaceOnlyHubs":0,"dualIdentityHubs":26,"otherHubs":26,"cells":483,"routes":51,"violations":0,"repairs":0,"length":5179,"lengthRatio":0.859,"directness":1.228,"directness125":0.176,"directness150":0.098,"directnessMax":3.01,"directnessRecords":51,"wander":2.53,"wanderMax":15.77,"tunnelH":38.5,"corridorH":39.6,"landMeanH":33,"tunnelAboveLand":5.5,"tunnelAboveCorridor":-1.1,"crestCrossings":28,"crestHit":0.893,"crestSag":4,"passUnder":84,"nearMiss":253,"anchorMinDist":0.614,"tunnelCells":483,"dDirectness":-0.06,"dDirectnessRange":{"min":-0.06,"max":-0.06},"dTunnelH":-1.021,"dTunnelHRange":{"min":-1.021,"max":-1.021},"dCrestHit":-0.04,"dPassUnder":9,"dPassUnderRange":{"min":9,"max":9},"dNearMiss":-63,"dOverlap":0.139,"dParallel":0.039,"worstOverlapDelta":0.139,"bestOverlapDelta":0}
stdout | src/generators/underground-measure.dom.test.ts:1414:1 > measures underground alignment variants
AGG {"variant":"geo-straight-02","seeds":1,"overlap":0.585,"overlapLand":0.554,"waterShare":0.033,"parallel":0.871,"exactEdge":0.209,"alongEdge":0.566,"ms":6,"burgsServed":0.761,"bandByEndpointKind":{"dual":{"shared":89,"band":40,"share":0.449},"fully-subterranean":{"shared":41,"band":14,"share":0.341},"junction":{"shared":203,"band":77,"share":0.379}},"lengthOverlap":0.769,"bandShare":0.36,"medianRoadDistance":0.48,"surfaceOnlyContact":86,"dualIdentityContact":44,"multiRecordCells":52,"surfaceOnlyHubs":0,"dualIdentityHubs":26,"otherHubs":26,"cells":484,"routes":51,"violations":0,"repairs":0,"length":5173,"lengthRatio":0.858,"directness":1.227,"directness125":0.176,"directness150":0.098,"directnessMax":3.01,"directnessRecords":51,"wander":2.53,"wanderMax":15.77,"tunnelH":38.6,"corridorH":39.6,"landMeanH":33,"tunnelAboveLand":5.6,"tunnelAboveCorridor":-1.1,"crestCrossings":28,"crestHit":0.893,"crestSag":4,"passUnder":86,"nearMiss":252,"anchorMinDist":0.614,"tunnelCells":484,"dDirectness":-0.061,"dDirectnessRange":{"min":-0.061,"max":-0.061},"dTunnelH":-0.988,"dTunnelHRange":{"min":-0.988,"max":-0.988},"dCrestHit":-0.04,"dPassUnder":11,"dPassUnderRange":{"min":11,"max":11},"dNearMiss":-64,"dOverlap":0.14,"dParallel":0.038,"worstOverlapDelta":0.14,"bestOverlapDelta":0}
stdout | src/generators/underground-measure.dom.test.ts:1414:1 > measures underground alignment variants
AGG {"variant":"geo-straight-10","seeds":1,"overlap":0.588,"overlapLand":0.557,"waterShare":0.037,"parallel":0.873,"exactEdge":0.215,"alongEdge":0.553,"ms":5,"burgsServed":0.761,"bandByEndpointKind":{"dual":{"shared":93,"band":41,"share":0.441},"fully-subterranean":{"shared":41,"band":14,"share":0.341},"junction":{"shared":200,"band":77,"share":0.385}},"lengthOverlap":0.772,"bandShare":0.363,"medianRoadDistance":0.47,"surfaceOnlyContact":87,"dualIdentityContact":44,"multiRecordCells":50,"surfaceOnlyHubs":0,"dualIdentityHubs":26,"otherHubs":24,"cells":483,"routes":51,"violations":0,"repairs":0,"length":5171,"lengthRatio":0.858,"directness":1.224,"directness125":0.176,"directness150":0.098,"directnessMax":3.01,"directnessRecords":51,"wander":2.47,"wanderMax":14.99,"tunnelH":38.6,"corridorH":39.6,"landMeanH":33,"tunnelAboveLand":5.6,"tunnelAboveCorridor":-1.1,"crestCrossings":28,"crestHit":0.857,"crestSag":4.3,"passUnder":87,"nearMiss":242,"anchorMinDist":0.622,"tunnelCells":483,"dDirectness":-0.064,"dDirectnessRange":{"min":-0.064,"max":-0.064},"dTunnelH":-0.973,"dTunnelHRange":{"min":-0.973,"max":-0.973},"dCrestHit":-0.076,"dPassUnder":12,"dPassUnderRange":{"min":12,"max":12},"dNearMiss":-74,"dOverlap":0.143,"dParallel":0.04,"worstOverlapDelta":0.143,"bestOverlapDelta":0}
 ✓ |chromium| src/generators/underground-measure.dom.test.ts (1 test) 904ms
   ✓ measures underground alignment variants  903ms

 Test Files  1 passed (1)
      Tests  1 passed (1)
   Start at  21:28:53
   Duration  4.64s (transform 0ms, setup 0ms, import 135ms, tests 904ms, environment 0ms)

