npm warn Unknown env config "manage-package-manager-versions". This will error in a future major version of npm. See `npm help npmrc` for supported config options.
npm notice run fantasy-map-generator@1.154.0 npx
npm notice run 'vitest' run --config vitest.browser.config.ts generators/underground-measure.dom.test.ts

 RUN  v4.1.11 /mnt/Mega/TestSpace/Fantasy-Map-Generator

stdout | src/generators/underground-measure.dom.test.ts:1240:1 > measures underground alignment variants
KNOWN-ANSWER pass directness.two-cell directness=1
stdout | src/generators/underground-measure.dom.test.ts:1240:1 > measures underground alignment variants
KNOWN-ANSWER pass directness.L-chain directness=1.414213562373095 expected=1.414213562373095
stdout | src/generators/underground-measure.dom.test.ts:1240:1 > measures underground alignment variants
KNOWN-ANSWER pass crestHit.through crossings=1 hit=1 sag=0
stdout | src/generators/underground-measure.dom.test.ts:1240:1 > measures underground alignment variants
KNOWN-ANSWER pass crestHit.skirt crossings=1 hit=0 sag=70
stdout | src/generators/underground-measure.dom.test.ts:1240:1 > measures underground alignment variants
KNOWN-ANSWER pass nearMiss.beside passUnder=0 nearMiss=3
stdout | src/generators/underground-measure.dom.test.ts:1240:1 > measures underground alignment variants
KNOWN-ANSWER pass passUnder.on passUnder=1 nearMiss=1
stdout | src/generators/underground-measure.dom.test.ts:1240:1 > measures underground alignment variants
KNOWN-ANSWER pass anchorMinDist.on-burg anchorMinDist=0
stdout | src/generators/underground-measure.dom.test.ts:1240:1 > measures underground alignment variants
KNOWN-ANSWER pass waterSpan.bay spans=[3] of chain length 7
stdout | src/generators/underground-measure.dom.test.ts:1240:1 > measures underground alignment variants
KNOWN-ANSWER pass waterSpan.none spans=[]
stdout | src/generators/underground-measure.dom.test.ts:1240:1 > measures underground alignment variants
KNOWN-ANSWER pass biomeShare.single entry={"cells":9,"tunnel":1,"land":1} key=5:Tropical seasonal forest
stdout | src/generators/underground-measure.dom.test.ts:1240:1 > measures underground alignment variants
KNOWN-ANSWER all checks passed
stdout | src/generators/underground-measure.dom.test.ts:1240:1 > measures underground alignment variants
SEED measure-f cells=6478 land=4526 water=1952 burgs=874 subterranean=88 surfaceRoutes=610 {"roads":14,"trails":496,"searoutes":100} surfaceCells=2727 landRouteCells=1843 productionRoutes=54 longest=59
stdout | src/generators/underground-measure.dom.test.ts:1240:1 > measures underground alignment variants
CHAR definitions {"directness":"per record: drawn-path length (points[0],points[1] polyline) over the straight-line distance between the record's own first and last drawn anchor; records shorter than 1 cell-width are dropped","elevProfile":"mean h of the record's land cells (h>=20) against the mean h of the direct-corridor cells, where the corridor is every cell within 1.5 cell-widths of the record's own direct segment (sampled every half cell-width) and the land mean is the whole map's land cells","crestHit":"for records whose direct corridor holds a cell with h>=50 (the crossing set): crestSag is the corridor's highest h minus the record's own highest h, and a hit is a sag of at most 10 — the record came up to the crest instead of bending around it. The sag is the primary reading: a distance radius on the crest cell cannot separate reach from a detour, because the corridor's own width puts the crest near any chain that stays on the line","biomeShare":"share of the record set's distinct land cells in each biome, against that biome's share of all land cells","passUnder":"distinct tunnel cells that are surface-only burg cells (burg with ground-level presence and no below-level presence) — the F7.2 audit definition","nearMiss":"distinct tunnel cells that are not surface-only burg cells but have such a burg cell among their neighbours","anchorMinDist":"per record, the smallest distance (in cell-widths) from any drawn point to any surface-only burg dot; the mean over records is reported"}
stdout | src/generators/underground-measure.dom.test.ts:1240:1 > measures underground alignment variants
CHAR fields seed=measure-f cellWidth=6.349 landMeanH=31.1 surfaceOnlyBurgs=786 landCells=4526
stdout | src/generators/underground-measure.dom.test.ts:1240:1 > measures underground alignment variants
FIDELITY {"seed":"measure-f","productionRoutes":54,"pairs":98,"pairMisses":24,"pairExtra":68,"realEnds":53}
stdout | src/generators/underground-measure.dom.test.ts:1240:1 > measures underground alignment variants
CHAR variants seed=measure-f ["baseline-production","replica-production","replica-production-2"]
stdout | src/generators/underground-measure.dom.test.ts:1240:1 > measures underground alignment variants
ROW {"seed":"measure-f","variant":"baseline-production","ms":0,"routes":54,"cells":554,"length":5615,"overlap":0.417,"overlapLand":0.386,"waterShare":0.061,"parallel":0.806,"exactEdge":0.106,"alongEdge":0.469,"bandShare":0.372,"medianRoadDistance":0.72,"surfaceOnlyContact":59,"dualIdentityContact":43,"multiRecordCells":82,"surfaceOnlyHubs":5,"dualIdentityHubs":24,"otherHubs":53,"bandByEndpointKind":{"dual":{"shared":75,"band":29,"share":0.38666666666666666},"fully-subterranean":{"shared":135,"band":34,"share":0.2518518518518518},"junction":{"shared":91,"band":59,"share":0.6483516483516484}},"histogram":[231,258,56,9],"burgsServed":65,"records":54,"directness":1.272,"directness125":0.315,"directness150":0.204,"directnessMax":2.554,"directnessRecords":54,"tunnelH":35.8,"corridorH":36.7,"landMeanH":31.1,"crestCrossings":21,"crestHit":0.667,"crestSag":6.4,"passUnder":59,"nearMiss":295,"anchorMinDist":0.567,"tunnelCells":554,"corridorCells":742}
stdout | src/generators/underground-measure.dom.test.ts:1240:1 > measures underground alignment variants
DEBUG replica stages: raw 124 routes/553 cells -> merged 54 routes -> pruned 54 routes/553 cells
stdout | src/generators/underground-measure.dom.test.ts:1240:1 > measures underground alignment variants
ROW {"seed":"measure-f","variant":"replica-production","ms":16,"routes":54,"cells":553,"length":5603,"overlap":0.418,"overlapLand":0.387,"waterShare":0.058,"parallel":0.806,"exactEdge":0.107,"alongEdge":0.473,"bandShare":0.372,"medianRoadDistance":0.71,"surfaceOnlyContact":59,"dualIdentityContact":43,"multiRecordCells":81,"surfaceOnlyHubs":5,"dualIdentityHubs":24,"otherHubs":52,"bandByEndpointKind":{"dual":{"shared":75,"band":29,"share":0.38666666666666666},"fully-subterranean":{"shared":135,"band":34,"share":0.2518518518518518},"junction":{"shared":90,"band":59,"share":0.6555555555555556}},"histogram":[231,258,55,9],"burgsServed":65,"records":54,"directness":1.331,"directness125":0.352,"directness150":0.204,"directnessMax":2.698,"directnessRecords":54,"tunnelH":35.8,"corridorH":36.7,"landMeanH":31.1,"crestCrossings":21,"crestHit":0.667,"crestSag":6.4,"passUnder":59,"nearMiss":295,"anchorMinDist":0.56,"tunnelCells":553,"corridorCells":739}
stdout | src/generators/underground-measure.dom.test.ts:1240:1 > measures underground alignment variants
ROW {"seed":"measure-f","variant":"replica-production-2","ms":13,"routes":54,"cells":554,"length":5615,"overlap":0.417,"overlapLand":0.386,"waterShare":0.061,"parallel":0.806,"exactEdge":0.106,"alongEdge":0.469,"bandShare":0.372,"medianRoadDistance":0.72,"surfaceOnlyContact":59,"dualIdentityContact":43,"multiRecordCells":82,"surfaceOnlyHubs":5,"dualIdentityHubs":24,"otherHubs":53,"bandByEndpointKind":{"dual":{"shared":75,"band":29,"share":0.38666666666666666},"fully-subterranean":{"shared":135,"band":34,"share":0.2518518518518518},"junction":{"shared":91,"band":59,"share":0.6483516483516484}},"histogram":[231,258,56,9],"burgsServed":65,"records":54,"directness":1.334,"directness125":0.352,"directness150":0.204,"directnessMax":2.698,"directnessRecords":54,"tunnelH":35.8,"corridorH":36.7,"landMeanH":31.1,"crestCrossings":21,"crestHit":0.667,"crestSag":6.4,"passUnder":59,"nearMiss":295,"anchorMinDist":0.56,"tunnelCells":554,"corridorCells":739}
stdout | src/generators/underground-measure.dom.test.ts:1240:1 > measures underground alignment variants
BIOME {"seed":"measure-f","variant":"baseline-production","6:Temperate deciduous forest":{"cells":157,"tunnel":0.302,"land":0.19},"5:Tropical seasonal forest":{"cells":86,"tunnel":0.165,"land":0.186},"4:Grassland":{"cells":76,"tunnel":0.146,"land":0.099},"3:Savanna":{"cells":73,"tunnel":0.14,"land":0.106},"8:Temperate rainforest":{"cells":53,"tunnel":0.102,"land":0.097},"1:Hot desert":{"cells":23,"tunnel":0.044,"land":0.014},"7:Tropical rainforest":{"cells":21,"tunnel":0.04,"land":0.036},"9:Taiga":{"cells":14,"tunnel":0.027,"land":0.115},"2:Cold desert":{"cells":12,"tunnel":0.023,"land":0.014},"12:Wetland":{"cells":3,"tunnel":0.006,"land":0.044},"10:Tundra":{"cells":2,"tunnel":0.004,"land":0.057}}
stdout | src/generators/underground-measure.dom.test.ts:1240:1 > measures underground alignment variants
FIDELITY-CELLS {"seed":"measure-f","onlyReal":[{"cell":4223,"x":318.5,"y":543.8,"h":17,"roadDist":0},{"cell":4349,"x":315.9,"y":550.6,"h":16,"roadDist":1},{"cell":4348,"x":309.16,"y":551.24,"h":16,"roadDist":2}],"onlyReplica":[{"cell":4221,"x":314.41,"y":537.69,"h":17,"roadDist":0},{"cell":4220,"x":307.75,"y":544.12,"h":26,"roadDist":1}]}
stdout | src/generators/underground-measure.dom.test.ts:1240:1 > measures underground alignment variants
CHAR-ANCHOR {"seed":"measure-f","passUnder":59,"replicaPassUnder":59,"nearMiss":295,"replicaNearMiss":295,"anchorMinDist":0.567,"dDirectness":0.059,"dTunnelH":-0.016,"dCrestHit":0,"dTunnelCells":-1}
stdout | src/generators/underground-measure.dom.test.ts:1240:1 > measures underground alignment variants
AGG {"variant":"baseline-production","seeds":1,"overlap":0.417,"overlapLand":0.386,"waterShare":0.061,"parallel":0.806,"exactEdge":0.106,"alongEdge":0.469,"ms":0,"burgsServed":0.739,"bandByEndpointKind":{"dual":{"shared":75,"band":29,"share":0.387},"fully-subterranean":{"shared":135,"band":34,"share":0.252},"junction":{"shared":91,"band":59,"share":0.648}},"lengthOverlap":0.636,"bandShare":0.372,"medianRoadDistance":0.72,"surfaceOnlyContact":59,"dualIdentityContact":43,"multiRecordCells":82,"surfaceOnlyHubs":5,"dualIdentityHubs":24,"otherHubs":53,"cells":554,"routes":54,"length":5615,"lengthRatio":1,"directness":1.272,"directness125":0.315,"directness150":0.204,"directnessMax":2.554,"directnessRecords":54,"tunnelH":35.8,"corridorH":36.7,"landMeanH":31.1,"tunnelAboveLand":4.7,"tunnelAboveCorridor":-0.9,"crestCrossings":21,"crestHit":0.667,"crestSag":6.4,"passUnder":59,"nearMiss":295,"anchorMinDist":0.567,"tunnelCells":554,"dDirectness":0,"dDirectnessRange":{"min":0,"max":0},"dTunnelH":0,"dTunnelHRange":{"min":0,"max":0},"dCrestHit":0,"dPassUnder":0,"dPassUnderRange":{"min":0,"max":0},"dNearMiss":0,"dOverlap":0,"dParallel":0,"worstOverlapDelta":0,"bestOverlapDelta":0}
stdout | src/generators/underground-measure.dom.test.ts:1240:1 > measures underground alignment variants
AGG {"variant":"replica-production","seeds":1,"overlap":0.418,"overlapLand":0.387,"waterShare":0.058,"parallel":0.806,"exactEdge":0.107,"alongEdge":0.473,"ms":16,"burgsServed":0.739,"bandByEndpointKind":{"dual":{"shared":75,"band":29,"share":0.387},"fully-subterranean":{"shared":135,"band":34,"share":0.252},"junction":{"shared":90,"band":59,"share":0.656}},"lengthOverlap":0.637,"bandShare":0.372,"medianRoadDistance":0.71,"surfaceOnlyContact":59,"dualIdentityContact":43,"multiRecordCells":81,"surfaceOnlyHubs":5,"dualIdentityHubs":24,"otherHubs":52,"cells":553,"routes":54,"length":5603,"lengthRatio":0.998,"directness":1.331,"directness125":0.352,"directness150":0.204,"directnessMax":2.698,"directnessRecords":54,"tunnelH":35.8,"corridorH":36.7,"landMeanH":31.1,"tunnelAboveLand":4.7,"tunnelAboveCorridor":-1,"crestCrossings":21,"crestHit":0.667,"crestSag":6.4,"passUnder":59,"nearMiss":295,"anchorMinDist":0.56,"tunnelCells":553,"dDirectness":0.059,"dDirectnessRange":{"min":0.059,"max":0.059},"dTunnelH":-0.016,"dTunnelHRange":{"min":-0.016,"max":-0.016},"dCrestHit":0,"dPassUnder":0,"dPassUnderRange":{"min":0,"max":0},"dNearMiss":0,"dOverlap":0.001,"dParallel":0.001,"worstOverlapDelta":0.001,"bestOverlapDelta":0}
stdout | src/generators/underground-measure.dom.test.ts:1240:1 > measures underground alignment variants
AGG {"variant":"replica-production-2","seeds":1,"overlap":0.417,"overlapLand":0.386,"waterShare":0.061,"parallel":0.806,"exactEdge":0.106,"alongEdge":0.469,"ms":13,"burgsServed":0.739,"bandByEndpointKind":{"dual":{"shared":75,"band":29,"share":0.387},"fully-subterranean":{"shared":135,"band":34,"share":0.252},"junction":{"shared":91,"band":59,"share":0.648}},"lengthOverlap":0.636,"bandShare":0.372,"medianRoadDistance":0.72,"surfaceOnlyContact":59,"dualIdentityContact":43,"multiRecordCells":82,"surfaceOnlyHubs":5,"dualIdentityHubs":24,"otherHubs":53,"cells":554,"routes":54,"length":5615,"lengthRatio":1,"directness":1.334,"directness125":0.352,"directness150":0.204,"directnessMax":2.698,"directnessRecords":54,"tunnelH":35.8,"corridorH":36.7,"landMeanH":31.1,"tunnelAboveLand":4.7,"tunnelAboveCorridor":-0.9,"crestCrossings":21,"crestHit":0.667,"crestSag":6.4,"passUnder":59,"nearMiss":295,"anchorMinDist":0.56,"tunnelCells":554,"dDirectness":0.062,"dDirectnessRange":{"min":0.062,"max":0.062},"dTunnelH":0,"dTunnelHRange":{"min":0,"max":0},"dCrestHit":0,"dPassUnder":0,"dPassUnderRange":{"min":0,"max":0},"dNearMiss":0,"dOverlap":0,"dParallel":0,"worstOverlapDelta":0,"bestOverlapDelta":0}
 ✓ |chromium| src/generators/underground-measure.dom.test.ts (1 test) 619ms
   ✓ measures underground alignment variants  618ms

 Test Files  1 passed (1)
      Tests  1 passed (1)
   Start at  21:01:38
   Duration  4.45s (transform 0ms, setup 0ms, import 153ms, tests 619ms, environment 0ms)

