npm warn Unknown env config "manage-package-manager-versions". This will error in a future major version of npm. See `npm help npmrc` for supported config options.
npm notice run fantasy-map-generator@1.154.0 npx
npm notice run 'vitest' run --config vitest.browser.config.ts generators/underground-measure.dom.test.ts

 RUN  v4.1.11 /mnt/Mega/TestSpace/Fantasy-Map-Generator

stdout | src/generators/underground-measure.dom.test.ts:1240:1 > measures underground alignment variants
KNOWN-ANSWER pass directness.two-cell directness=1
stdout | src/generators/underground-measure.dom.test.ts:1240:1 > measures underground alignment variants
KNOWN-ANSWER pass directness.L-chain directness=1.414213562373095 expected=1.414213562373095
stdout | src/generators/underground-measure.dom.test.ts:1240:1 > measures underground alignment variants
KNOWN-ANSWER pass crestHit.through crossings=1 hit=1 sag=0
stdout | src/generators/underground-measure.dom.test.ts:1240:1 > measures underground alignment variants
KNOWN-ANSWER pass crestHit.skirt crossings=1 hit=0 sag=70
stdout | src/generators/underground-measure.dom.test.ts:1240:1 > measures underground alignment variants
KNOWN-ANSWER pass nearMiss.beside passUnder=0 nearMiss=3
stdout | src/generators/underground-measure.dom.test.ts:1240:1 > measures underground alignment variants
KNOWN-ANSWER pass passUnder.on passUnder=1 nearMiss=1
stdout | src/generators/underground-measure.dom.test.ts:1240:1 > measures underground alignment variants
KNOWN-ANSWER pass anchorMinDist.on-burg anchorMinDist=0
stdout | src/generators/underground-measure.dom.test.ts:1240:1 > measures underground alignment variants
KNOWN-ANSWER pass waterSpan.bay spans=[3] of chain length 7
stdout | src/generators/underground-measure.dom.test.ts:1240:1 > measures underground alignment variants
KNOWN-ANSWER pass waterSpan.none spans=[]
stdout | src/generators/underground-measure.dom.test.ts:1240:1 > measures underground alignment variants
KNOWN-ANSWER pass biomeShare.single entry={"cells":9,"tunnel":1,"land":1} key=5:Tropical seasonal forest
stdout | src/generators/underground-measure.dom.test.ts:1240:1 > measures underground alignment variants
KNOWN-ANSWER all checks passed
stdout | src/generators/underground-measure.dom.test.ts:1240:1 > measures underground alignment variants
SEED measure-e cells=5892 land=4439 water=1453 burgs=902 subterranean=90 surfaceRoutes=661 {"roads":12,"trails":536,"searoutes":113} surfaceCells=2753 landRouteCells=1923 productionRoutes=57 longest=100
stdout | src/generators/underground-measure.dom.test.ts:1240:1 > measures underground alignment variants
CHAR definitions {"directness":"per record: drawn-path length (points[0],points[1] polyline) over the straight-line distance between the record's own first and last drawn anchor; records shorter than 1 cell-width are dropped","elevProfile":"mean h of the record's land cells (h>=20) against the mean h of the direct-corridor cells, where the corridor is every cell within 1.5 cell-widths of the record's own direct segment (sampled every half cell-width) and the land mean is the whole map's land cells","crestHit":"for records whose direct corridor holds a cell with h>=50 (the crossing set): crestSag is the corridor's highest h minus the record's own highest h, and a hit is a sag of at most 10 — the record came up to the crest instead of bending around it. The sag is the primary reading: a distance radius on the crest cell cannot separate reach from a detour, because the corridor's own width puts the crest near any chain that stays on the line","biomeShare":"share of the record set's distinct land cells in each biome, against that biome's share of all land cells","passUnder":"distinct tunnel cells that are surface-only burg cells (burg with ground-level presence and no below-level presence) — the F7.2 audit definition","nearMiss":"distinct tunnel cells that are not surface-only burg cells but have such a burg cell among their neighbours","anchorMinDist":"per record, the smallest distance (in cell-widths) from any drawn point to any surface-only burg dot; the mean over records is reported"}
stdout | src/generators/underground-measure.dom.test.ts:1240:1 > measures underground alignment variants
CHAR fields seed=measure-e cellWidth=6.363 landMeanH=32.4 surfaceOnlyBurgs=812 landCells=4439
stdout | src/generators/underground-measure.dom.test.ts:1240:1 > measures underground alignment variants
CHAR variants seed=measure-e ["baseline-production","debug-real-noprune","replica-production","replica-production-2"]
stdout | src/generators/underground-measure.dom.test.ts:1240:1 > measures underground alignment variants
ROW {"seed":"measure-e","variant":"baseline-production","ms":0,"routes":57,"cells":610,"length":6083,"overlap":0.439,"overlapLand":0.393,"waterShare":0.048,"parallel":0.801,"exactEdge":0.148,"alongEdge":0.512,"bandShare":0.343,"medianRoadDistance":0.7,"surfaceOnlyContact":79,"dualIdentityContact":45,"multiRecordCells":91,"surfaceOnlyHubs":9,"dualIdentityHubs":27,"otherHubs":55,"bandByEndpointKind":{"dual":{"shared":59,"band":37,"share":0.6271186440677966},"fully-subterranean":{"shared":74,"band":23,"share":0.3108108108108108},"junction":{"shared":225,"band":75,"share":0.3333333333333333}},"histogram":[268,271,55,16],"burgsServed":65,"records":57,"directness":1.364,"directness125":0.357,"directness150":0.196,"directnessMax":3.298,"directnessRecords":56,"tunnelH":36.4,"corridorH":39.2,"landMeanH":32.4,"crestCrossings":31,"crestHit":0.968,"crestSag":2.2,"passUnder":79,"nearMiss":298,"anchorMinDist":0.687,"tunnelCells":610,"corridorCells":693}
stdout | src/generators/underground-measure.dom.test.ts:1240:1 > measures underground alignment variants
ROW {"seed":"measure-e","variant":"debug-real-noprune","ms":20,"routes":57,"cells":610,"length":6083,"overlap":0.439,"overlapLand":0.393,"waterShare":0.048,"parallel":0.801,"exactEdge":0.148,"alongEdge":0.512,"bandShare":0.343,"medianRoadDistance":0.7,"surfaceOnlyContact":79,"dualIdentityContact":45,"multiRecordCells":91,"surfaceOnlyHubs":9,"dualIdentityHubs":27,"otherHubs":55,"bandByEndpointKind":{"dual":{"shared":59,"band":37,"share":0.6271186440677966},"fully-subterranean":{"shared":74,"band":23,"share":0.3108108108108108},"junction":{"shared":225,"band":75,"share":0.3333333333333333}},"histogram":[268,271,55,16],"burgsServed":65,"records":57,"directness":1.442,"directness125":0.509,"directness150":0.228,"directnessMax":3.47,"directnessRecords":57,"tunnelH":36.4,"corridorH":39.2,"landMeanH":32.4,"crestCrossings":30,"crestHit":0.967,"crestSag":2,"passUnder":79,"nearMiss":298,"anchorMinDist":0.685,"tunnelCells":610,"corridorCells":680}
stdout | src/generators/underground-measure.dom.test.ts:1240:1 > measures underground alignment variants
DEBUG replica stages: raw 144 routes/612 cells -> merged 57 routes -> pruned 57 routes/612 cells
stdout | src/generators/underground-measure.dom.test.ts:1240:1 > measures underground alignment variants
ROW {"seed":"measure-e","variant":"replica-production","ms":17,"routes":57,"cells":612,"length":6088,"overlap":0.438,"overlapLand":0.394,"waterShare":0.046,"parallel":0.798,"exactEdge":0.146,"alongEdge":0.51,"bandShare":0.343,"medianRoadDistance":0.71,"surfaceOnlyContact":80,"dualIdentityContact":45,"multiRecordCells":90,"surfaceOnlyHubs":9,"dualIdentityHubs":27,"otherHubs":54,"bandByEndpointKind":{"dual":{"shared":59,"band":37,"share":0.6271186440677966},"fully-subterranean":{"shared":74,"band":23,"share":0.3108108108108108},"junction":{"shared":225,"band":75,"share":0.3333333333333333}},"histogram":[268,272,56,16],"burgsServed":65,"records":57,"directness":1.442,"directness125":0.509,"directness150":0.228,"directnessMax":3.47,"directnessRecords":57,"tunnelH":36.3,"corridorH":39.2,"landMeanH":32.4,"crestCrossings":30,"crestHit":0.967,"crestSag":2,"passUnder":80,"nearMiss":301,"anchorMinDist":0.685,"tunnelCells":612,"corridorCells":680}
stdout | src/generators/underground-measure.dom.test.ts:1240:1 > measures underground alignment variants
ROW {"seed":"measure-e","variant":"replica-production-2","ms":16,"routes":57,"cells":610,"length":6083,"overlap":0.439,"overlapLand":0.393,"waterShare":0.048,"parallel":0.801,"exactEdge":0.148,"alongEdge":0.512,"bandShare":0.343,"medianRoadDistance":0.7,"surfaceOnlyContact":79,"dualIdentityContact":45,"multiRecordCells":91,"surfaceOnlyHubs":9,"dualIdentityHubs":27,"otherHubs":55,"bandByEndpointKind":{"dual":{"shared":59,"band":37,"share":0.6271186440677966},"fully-subterranean":{"shared":74,"band":23,"share":0.3108108108108108},"junction":{"shared":225,"band":75,"share":0.3333333333333333}},"histogram":[268,271,55,16],"burgsServed":65,"records":57,"directness":1.442,"directness125":0.509,"directness150":0.228,"directnessMax":3.47,"directnessRecords":57,"tunnelH":36.4,"corridorH":39.2,"landMeanH":32.4,"crestCrossings":30,"crestHit":0.967,"crestSag":2,"passUnder":79,"nearMiss":298,"anchorMinDist":0.685,"tunnelCells":610,"corridorCells":680}
stdout | src/generators/underground-measure.dom.test.ts:1240:1 > measures underground alignment variants
BIOME {"seed":"measure-e","variant":"baseline-production","6:Temperate deciduous forest":{"cells":136,"tunnel":0.234,"land":0.145},"3:Savanna":{"cells":135,"tunnel":0.232,"land":0.26},"4:Grassland":{"cells":98,"tunnel":0.169,"land":0.147},"5:Tropical seasonal forest":{"cells":67,"tunnel":0.115,"land":0.185},"8:Temperate rainforest":{"cells":52,"tunnel":0.09,"land":0.057},"9:Taiga":{"cells":42,"tunnel":0.072,"land":0.051},"12:Wetland":{"cells":26,"tunnel":0.045,"land":0.057},"7:Tropical rainforest":{"cells":21,"tunnel":0.036,"land":0.049},"1:Hot desert":{"cells":4,"tunnel":0.007,"land":0.026}}
stdout | src/generators/underground-measure.dom.test.ts:1240:1 > measures underground alignment variants
FIDELITY {"seed":"measure-e","variant":"replica-production","productionRoutes":57,"replicaRoutes":57,"productionCells":610,"replicaCells":612,"driftCells":2,"exact":false}
stdout | src/generators/underground-measure.dom.test.ts:1240:1 > measures underground alignment variants
FIDELITY {"seed":"measure-e","variant":"replica-production-2","productionRoutes":57,"replicaRoutes":57,"productionCells":610,"replicaCells":610,"driftCells":0,"exact":true}
stdout | src/generators/underground-measure.dom.test.ts:1240:1 > measures underground alignment variants
CHAR-ANCHOR {"seed":"measure-e","passUnder":79,"replicaPassUnder":80,"nearMiss":298,"replicaNearMiss":301,"anchorMinDist":0.687,"dDirectness":0.079,"dTunnelH":-0.051,"dCrestHit":-0.001,"dTunnelCells":2}
stdout | src/generators/underground-measure.dom.test.ts:1240:1 > measures underground alignment variants
SEED measure-f cells=6478 land=4526 water=1952 burgs=874 subterranean=88 surfaceRoutes=610 {"roads":14,"trails":496,"searoutes":100} surfaceCells=2727 landRouteCells=1843 productionRoutes=54 longest=59
stdout | src/generators/underground-measure.dom.test.ts:1240:1 > measures underground alignment variants
CHAR definitions {"directness":"per record: drawn-path length (points[0],points[1] polyline) over the straight-line distance between the record's own first and last drawn anchor; records shorter than 1 cell-width are dropped","elevProfile":"mean h of the record's land cells (h>=20) against the mean h of the direct-corridor cells, where the corridor is every cell within 1.5 cell-widths of the record's own direct segment (sampled every half cell-width) and the land mean is the whole map's land cells","crestHit":"for records whose direct corridor holds a cell with h>=50 (the crossing set): crestSag is the corridor's highest h minus the record's own highest h, and a hit is a sag of at most 10 — the record came up to the crest instead of bending around it. The sag is the primary reading: a distance radius on the crest cell cannot separate reach from a detour, because the corridor's own width puts the crest near any chain that stays on the line","biomeShare":"share of the record set's distinct land cells in each biome, against that biome's share of all land cells","passUnder":"distinct tunnel cells that are surface-only burg cells (burg with ground-level presence and no below-level presence) — the F7.2 audit definition","nearMiss":"distinct tunnel cells that are not surface-only burg cells but have such a burg cell among their neighbours","anchorMinDist":"per record, the smallest distance (in cell-widths) from any drawn point to any surface-only burg dot; the mean over records is reported"}
stdout | src/generators/underground-measure.dom.test.ts:1240:1 > measures underground alignment variants
CHAR fields seed=measure-f cellWidth=6.349 landMeanH=31.1 surfaceOnlyBurgs=786 landCells=4526
stdout | src/generators/underground-measure.dom.test.ts:1240:1 > measures underground alignment variants
CHAR variants seed=measure-f ["baseline-production","debug-real-noprune","replica-production","replica-production-2"]
stdout | src/generators/underground-measure.dom.test.ts:1240:1 > measures underground alignment variants
ROW {"seed":"measure-f","variant":"baseline-production","ms":0,"routes":54,"cells":554,"length":5615,"overlap":0.417,"overlapLand":0.386,"waterShare":0.061,"parallel":0.806,"exactEdge":0.106,"alongEdge":0.469,"bandShare":0.372,"medianRoadDistance":0.72,"surfaceOnlyContact":59,"dualIdentityContact":43,"multiRecordCells":82,"surfaceOnlyHubs":5,"dualIdentityHubs":24,"otherHubs":53,"bandByEndpointKind":{"dual":{"shared":75,"band":29,"share":0.38666666666666666},"fully-subterranean":{"shared":135,"band":34,"share":0.2518518518518518},"junction":{"shared":91,"band":59,"share":0.6483516483516484}},"histogram":[231,258,56,9],"burgsServed":65,"records":54,"directness":1.272,"directness125":0.315,"directness150":0.204,"directnessMax":2.554,"directnessRecords":54,"tunnelH":35.8,"corridorH":36.7,"landMeanH":31.1,"crestCrossings":21,"crestHit":0.667,"crestSag":6.4,"passUnder":59,"nearMiss":295,"anchorMinDist":0.567,"tunnelCells":554,"corridorCells":742}
stdout | src/generators/underground-measure.dom.test.ts:1240:1 > measures underground alignment variants
ROW {"seed":"measure-f","variant":"debug-real-noprune","ms":16,"routes":54,"cells":554,"length":5615,"overlap":0.417,"overlapLand":0.386,"waterShare":0.061,"parallel":0.806,"exactEdge":0.106,"alongEdge":0.469,"bandShare":0.372,"medianRoadDistance":0.72,"surfaceOnlyContact":59,"dualIdentityContact":43,"multiRecordCells":82,"surfaceOnlyHubs":5,"dualIdentityHubs":24,"otherHubs":53,"bandByEndpointKind":{"dual":{"shared":75,"band":29,"share":0.38666666666666666},"fully-subterranean":{"shared":135,"band":34,"share":0.2518518518518518},"junction":{"shared":91,"band":59,"share":0.6483516483516484}},"histogram":[231,258,56,9],"burgsServed":65,"records":54,"directness":1.334,"directness125":0.352,"directness150":0.204,"directnessMax":2.698,"directnessRecords":54,"tunnelH":35.8,"corridorH":36.7,"landMeanH":31.1,"crestCrossings":21,"crestHit":0.667,"crestSag":6.4,"passUnder":59,"nearMiss":295,"anchorMinDist":0.56,"tunnelCells":554,"corridorCells":739}
stdout | src/generators/underground-measure.dom.test.ts:1240:1 > measures underground alignment variants
DEBUG replica stages: raw 124 routes/553 cells -> merged 54 routes -> pruned 54 routes/553 cells
stdout | src/generators/underground-measure.dom.test.ts:1240:1 > measures underground alignment variants
ROW {"seed":"measure-f","variant":"replica-production","ms":14,"routes":54,"cells":553,"length":5603,"overlap":0.418,"overlapLand":0.387,"waterShare":0.058,"parallel":0.806,"exactEdge":0.107,"alongEdge":0.473,"bandShare":0.372,"medianRoadDistance":0.71,"surfaceOnlyContact":59,"dualIdentityContact":43,"multiRecordCells":81,"surfaceOnlyHubs":5,"dualIdentityHubs":24,"otherHubs":52,"bandByEndpointKind":{"dual":{"shared":75,"band":29,"share":0.38666666666666666},"fully-subterranean":{"shared":135,"band":34,"share":0.2518518518518518},"junction":{"shared":90,"band":59,"share":0.6555555555555556}},"histogram":[231,258,55,9],"burgsServed":65,"records":54,"directness":1.331,"directness125":0.352,"directness150":0.204,"directnessMax":2.698,"directnessRecords":54,"tunnelH":35.8,"corridorH":36.7,"landMeanH":31.1,"crestCrossings":21,"crestHit":0.667,"crestSag":6.4,"passUnder":59,"nearMiss":295,"anchorMinDist":0.56,"tunnelCells":553,"corridorCells":739}
stdout | src/generators/underground-measure.dom.test.ts:1240:1 > measures underground alignment variants
ROW {"seed":"measure-f","variant":"replica-production-2","ms":14,"routes":54,"cells":554,"length":5615,"overlap":0.417,"overlapLand":0.386,"waterShare":0.061,"parallel":0.806,"exactEdge":0.106,"alongEdge":0.469,"bandShare":0.372,"medianRoadDistance":0.72,"surfaceOnlyContact":59,"dualIdentityContact":43,"multiRecordCells":82,"surfaceOnlyHubs":5,"dualIdentityHubs":24,"otherHubs":53,"bandByEndpointKind":{"dual":{"shared":75,"band":29,"share":0.38666666666666666},"fully-subterranean":{"shared":135,"band":34,"share":0.2518518518518518},"junction":{"shared":91,"band":59,"share":0.6483516483516484}},"histogram":[231,258,56,9],"burgsServed":65,"records":54,"directness":1.334,"directness125":0.352,"directness150":0.204,"directnessMax":2.698,"directnessRecords":54,"tunnelH":35.8,"corridorH":36.7,"landMeanH":31.1,"crestCrossings":21,"crestHit":0.667,"crestSag":6.4,"passUnder":59,"nearMiss":295,"anchorMinDist":0.56,"tunnelCells":554,"corridorCells":739}
stdout | src/generators/underground-measure.dom.test.ts:1240:1 > measures underground alignment variants
BIOME {"seed":"measure-f","variant":"baseline-production","6:Temperate deciduous forest":{"cells":157,"tunnel":0.302,"land":0.19},"5:Tropical seasonal forest":{"cells":86,"tunnel":0.165,"land":0.186},"4:Grassland":{"cells":76,"tunnel":0.146,"land":0.099},"3:Savanna":{"cells":73,"tunnel":0.14,"land":0.106},"8:Temperate rainforest":{"cells":53,"tunnel":0.102,"land":0.097},"1:Hot desert":{"cells":23,"tunnel":0.044,"land":0.014},"7:Tropical rainforest":{"cells":21,"tunnel":0.04,"land":0.036},"9:Taiga":{"cells":14,"tunnel":0.027,"land":0.115},"2:Cold desert":{"cells":12,"tunnel":0.023,"land":0.014},"12:Wetland":{"cells":3,"tunnel":0.006,"land":0.044},"10:Tundra":{"cells":2,"tunnel":0.004,"land":0.057}}
stdout | src/generators/underground-measure.dom.test.ts:1240:1 > measures underground alignment variants
FIDELITY {"seed":"measure-f","variant":"replica-production","productionRoutes":54,"replicaRoutes":54,"productionCells":554,"replicaCells":553,"driftCells":-1,"exact":false}
stdout | src/generators/underground-measure.dom.test.ts:1240:1 > measures underground alignment variants
FIDELITY {"seed":"measure-f","variant":"replica-production-2","productionRoutes":54,"replicaRoutes":54,"productionCells":554,"replicaCells":554,"driftCells":0,"exact":true}
stdout | src/generators/underground-measure.dom.test.ts:1240:1 > measures underground alignment variants
CHAR-ANCHOR {"seed":"measure-f","passUnder":59,"replicaPassUnder":59,"nearMiss":295,"replicaNearMiss":295,"anchorMinDist":0.567,"dDirectness":0.059,"dTunnelH":-0.016,"dCrestHit":0,"dTunnelCells":-1}
stdout | src/generators/underground-measure.dom.test.ts:1240:1 > measures underground alignment variants
AGG {"variant":"baseline-production","seeds":2,"overlap":0.428,"overlapLand":0.39,"waterShare":0.054,"parallel":0.803,"exactEdge":0.127,"alongEdge":0.491,"ms":0,"burgsServed":0.73,"bandByEndpointKind":{"dual":{"shared":134,"band":66,"share":0.493},"fully-subterranean":{"shared":209,"band":57,"share":0.273},"junction":{"shared":316,"band":134,"share":0.424}},"lengthOverlap":0.635,"bandShare":0.358,"medianRoadDistance":0.71,"surfaceOnlyContact":69,"dualIdentityContact":44,"multiRecordCells":86.5,"surfaceOnlyHubs":7,"dualIdentityHubs":25.5,"otherHubs":54,"cells":582,"routes":56,"length":5849,"lengthRatio":1,"directness":1.318,"directness125":0.336,"directness150":0.2,"directnessMax":3.298,"directnessRecords":55,"tunnelH":36.1,"corridorH":37.9,"landMeanH":31.7,"tunnelAboveLand":4.3,"tunnelAboveCorridor":-1.9,"crestCrossings":26,"crestHit":0.817,"crestSag":4.3,"passUnder":69,"nearMiss":296.5,"anchorMinDist":0.627,"tunnelCells":582,"dDirectness":0,"dDirectnessRange":{"min":0,"max":0},"dTunnelH":0,"dTunnelHRange":{"min":0,"max":0},"dCrestHit":0,"dPassUnder":0,"dPassUnderRange":{"min":0,"max":0},"dNearMiss":0,"dOverlap":0,"dParallel":0,"worstOverlapDelta":0,"bestOverlapDelta":0}
stdout | src/generators/underground-measure.dom.test.ts:1240:1 > measures underground alignment variants
AGG {"variant":"debug-real-noprune","seeds":2,"overlap":0.428,"overlapLand":0.39,"waterShare":0.054,"parallel":0.803,"exactEdge":0.127,"alongEdge":0.491,"ms":18,"burgsServed":0.73,"bandByEndpointKind":{"dual":{"shared":134,"band":66,"share":0.493},"fully-subterranean":{"shared":209,"band":57,"share":0.273},"junction":{"shared":316,"band":134,"share":0.424}},"lengthOverlap":0.635,"bandShare":0.358,"medianRoadDistance":0.71,"surfaceOnlyContact":69,"dualIdentityContact":44,"multiRecordCells":86.5,"surfaceOnlyHubs":7,"dualIdentityHubs":25.5,"otherHubs":54,"cells":582,"routes":56,"length":5849,"lengthRatio":1,"directness":1.388,"directness125":0.43,"directness150":0.216,"directnessMax":3.47,"directnessRecords":56,"tunnelH":36.1,"corridorH":38,"landMeanH":31.7,"tunnelAboveLand":4.3,"tunnelAboveCorridor":-1.9,"crestCrossings":26,"crestHit":0.817,"crestSag":4.2,"passUnder":69,"nearMiss":296.5,"anchorMinDist":0.622,"tunnelCells":582,"dDirectness":0.07,"dDirectnessRange":{"min":0.062,"max":0.078},"dTunnelH":0,"dTunnelHRange":{"min":0,"max":0},"dCrestHit":-0.001,"dPassUnder":0,"dPassUnderRange":{"min":0,"max":0},"dNearMiss":0,"dOverlap":0,"dParallel":0,"worstOverlapDelta":0,"bestOverlapDelta":0}
stdout | src/generators/underground-measure.dom.test.ts:1240:1 > measures underground alignment variants
AGG {"variant":"replica-production","seeds":2,"overlap":0.428,"overlapLand":0.39,"waterShare":0.052,"parallel":0.802,"exactEdge":0.126,"alongEdge":0.491,"ms":16,"burgsServed":0.73,"bandByEndpointKind":{"dual":{"shared":134,"band":66,"share":0.493},"fully-subterranean":{"shared":209,"band":57,"share":0.273},"junction":{"shared":315,"band":134,"share":0.425}},"lengthOverlap":0.635,"bandShare":0.358,"medianRoadDistance":0.71,"surfaceOnlyContact":69.5,"dualIdentityContact":44,"multiRecordCells":85.5,"surfaceOnlyHubs":7,"dualIdentityHubs":25.5,"otherHubs":53,"cells":583,"routes":56,"length":5846,"lengthRatio":0.999,"directness":1.387,"directness125":0.43,"directness150":0.216,"directnessMax":3.47,"directnessRecords":56,"tunnelH":36,"corridorH":38,"landMeanH":31.7,"tunnelAboveLand":4.3,"tunnelAboveCorridor":-1.9,"crestCrossings":26,"crestHit":0.817,"crestSag":4.2,"passUnder":69.5,"nearMiss":298,"anchorMinDist":0.622,"tunnelCells":583,"dDirectness":0.069,"dDirectnessRange":{"min":0.059,"max":0.079},"dTunnelH":-0.033,"dTunnelHRange":{"min":-0.051,"max":-0.016},"dCrestHit":-0.001,"dPassUnder":0.5,"dPassUnderRange":{"min":0,"max":1},"dNearMiss":1.5,"dOverlap":0,"dParallel":-0.001,"worstOverlapDelta":0.001,"bestOverlapDelta":-0.001}
stdout | src/generators/underground-measure.dom.test.ts:1240:1 > measures underground alignment variants
AGG {"variant":"replica-production-2","seeds":2,"overlap":0.428,"overlapLand":0.39,"waterShare":0.054,"parallel":0.803,"exactEdge":0.127,"alongEdge":0.491,"ms":15,"burgsServed":0.73,"bandByEndpointKind":{"dual":{"shared":134,"band":66,"share":0.493},"fully-subterranean":{"shared":209,"band":57,"share":0.273},"junction":{"shared":316,"band":134,"share":0.424}},"lengthOverlap":0.635,"bandShare":0.358,"medianRoadDistance":0.71,"surfaceOnlyContact":69,"dualIdentityContact":44,"multiRecordCells":86.5,"surfaceOnlyHubs":7,"dualIdentityHubs":25.5,"otherHubs":54,"cells":582,"routes":56,"length":5849,"lengthRatio":1,"directness":1.388,"directness125":0.43,"directness150":0.216,"directnessMax":3.47,"directnessRecords":56,"tunnelH":36.1,"corridorH":38,"landMeanH":31.7,"tunnelAboveLand":4.3,"tunnelAboveCorridor":-1.9,"crestCrossings":26,"crestHit":0.817,"crestSag":4.2,"passUnder":69,"nearMiss":296.5,"anchorMinDist":0.622,"tunnelCells":582,"dDirectness":0.07,"dDirectnessRange":{"min":0.062,"max":0.078},"dTunnelH":0,"dTunnelHRange":{"min":0,"max":0},"dCrestHit":-0.001,"dPassUnder":0,"dPassUnderRange":{"min":0,"max":0},"dNearMiss":0,"dOverlap":0,"dParallel":0,"worstOverlapDelta":0,"bestOverlapDelta":0}
 ✓ |chromium| src/generators/underground-measure.dom.test.ts (1 test) 1242ms
   ✓ measures underground alignment variants  1241ms

 Test Files  1 passed (1)
      Tests  1 passed (1)
   Start at  21:02:44
   Duration  5.05s (transform 0ms, setup 0ms, import 130ms, tests 1.24s, environment 0ms)

