npm warn Unknown env config "manage-package-manager-versions". This will error in a future major version of npm. See `npm help npmrc` for supported config options.
npm notice run fantasy-map-generator@1.154.0 npx
npm notice run 'vitest' run --config vitest.browser.config.ts generators/underground-measure.dom.test.ts

 RUN  v4.1.11 /mnt/Mega/TestSpace/Fantasy-Map-Generator

stdout | src/generators/underground-measure.dom.test.ts:1240:1 > measures underground alignment variants
KNOWN-ANSWER pass directness.two-cell directness=1
stdout | src/generators/underground-measure.dom.test.ts:1240:1 > measures underground alignment variants
KNOWN-ANSWER pass directness.L-chain directness=1.414213562373095 expected=1.414213562373095
stdout | src/generators/underground-measure.dom.test.ts:1240:1 > measures underground alignment variants
KNOWN-ANSWER pass crestHit.through crossings=1 hit=1 sag=0
stdout | src/generators/underground-measure.dom.test.ts:1240:1 > measures underground alignment variants
KNOWN-ANSWER pass crestHit.skirt crossings=1 hit=0 sag=70
stdout | src/generators/underground-measure.dom.test.ts:1240:1 > measures underground alignment variants
KNOWN-ANSWER pass nearMiss.beside passUnder=0 nearMiss=3
stdout | src/generators/underground-measure.dom.test.ts:1240:1 > measures underground alignment variants
KNOWN-ANSWER pass passUnder.on passUnder=1 nearMiss=1
stdout | src/generators/underground-measure.dom.test.ts:1240:1 > measures underground alignment variants
KNOWN-ANSWER pass anchorMinDist.on-burg anchorMinDist=0
stdout | src/generators/underground-measure.dom.test.ts:1240:1 > measures underground alignment variants
KNOWN-ANSWER pass waterSpan.bay spans=[3] of chain length 7
stdout | src/generators/underground-measure.dom.test.ts:1240:1 > measures underground alignment variants
KNOWN-ANSWER pass waterSpan.none spans=[]
stdout | src/generators/underground-measure.dom.test.ts:1240:1 > measures underground alignment variants
KNOWN-ANSWER pass biomeShare.single entry={"cells":9,"tunnel":1,"land":1} key=5:Tropical seasonal forest
stdout | src/generators/underground-measure.dom.test.ts:1240:1 > measures underground alignment variants
KNOWN-ANSWER all checks passed
stdout | src/generators/underground-measure.dom.test.ts:1240:1 > measures underground alignment variants
SEED measure-e cells=5892 land=4439 water=1453 burgs=902 subterranean=90 surfaceRoutes=661 {"roads":12,"trails":536,"searoutes":113} surfaceCells=2753 landRouteCells=1923 productionRoutes=57 longest=100
stdout | src/generators/underground-measure.dom.test.ts:1240:1 > measures underground alignment variants
CHAR definitions {"directness":"per record: drawn-path length (points[0],points[1] polyline) over the straight-line distance between the record's own first and last drawn anchor; records shorter than 1 cell-width are dropped","elevProfile":"mean h of the record's land cells (h>=20) against the mean h of the direct-corridor cells, where the corridor is every cell within 1.5 cell-widths of the record's own direct segment (sampled every half cell-width) and the land mean is the whole map's land cells","crestHit":"for records whose direct corridor holds a cell with h>=50 (the crossing set): crestSag is the corridor's highest h minus the record's own highest h, and a hit is a sag of at most 10 — the record came up to the crest instead of bending around it. The sag is the primary reading: a distance radius on the crest cell cannot separate reach from a detour, because the corridor's own width puts the crest near any chain that stays on the line","biomeShare":"share of the record set's distinct land cells in each biome, against that biome's share of all land cells","passUnder":"distinct tunnel cells that are surface-only burg cells (burg with ground-level presence and no below-level presence) — the F7.2 audit definition","nearMiss":"distinct tunnel cells that are not surface-only burg cells but have such a burg cell among their neighbours","anchorMinDist":"per record, the smallest distance (in cell-widths) from any drawn point to any surface-only burg dot; the mean over records is reported"}
stdout | src/generators/underground-measure.dom.test.ts:1240:1 > measures underground alignment variants
CHAR fields seed=measure-e cellWidth=6.363 landMeanH=32.4 surfaceOnlyBurgs=812 landCells=4439
stdout | src/generators/underground-measure.dom.test.ts:1240:1 > measures underground alignment variants
FIDELITY {"seed":"measure-e","productionRoutes":57,"pairs":101,"pairMisses":26,"pairExtra":70,"realEnds":57}
stdout | src/generators/underground-measure.dom.test.ts:1240:1 > measures underground alignment variants
CHAR variants seed=measure-e ["baseline-production","replica-production","replica-production-2"]
stdout | src/generators/underground-measure.dom.test.ts:1240:1 > measures underground alignment variants
ROW {"seed":"measure-e","variant":"baseline-production","ms":0,"routes":57,"cells":610,"length":6083,"overlap":0.439,"overlapLand":0.393,"waterShare":0.048,"parallel":0.801,"exactEdge":0.148,"alongEdge":0.512,"bandShare":0.343,"medianRoadDistance":0.7,"surfaceOnlyContact":79,"dualIdentityContact":45,"multiRecordCells":91,"surfaceOnlyHubs":9,"dualIdentityHubs":27,"otherHubs":55,"bandByEndpointKind":{"dual":{"shared":59,"band":37,"share":0.6271186440677966},"fully-subterranean":{"shared":74,"band":23,"share":0.3108108108108108},"junction":{"shared":225,"band":75,"share":0.3333333333333333}},"histogram":[268,271,55,16],"burgsServed":65,"records":57,"directness":1.364,"directness125":0.357,"directness150":0.196,"directnessMax":3.298,"directnessRecords":56,"tunnelH":36.4,"corridorH":39.2,"landMeanH":32.4,"crestCrossings":31,"crestHit":0.968,"crestSag":2.2,"passUnder":79,"nearMiss":298,"anchorMinDist":0.687,"tunnelCells":610,"corridorCells":693}
stdout | src/generators/underground-measure.dom.test.ts:1240:1 > measures underground alignment variants
DEBUG replica stages: raw 144 routes/612 cells -> merged 57 routes -> pruned 57 routes/612 cells
stdout | src/generators/underground-measure.dom.test.ts:1240:1 > measures underground alignment variants
ROW {"seed":"measure-e","variant":"replica-production","ms":19,"routes":57,"cells":612,"length":6088,"overlap":0.438,"overlapLand":0.394,"waterShare":0.046,"parallel":0.798,"exactEdge":0.146,"alongEdge":0.51,"bandShare":0.343,"medianRoadDistance":0.71,"surfaceOnlyContact":80,"dualIdentityContact":45,"multiRecordCells":90,"surfaceOnlyHubs":9,"dualIdentityHubs":27,"otherHubs":54,"bandByEndpointKind":{"dual":{"shared":59,"band":37,"share":0.6271186440677966},"fully-subterranean":{"shared":74,"band":23,"share":0.3108108108108108},"junction":{"shared":225,"band":75,"share":0.3333333333333333}},"histogram":[268,272,56,16],"burgsServed":65,"records":57,"directness":1.442,"directness125":0.509,"directness150":0.228,"directnessMax":3.47,"directnessRecords":57,"tunnelH":36.3,"corridorH":39.2,"landMeanH":32.4,"crestCrossings":30,"crestHit":0.967,"crestSag":2,"passUnder":80,"nearMiss":301,"anchorMinDist":0.685,"tunnelCells":612,"corridorCells":680}
stdout | src/generators/underground-measure.dom.test.ts:1240:1 > measures underground alignment variants
ROW {"seed":"measure-e","variant":"replica-production-2","ms":16,"routes":57,"cells":610,"length":6083,"overlap":0.439,"overlapLand":0.393,"waterShare":0.048,"parallel":0.801,"exactEdge":0.148,"alongEdge":0.512,"bandShare":0.343,"medianRoadDistance":0.7,"surfaceOnlyContact":79,"dualIdentityContact":45,"multiRecordCells":91,"surfaceOnlyHubs":9,"dualIdentityHubs":27,"otherHubs":55,"bandByEndpointKind":{"dual":{"shared":59,"band":37,"share":0.6271186440677966},"fully-subterranean":{"shared":74,"band":23,"share":0.3108108108108108},"junction":{"shared":225,"band":75,"share":0.3333333333333333}},"histogram":[268,271,55,16],"burgsServed":65,"records":57,"directness":1.442,"directness125":0.509,"directness150":0.228,"directnessMax":3.47,"directnessRecords":57,"tunnelH":36.4,"corridorH":39.2,"landMeanH":32.4,"crestCrossings":30,"crestHit":0.967,"crestSag":2,"passUnder":79,"nearMiss":298,"anchorMinDist":0.685,"tunnelCells":610,"corridorCells":680}
stdout | src/generators/underground-measure.dom.test.ts:1240:1 > measures underground alignment variants
BIOME {"seed":"measure-e","variant":"baseline-production","6:Temperate deciduous forest":{"cells":136,"tunnel":0.234,"land":0.145},"3:Savanna":{"cells":135,"tunnel":0.232,"land":0.26},"4:Grassland":{"cells":98,"tunnel":0.169,"land":0.147},"5:Tropical seasonal forest":{"cells":67,"tunnel":0.115,"land":0.185},"8:Temperate rainforest":{"cells":52,"tunnel":0.09,"land":0.057},"9:Taiga":{"cells":42,"tunnel":0.072,"land":0.051},"12:Wetland":{"cells":26,"tunnel":0.045,"land":0.057},"7:Tropical rainforest":{"cells":21,"tunnel":0.036,"land":0.049},"1:Hot desert":{"cells":4,"tunnel":0.007,"land":0.026}}
stdout | src/generators/underground-measure.dom.test.ts:1240:1 > measures underground alignment variants
FIDELITY-CELLS {"seed":"measure-e","onlyReal":[{"cell":1338,"x":780.01,"y":278.93,"h":24,"roadDist":1},{"cell":1339,"x":790.45,"y":275.78,"h":11,"roadDist":0},{"cell":1340,"x":798.5,"y":274.9,"h":11,"roadDist":1},{"cell":1341,"x":806.6,"y":273.95,"h":15,"roadDist":1},{"cell":1234,"x":812.7,"y":273,"h":18,"roadDist":0},{"cell":1233,"x":818.81,"y":272.08,"h":18,"roadDist":0},{"cell":1235,"x":828.52,"y":270.74,"h":17,"roadDist":0},{"cell":1129,"x":830.8,"y":265,"h":18,"roadDist":0}],"onlyReplica":[{"cell":1444,"x":782.28,"y":290.79,"h":22,"roadDist":0},{"cell":1449,"x":791.9,"y":292.1,"h":15,"roadDist":0},{"cell":1448,"x":799.2,"y":289.5,"h":15,"roadDist":1},{"cell":1447,"x":801.1,"y":285.4,"h":15,"roadDist":0},{"cell":1450,"x":808.51,"y":286.5,"h":18,"roadDist":0},{"cell":1345,"x":815.2,"y":285,"h":20,"roadDist":1},{"cell":1346,"x":821.8,"y":282.1,"h":20,"roadDist":2},{"cell":1348,"x":824.6,"y":281.2,"h":22,"roadDist":1},{"cell":1237,"x":833.2,"y":274.7,"h":17,"roadDist":1},{"cell":1236,"x":835.1,"y":271.5,"h":17,"roadDist":0}]}
stdout | src/generators/underground-measure.dom.test.ts:1240:1 > measures underground alignment variants
CHAR-ANCHOR {"seed":"measure-e","passUnder":79,"replicaPassUnder":80,"nearMiss":298,"replicaNearMiss":301,"anchorMinDist":0.687,"dDirectness":0.079,"dTunnelH":-0.051,"dCrestHit":-0.001,"dTunnelCells":2}
stdout | src/generators/underground-measure.dom.test.ts:1240:1 > measures underground alignment variants
AGG {"variant":"baseline-production","seeds":1,"overlap":0.439,"overlapLand":0.393,"waterShare":0.048,"parallel":0.801,"exactEdge":0.148,"alongEdge":0.512,"ms":0,"burgsServed":0.722,"bandByEndpointKind":{"dual":{"shared":59,"band":37,"share":0.627},"fully-subterranean":{"shared":74,"band":23,"share":0.311},"junction":{"shared":225,"band":75,"share":0.333}},"lengthOverlap":0.633,"bandShare":0.343,"medianRoadDistance":0.7,"surfaceOnlyContact":79,"dualIdentityContact":45,"multiRecordCells":91,"surfaceOnlyHubs":9,"dualIdentityHubs":27,"otherHubs":55,"cells":610,"routes":57,"length":6083,"lengthRatio":1,"directness":1.364,"directness125":0.357,"directness150":0.196,"directnessMax":3.298,"directnessRecords":56,"tunnelH":36.4,"corridorH":39.2,"landMeanH":32.4,"tunnelAboveLand":3.9,"tunnelAboveCorridor":-2.8,"crestCrossings":31,"crestHit":0.968,"crestSag":2.2,"passUnder":79,"nearMiss":298,"anchorMinDist":0.687,"tunnelCells":610,"dDirectness":0,"dDirectnessRange":{"min":0,"max":0},"dTunnelH":0,"dTunnelHRange":{"min":0,"max":0},"dCrestHit":0,"dPassUnder":0,"dPassUnderRange":{"min":0,"max":0},"dNearMiss":0,"dOverlap":0,"dParallel":0,"worstOverlapDelta":0,"bestOverlapDelta":0}
stdout | src/generators/underground-measure.dom.test.ts:1240:1 > measures underground alignment variants
AGG {"variant":"replica-production","seeds":1,"overlap":0.438,"overlapLand":0.394,"waterShare":0.046,"parallel":0.798,"exactEdge":0.146,"alongEdge":0.51,"ms":19,"burgsServed":0.722,"bandByEndpointKind":{"dual":{"shared":59,"band":37,"share":0.627},"fully-subterranean":{"shared":74,"band":23,"share":0.311},"junction":{"shared":225,"band":75,"share":0.333}},"lengthOverlap":0.632,"bandShare":0.343,"medianRoadDistance":0.71,"surfaceOnlyContact":80,"dualIdentityContact":45,"multiRecordCells":90,"surfaceOnlyHubs":9,"dualIdentityHubs":27,"otherHubs":54,"cells":612,"routes":57,"length":6088,"lengthRatio":1.001,"directness":1.442,"directness125":0.509,"directness150":0.228,"directnessMax":3.47,"directnessRecords":57,"tunnelH":36.3,"corridorH":39.2,"landMeanH":32.4,"tunnelAboveLand":3.9,"tunnelAboveCorridor":-2.9,"crestCrossings":30,"crestHit":0.967,"crestSag":2,"passUnder":80,"nearMiss":301,"anchorMinDist":0.685,"tunnelCells":612,"dDirectness":0.079,"dDirectnessRange":{"min":0.079,"max":0.079},"dTunnelH":-0.051,"dTunnelHRange":{"min":-0.051,"max":-0.051},"dCrestHit":-0.001,"dPassUnder":1,"dPassUnderRange":{"min":1,"max":1},"dNearMiss":3,"dOverlap":-0.001,"dParallel":-0.003,"worstOverlapDelta":0,"bestOverlapDelta":-0.001}
stdout | src/generators/underground-measure.dom.test.ts:1240:1 > measures underground alignment variants
AGG {"variant":"replica-production-2","seeds":1,"overlap":0.439,"overlapLand":0.393,"waterShare":0.048,"parallel":0.801,"exactEdge":0.148,"alongEdge":0.512,"ms":16,"burgsServed":0.722,"bandByEndpointKind":{"dual":{"shared":59,"band":37,"share":0.627},"fully-subterranean":{"shared":74,"band":23,"share":0.311},"junction":{"shared":225,"band":75,"share":0.333}},"lengthOverlap":0.633,"bandShare":0.343,"medianRoadDistance":0.7,"surfaceOnlyContact":79,"dualIdentityContact":45,"multiRecordCells":91,"surfaceOnlyHubs":9,"dualIdentityHubs":27,"otherHubs":55,"cells":610,"routes":57,"length":6083,"lengthRatio":1,"directness":1.442,"directness125":0.509,"directness150":0.228,"directnessMax":3.47,"directnessRecords":57,"tunnelH":36.4,"corridorH":39.2,"landMeanH":32.4,"tunnelAboveLand":3.9,"tunnelAboveCorridor":-2.9,"crestCrossings":30,"crestHit":0.967,"crestSag":2,"passUnder":79,"nearMiss":298,"anchorMinDist":0.685,"tunnelCells":610,"dDirectness":0.078,"dDirectnessRange":{"min":0.078,"max":0.078},"dTunnelH":0,"dTunnelHRange":{"min":0,"max":0},"dCrestHit":-0.001,"dPassUnder":0,"dPassUnderRange":{"min":0,"max":0},"dNearMiss":0,"dOverlap":0,"dParallel":0,"worstOverlapDelta":0,"bestOverlapDelta":0}
 ✓ |chromium| src/generators/underground-measure.dom.test.ts (1 test) 653ms
   ✓ measures underground alignment variants  653ms

 Test Files  1 passed (1)
      Tests  1 passed (1)
   Start at  21:01:33
   Duration  4.55s (transform 0ms, setup 0ms, import 154ms, tests 653ms, environment 0ms)

