npm warn Unknown env config "manage-package-manager-versions". This will error in a future major version of npm. See `npm help npmrc` for supported config options.
npm notice run fantasy-map-generator@1.154.0 npx
npm notice run 'vitest' run --config vitest.browser.config.ts generators/underground-measure.dom.test.ts

 RUN  v4.1.11 /mnt/Mega/TestSpace/Fantasy-Map-Generator

stdout | src/generators/underground-measure.dom.test.ts:1124:1 > measures underground alignment variants
KNOWN-ANSWER pass directness.two-cell directness=1
stdout | src/generators/underground-measure.dom.test.ts:1124:1 > measures underground alignment variants
KNOWN-ANSWER pass directness.L-chain directness=1.414213562373095 expected=1.414213562373095
stdout | src/generators/underground-measure.dom.test.ts:1124:1 > measures underground alignment variants
KNOWN-ANSWER pass crestHit.through crossings=1 hit=1 sag=0
stdout | src/generators/underground-measure.dom.test.ts:1124:1 > measures underground alignment variants
KNOWN-ANSWER FAIL crestHit.skirt crossings=0 hit=0 sag=0
stdout | src/generators/underground-measure.dom.test.ts:1124:1 > measures underground alignment variants
KNOWN-ANSWER pass nearMiss.beside passUnder=0 nearMiss=3
stdout | src/generators/underground-measure.dom.test.ts:1124:1 > measures underground alignment variants
KNOWN-ANSWER pass passUnder.on passUnder=1 nearMiss=1
stdout | src/generators/underground-measure.dom.test.ts:1124:1 > measures underground alignment variants
KNOWN-ANSWER pass anchorMinDist.on-burg anchorMinDist=0
stdout | src/generators/underground-measure.dom.test.ts:1124:1 > measures underground alignment variants
KNOWN-ANSWER pass waterSpan.bay spans=[3] of chain length 7
stdout | src/generators/underground-measure.dom.test.ts:1124:1 > measures underground alignment variants
KNOWN-ANSWER pass waterSpan.none spans=[]
stdout | src/generators/underground-measure.dom.test.ts:1124:1 > measures underground alignment variants
KNOWN-ANSWER pass biomeShare.single entry={"cells":9,"tunnel":1,"land":1} key=5:Tropical seasonal forest
 ❯ |chromium| src/generators/underground-measure.dom.test.ts (1 test | 1 failed) 4ms
   × measures underground alignment variants 3ms

⎯⎯⎯⎯⎯⎯⎯ Failed Tests 1 ⎯⎯⎯⎯⎯⎯⎯

 FAIL  |chromium| src/generators/underground-measure.dom.test.ts:1124:1 > measures underground alignment variants
Error: known-answer checks failed: crestHit.skirt: crossings=0 hit=0 sag=0
 ❯ knownAnswerChecks src/generators/underground-measure.dom.test.ts:1120:29
    1118|   }
    1119|
    1120|   if (failures.length) throw new Error(`known-answer checks failed: ${…
       |                             ^
    1121|   console.log("KNOWN-ANSWER all checks passed");
    1122| }
 ❯ src/generators/underground-measure.dom.test.ts:1132:2

⎯⎯⎯⎯⎯⎯⎯⎯⎯⎯⎯⎯⎯⎯⎯⎯⎯⎯⎯⎯⎯⎯⎯⎯[1/1]⎯


 Test Files  1 failed (1)
      Tests  1 failed (1)
   Start at  20:50:01
   Duration  25.47s (transform 0ms, setup 0ms, import 113ms, tests 4ms, environment 0ms)

