npm warn Unknown env config "manage-package-manager-versions". This will error in a future major version of npm. See `npm help npmrc` for supported config options.
npm notice run fantasy-map-generator@1.154.0 npx
npm notice run 'vitest' run --config vitest.browser.config.ts generators/underground-measure.dom.test.ts

 RUN  v4.1.11 /mnt/Mega/TestSpace/Fantasy-Map-Generator

stdout | src/generators/underground-measure.dom.test.ts:1123:1 > measures underground alignment variants
KNOWN-ANSWER pass directness.two-cell directness=1
stdout | src/generators/underground-measure.dom.test.ts:1123:1 > measures underground alignment variants
KNOWN-ANSWER pass directness.L-chain directness=1.414213562373095 expected=1.414213562373095
 ❯ |chromium| src/generators/underground-measure.dom.test.ts (1 test | 1 failed) 3ms
   × measures underground alignment variants 3ms

⎯⎯⎯⎯⎯⎯⎯ Failed Tests 1 ⎯⎯⎯⎯⎯⎯⎯

 FAIL  |chromium| src/generators/underground-measure.dom.test.ts:1123:1 > measures underground alignment variants
TypeError: points[cell] is not iterable
 ❯ src/generators/underground-measure.dom.test.ts:1034:41
    1032|
    1033|   const cellRoute = (cells: number[], points: number[][]): CellRoute =…
    1034|     points: cells.map(cell => [...points[cell], cell]),
       |                                         ^
    1035|     underground: true
    1036|   });
 ❯ cellRoute src/generators/underground-measure.dom.test.ts:1034:18
 ❯ knownAnswerChecks src/generators/underground-measure.dom.test.ts:1077:44
 ❯ src/generators/underground-measure.dom.test.ts:1131:2

⎯⎯⎯⎯⎯⎯⎯⎯⎯⎯⎯⎯⎯⎯⎯⎯⎯⎯⎯⎯⎯⎯⎯⎯[1/1]⎯


 Test Files  1 failed (1)
      Tests  1 failed (1)
   Start at  20:55:22
   Duration  6.34s (transform 0ms, setup 0ms, import 140ms, tests 3ms, environment 0ms)

