npm warn Unknown env config "manage-package-manager-versions". This will error in a future major version of npm. See `npm help npmrc` for supported config options.
npm notice run fantasy-map-generator@1.154.0 npx
npm notice run 'vitest' run --config vitest.browser.config.ts generators/tunnels-ignore-surface-terrain.dom.test.ts

 RUN  v4.1.11 /mnt/Mega/TestSpace/Fantasy-Map-Generator

stdout | src/generators/tunnels-ignore-surface-terrain.dom.test.ts:387:1 > measures the tunnel terrain rules on the eight-seed protocol
PAIRS {"seed":"measure-a","pairs":["1613-1614","1088-1183","1116-1314","1622-1867","4645-4992","4520-4759","1116-812","2010-1896","1308-1417","4759-5081","1417-1314","1188-1088","4878-5081","4970-5335","5421-4974","1896-1314","4645-4878","5346-5081","5346-5421","3989-4427","1308-900","5601-5081","1188-1403","4645-3989","1622-1614","900-1403","5421-5883","3118-1867","4520-3118","1613-2971","4970-4974","1622-1183","3810-3921","3694-3567","3430-3428","3810-3567","4940-5320","4940-4367","3694-3192","4940-4934","3332-3202","5307-4934","4460-4934","4040-4485","1040-1334","4040-4367","4460-3921","3430-3921","3192-3202","1334-3428","3788-4012","5371-5284","4550-4665","5284-5101","5374-5371","4665-5101","5374-5379","1622-1286","4970-2971","2970-2840","5421-5335","4035-3694","3928-4040","2050-2052","1580-1253","1692-1054","1040-935"]}
stdout | src/generators/tunnels-ignore-surface-terrain.dom.test.ts:387:1 > measures the tunnel terrain rules on the eight-seed protocol
GLACIER-DETAIL {"seed":"measure-a","corridors":60,"corridorGlacierPairs":1,"corridorGlacierCells":6,"pathMaxGapSum":33,"pathMaxGapMax":21}
stdout | src/generators/tunnels-ignore-surface-terrain.dom.test.ts:387:1 > measures the tunnel terrain rules on the eight-seed protocol
BOUND-DETAIL {"seed":"measure-a","water":1702,"histogram":{"-3":49,"-2":599,"-1":1054},"candidateSteps":7800,"boundBlocked":274,"boundBlockedFromTunnel":226}
stdout | src/generators/tunnels-ignore-surface-terrain.dom.test.ts:387:1 > measures the tunnel terrain rules on the eight-seed protocol
ROW {"seed":"measure-a","ms":695,"records":60,"cells":422,"length":3951,"directness":1.134,"directnessMax":1.619,"directnessRecords":60,"shadowing":7,"same":4,"viaBurg":3,"surfaceRecords":573,"surfaceCells":5822,"surfaceChecksum":394618,"glacierPairs":1,"glacierCellPairs":0.1,"pathMaxGapSum":33,"pathMaxGapMax":21,"boundBlocked":274,"boundBlockedFromTunnel":226,"waterCells":1702,"pairs":67,"junctions":95,"termini":25,"serviceViolations":0,"boundaryViolations":0,"repairs":0,"deepBurgs":44,"deepOwed":44,"deepUncovered":0,"surfaceIdentical":true}
stdout | src/generators/tunnels-ignore-surface-terrain.dom.test.ts:387:1 > measures the tunnel terrain rules on the eight-seed protocol
PAIRS {"seed":"measure-b","pairs":["2690-2803","4643-4646","4075-3951","2997-2889","980-1057","4814-4813","3014-3016","2910-3016","4075-3949","3327-3101","4550-4552","2440-2676","1080-1355","2440-2203","4407-4287","1057-1137","1806-1809","1267-1270","1809-2312","5183-4814","3401-3949","2676-3014","2910-2803","1662-1355","996-913","3101-2421","996-1355","1270-2036","2312-2440","1662-1267","3087-2036","980-913","2353-3599","4813-4492","4550-4947","4287-4643","4295-4646","2889-2421","2312-2889","4550-3599","4552-3949","2036-2421","3327-4492","4295-3599","2353-1137","5570-5461","3515-3951","3730-3515","1091-700","2421-2303","2303-2889","3994-3327","3994-4246","4559-4552","1489-1806","4770-4947","1104-1489","3126-3462","4306-4295"]}
stdout | src/generators/tunnels-ignore-surface-terrain.dom.test.ts:387:1 > measures the tunnel terrain rules on the eight-seed protocol
GLACIER-DETAIL {"seed":"measure-b","corridors":50,"corridorGlacierPairs":0,"corridorGlacierCells":0,"pathMaxGapSum":9,"pathMaxGapMax":3}
stdout | src/generators/tunnels-ignore-surface-terrain.dom.test.ts:387:1 > measures the tunnel terrain rules on the eight-seed protocol
BOUND-DETAIL {"seed":"measure-b","water":1750,"histogram":{"-3":44,"-2":607,"-1":1099},"candidateSteps":8028,"boundBlocked":244,"boundBlockedFromTunnel":212}
stdout | src/generators/tunnels-ignore-surface-terrain.dom.test.ts:387:1 > measures the tunnel terrain rules on the eight-seed protocol
ROW {"seed":"measure-b","ms":641,"records":50,"cells":369,"length":3629,"directness":1.369,"directnessMax":12.695,"directnessRecords":50,"shadowing":3,"same":0,"viaBurg":3,"surfaceRecords":577,"surfaceCells":6466,"surfaceChecksum":733069,"glacierPairs":0,"glacierCellPairs":0,"pathMaxGapSum":9,"pathMaxGapMax":3,"boundBlocked":244,"boundBlockedFromTunnel":212,"waterCells":1750,"pairs":59,"junctions":80,"termini":20,"serviceViolations":0,"boundaryViolations":0,"repairs":0,"deepBurgs":40,"deepOwed":40,"deepUncovered":0,"surfaceIdentical":true}
stdout | src/generators/tunnels-ignore-surface-terrain.dom.test.ts:387:1 > measures the tunnel terrain rules on the eight-seed protocol
PAIRS {"seed":"measure-c","pairs":["2361-2463","2463-2465","2361-2149","4326-3954","1132-1339","1339-1544","1249-1354","1339-1249","2806-1544","1132-1128","1128-2149","3954-2806","1293-1194","1087-1194","3804-3806","2130-2338","2019-2223","4813-4892","2223-2536","2433-2536","4251-4068","1716-1397","3785-4068","2433-2015","3916-3511","1489-1076","2106-2521","3806-3392","2019-2130","2338-2770","4655-5106","3041-2842","1194-1397","1087-1076","2106-1489","4625-3674","2019-1716","4813-4251","2521-2842","2536-3392","3041-3785","3511-3392","4892-5106","3041-3674","2395-3224","2395-1980","1334-1132","3224-2806","2806-2369","1334-1128","1318-1128","1315-1944","4076-3688","3688-3785","4172-3699","3699-3804","4655-4172","2015-2019","1921-1716","4087-4461","4810-4954","4625-4799","3401-3511"]}
stdout | src/generators/tunnels-ignore-surface-terrain.dom.test.ts:387:1 > measures the tunnel terrain rules on the eight-seed protocol
GLACIER-DETAIL {"seed":"measure-c","corridors":45,"corridorGlacierPairs":0,"corridorGlacierCells":0,"pathMaxGapSum":23,"pathMaxGapMax":8}
stdout | src/generators/tunnels-ignore-surface-terrain.dom.test.ts:387:1 > measures the tunnel terrain rules on the eight-seed protocol
BOUND-DETAIL {"seed":"measure-c","water":1524,"histogram":{"-3":36,"-2":570,"-1":918},"candidateSteps":7136,"boundBlocked":212,"boundBlockedFromTunnel":178}
stdout | src/generators/tunnels-ignore-surface-terrain.dom.test.ts:387:1 > measures the tunnel terrain rules on the eight-seed protocol
ROW {"seed":"measure-c","ms":633,"records":45,"cells":449,"length":4152,"directness":1.232,"directnessMax":2.007,"directnessRecords":45,"shadowing":4,"same":2,"viaBurg":2,"surfaceRecords":565,"surfaceCells":4817,"surfaceChecksum":414347,"glacierPairs":0,"glacierCellPairs":0,"pathMaxGapSum":23,"pathMaxGapMax":8,"boundBlocked":212,"boundBlockedFromTunnel":178,"waterCells":1524,"pairs":63,"junctions":72,"termini":18,"serviceViolations":0,"boundaryViolations":0,"repairs":0,"deepBurgs":41,"deepOwed":40,"deepUncovered":0,"surfaceIdentical":true}
stdout | src/generators/tunnels-ignore-surface-terrain.dom.test.ts:387:1 > measures the tunnel terrain rules on the eight-seed protocol
PAIRS {"seed":"measure-d","pairs":["1804-1924","1555-1557","2044-2294","2640-2405","4144-3814","4144-4457","2640-2988","3102-2988","2976-3200","1784-1780","2044-1924","2287-2405","3814-3200","2976-2736","3814-4357","1784-1150","3000-2294","1150-829","1418-829","3000-3840","2044-1557","2287-1924","1418-2405","2988-3200","1150-726","1766-1511","610-424","1511-1002","618-1002","610-618","4001-4000","4658-4430","5160-5057","4982-4979","4540-4658","4979-4648","4781-5099","5550-5099","4648-4112","5160-5600","4410-4000","4410-4194","3389-4000","4540-4112","3389-2812","4001-4648","2587-3160","2587-2812","1363-1241","4781-4430","5099-5427","5843-5299","490-1613","2812-2681","4982-5299","490-1363","5160-4194","1613-2812","2287-2288","2288-1924","2749-3315","3315-3200","2135-1780","726-814","610-1002","3160-3389","5299-4979","4294-4733","5282-5843","5600-5282","4658-5427"]}
stdout | src/generators/tunnels-ignore-surface-terrain.dom.test.ts:387:1 > measures the tunnel terrain rules on the eight-seed protocol
GLACIER-DETAIL {"seed":"measure-d","corridors":57,"corridorGlacierPairs":3,"corridorGlacierCells":23,"pathMaxGapSum":37,"pathMaxGapMax":10}
stdout | src/generators/tunnels-ignore-surface-terrain.dom.test.ts:387:1 > measures the tunnel terrain rules on the eight-seed protocol
BOUND-DETAIL {"seed":"measure-d","water":1604,"histogram":{"-3":36,"-2":563,"-1":1005},"candidateSteps":7314,"boundBlocked":206,"boundBlockedFromTunnel":186}
stdout | src/generators/tunnels-ignore-surface-terrain.dom.test.ts:387:1 > measures the tunnel terrain rules on the eight-seed protocol
ROW {"seed":"measure-d","ms":547,"records":57,"cells":461,"length":4502,"directness":1.171,"directnessMax":2.045,"directnessRecords":56,"shadowing":7,"same":3,"viaBurg":4,"surfaceRecords":594,"surfaceCells":7139,"surfaceChecksum":27615,"glacierPairs":3,"glacierCellPairs":0.4,"pathMaxGapSum":37,"pathMaxGapMax":10,"boundBlocked":206,"boundBlockedFromTunnel":186,"waterCells":1604,"pairs":71,"junctions":96,"termini":18,"serviceViolations":0,"boundaryViolations":0,"repairs":0,"deepBurgs":44,"deepOwed":44,"deepUncovered":0,"surfaceIdentical":true}
stdout | src/generators/tunnels-ignore-surface-terrain.dom.test.ts:387:1 > measures the tunnel terrain rules on the eight-seed protocol
PAIRS {"seed":"measure-e","pairs":["366-792","3645-3763","3645-3762","1286-1180","875-1083","2173-1608","5034-4746","1741-2200","875-451","2735-2200","2590-3044","875-1180","2173-2590","5034-5608","3179-2285","3762-3044","2735-4746","1286-1608","1741-1083","2173-2285","3133-3252","2783-2782","3252-3371","4989-5072","4567-4682","4087-4209","2783-2784","3257-3137","4989-4895","4787-4887","3016-3257","2346-2243","4679-4895","2784-3137","2346-2239","2891-2782","2020-2239","4567-4679","3133-2891","3016-3261","4087-3842","4209-4553","4679-4219","5233-4887","4787-5072","2427-2118","3261-3978","1442-2118","2912-3261","2427-2418","1431-1120","2020-1034","1034-1442","4553-4887","2346-2782","4567-3978","1120-2118","1611-2285","3420-3763","1067-1609","2285-1619","1067-1175","384-1067","443-451","3179-3420","4746-5674","2560-2782","4452-4567","4569-4682","4223-4452","4340-4569","4547-3945","2356-3016","1442-1120","3945-2427"]}
stdout | src/generators/tunnels-ignore-surface-terrain.dom.test.ts:387:1 > measures the tunnel terrain rules on the eight-seed protocol
GLACIER-DETAIL {"seed":"measure-e","corridors":66,"corridorGlacierPairs":0,"corridorGlacierCells":0,"pathMaxGapSum":35,"pathMaxGapMax":7}
stdout | src/generators/tunnels-ignore-surface-terrain.dom.test.ts:387:1 > measures the tunnel terrain rules on the eight-seed protocol
BOUND-DETAIL {"seed":"measure-e","water":1453,"histogram":{"-3":26,"-2":499,"-1":928},"candidateSteps":6572,"boundBlocked":144,"boundBlockedFromTunnel":128}
stdout | src/generators/tunnels-ignore-surface-terrain.dom.test.ts:387:1 > measures the tunnel terrain rules on the eight-seed protocol
ROW {"seed":"measure-e","ms":566,"records":66,"cells":487,"length":4561,"directness":1.168,"directnessMax":2.163,"directnessRecords":66,"shadowing":8,"same":3,"viaBurg":5,"surfaceRecords":661,"surfaceCells":7877,"surfaceChecksum":677465,"glacierPairs":0,"glacierCellPairs":0,"pathMaxGapSum":35,"pathMaxGapMax":7,"boundBlocked":144,"boundBlockedFromTunnel":128,"waterCells":1453,"pairs":75,"junctions":112,"termini":20,"serviceViolations":0,"boundaryViolations":0,"repairs":0,"deepBurgs":45,"deepOwed":45,"deepUncovered":0,"surfaceIdentical":true}
stdout | src/generators/tunnels-ignore-surface-terrain.dom.test.ts:387:1 > measures the tunnel terrain rules on the eight-seed protocol
PAIRS {"seed":"measure-f","pairs":["3518-3632","4338-4465","4212-4465","4807-4465","4916-4807","4215-4347","5124-4916","4215-4212","4347-3987","3175-3518","3987-3632","4599-4923","2707-2359","5222-4807","5124-4923","2707-2581","3175-2707","2581-3394","4934-4599","1088-2359","4508-4633","1521-1390","5098-5100","2084-2417","1260-906","4676-4430","5098-5093","1120-1125","2438-2664","1120-1369","2309-2084","2102-2438","1301-1170","5064-4749","1390-817","2184-1967","4633-5064","5098-4540","1967-2417","4060-4430","1260-1967","1521-2084","2309-2664","1033-817","4060-4540","1260-1125","3340-2664","3340-3804","3340-4540","1033-1170","3804-4749","5048-5257","3503-4334","3495-3503","4923-4347","4599-3987","3340-3337","3337-3007","3340-4055","4171-4169","4060-4171","2184-2640","4972-3804","5287-4972","906-1521","4430-5100","4517-4749","1159-931","741-643","1170-842"]}
stdout | src/generators/tunnels-ignore-surface-terrain.dom.test.ts:387:1 > measures the tunnel terrain rules on the eight-seed protocol
GLACIER-DETAIL {"seed":"measure-f","corridors":57,"corridorGlacierPairs":2,"corridorGlacierCells":42,"pathMaxGapSum":65,"pathMaxGapMax":17}
stdout | src/generators/tunnels-ignore-surface-terrain.dom.test.ts:387:1 > measures the tunnel terrain rules on the eight-seed protocol
BOUND-DETAIL {"seed":"measure-f","water":1952,"histogram":{"-3":39,"-2":654,"-1":1259},"candidateSteps":8844,"boundBlocked":216,"boundBlockedFromTunnel":196}
stdout | src/generators/tunnels-ignore-surface-terrain.dom.test.ts:387:1 > measures the tunnel terrain rules on the eight-seed protocol
ROW {"seed":"measure-f","ms":529,"records":57,"cells":427,"length":4074,"directness":1.193,"directnessMax":2.381,"directnessRecords":57,"shadowing":9,"same":7,"viaBurg":2,"surfaceRecords":610,"surfaceCells":7265,"surfaceChecksum":306877,"glacierPairs":2,"glacierCellPairs":0.74,"pathMaxGapSum":65,"pathMaxGapMax":17,"boundBlocked":216,"boundBlockedFromTunnel":196,"waterCells":1952,"pairs":70,"junctions":91,"termini":23,"serviceViolations":0,"boundaryViolations":0,"repairs":0,"deepBurgs":44,"deepOwed":44,"deepUncovered":0,"surfaceIdentical":true}
stdout | src/generators/tunnels-ignore-surface-terrain.dom.test.ts:387:1 > measures the tunnel terrain rules on the eight-seed protocol
PAIRS {"seed":"measure-g","pairs":["2800-2690","421-420","3336-3569","1850-1953","1850-1643","1449-1353","1353-1066","2597-2383","2275-2383","3045-2597","1643-1449","2275-1953","3565-3569","1430-2053","1953-1345","2690-2053","3045-3704","4438-3704","2800-3336","4742-4733","421-750","1345-2053","3704-4742","1430-750","4135-4134","2771-2884","2996-2884","734-821","3998-4000","734-818","4242-4000","4675-4895","815-818","2771-2553","2996-3102","4675-4242","3551-2884","4242-4134","3998-4233","4909-4135","1812-2553","2950-1973","4602-3551","821-1812","4233-3176","3176-2950","3102-4135","1579-1973","4501-4613","2698-2591","3932-4733","2862-2214","1579-2214","1286-1799","1286-905","1579-1286","811-815","4693-4909"]}
stdout | src/generators/tunnels-ignore-surface-terrain.dom.test.ts:387:1 > measures the tunnel terrain rules on the eight-seed protocol
GLACIER-DETAIL {"seed":"measure-g","corridors":44,"corridorGlacierPairs":0,"corridorGlacierCells":0,"pathMaxGapSum":15,"pathMaxGapMax":6}
stdout | src/generators/tunnels-ignore-surface-terrain.dom.test.ts:387:1 > measures the tunnel terrain rules on the eight-seed protocol
BOUND-DETAIL {"seed":"measure-g","water":1490,"histogram":{"-3":43,"-2":537,"-1":910},"candidateSteps":6876,"boundBlocked":257,"boundBlockedFromTunnel":227}
stdout | src/generators/tunnels-ignore-surface-terrain.dom.test.ts:387:1 > measures the tunnel terrain rules on the eight-seed protocol
ROW {"seed":"measure-g","ms":602,"records":44,"cells":454,"length":3851,"directness":1.16,"directnessMax":1.788,"directnessRecords":44,"shadowing":3,"same":1,"viaBurg":2,"surfaceRecords":592,"surfaceCells":7538,"surfaceChecksum":263349,"glacierPairs":0,"glacierCellPairs":0,"pathMaxGapSum":15,"pathMaxGapMax":6,"boundBlocked":257,"boundBlockedFromTunnel":227,"waterCells":1490,"pairs":58,"junctions":72,"termini":16,"serviceViolations":0,"boundaryViolations":0,"repairs":0,"deepBurgs":41,"deepOwed":41,"deepUncovered":0,"surfaceIdentical":true}
stdout | src/generators/tunnels-ignore-surface-terrain.dom.test.ts:387:1 > measures the tunnel terrain rules on the eight-seed protocol
PAIRS {"seed":"measure-h","pairs":["1777-1882","1777-1776","1232-1233","1776-1670","2538-2539","1359-1263","2902-2794","1455-1359","1342-1247","3973-3864","4774-4682","2538-2322","2652-2874","2987-2874","1027-855","1455-1661","1232-1143","2539-2325","4774-4932","5067-5128","1247-1250","2539-2869","2794-2464","1622-1836","1844-2277","1247-905","2994-2442","1143-810","1670-1276","1844-1232","1844-2283","915-1263","1844-1836","2585-1836","915-1250","5067-4676","2464-2585","2902-4219","2539-2874","4676-4932","3864-3530","3530-2994","2322-1882","2987-3530","3973-4682","1455-1670","1027-1580","2325-1580","2869-3078","905-810","1455-1776","905-817","2534-2322","1276-1278","902-810","2539-2762","1020-1580","3078-3396","1196-1027","2652-2655","1196-1685","2987-3413","2925-2277","3417-3413","3396-5128","4676-4677","3979-3978","2902-3116"]}
stdout | src/generators/tunnels-ignore-surface-terrain.dom.test.ts:387:1 > measures the tunnel terrain rules on the eight-seed protocol
GLACIER-DETAIL {"seed":"measure-h","corridors":53,"corridorGlacierPairs":1,"corridorGlacierCells":50,"pathMaxGapSum":22,"pathMaxGapMax":6}
stdout | src/generators/tunnels-ignore-surface-terrain.dom.test.ts:387:1 > measures the tunnel terrain rules on the eight-seed protocol
BOUND-DETAIL {"seed":"measure-h","water":1349,"histogram":{"-3":30,"-2":473,"-1":846},"candidateSteps":6106,"boundBlocked":178,"boundBlockedFromTunnel":156}
stdout | src/generators/tunnels-ignore-surface-terrain.dom.test.ts:387:1 > measures the tunnel terrain rules on the eight-seed protocol
ROW {"seed":"measure-h","ms":641,"records":53,"cells":370,"length":3696,"directness":1.14,"directnessMax":1.608,"directnessRecords":52,"shadowing":0,"same":0,"viaBurg":0,"surfaceRecords":554,"surfaceCells":7976,"surfaceChecksum":918405,"glacierPairs":1,"glacierCellPairs":0.94,"pathMaxGapSum":22,"pathMaxGapMax":6,"boundBlocked":178,"boundBlockedFromTunnel":156,"waterCells":1349,"pairs":68,"junctions":87,"termini":19,"serviceViolations":0,"boundaryViolations":0,"repairs":0,"deepBurgs":42,"deepOwed":42,"deepUncovered":0,"surfaceIdentical":true}
stdout | src/generators/tunnels-ignore-surface-terrain.dom.test.ts:387:1 > measures the tunnel terrain rules on the eight-seed protocol
AGG {"seeds":8,"records":54,"cells":429.9,"length":4052,"directness":1.196,"directnessMax":12.695,"shadowing":5.13,"shadowingMax":9,"pairs":66.4,"junctions":88.1,"ms":607,"glacierPairs":7,"pathMaxGapSum":239,"pathMaxGapMax":21,"boundBlocked":1731,"boundBlockedFromTunnel":1509,"serviceViolations":0,"boundaryViolations":0,"repairs":0,"deepBurgs":42.6,"deepUncovered":0}
stdout | src/generators/tunnels-ignore-surface-terrain.dom.test.ts:387:1 > measures the tunnel terrain rules on the eight-seed protocol
SURFACE-FINGERPRINT {"measure-a":{"records":573,"cells":5822,"checksum":394618},"measure-b":{"records":577,"cells":6466,"checksum":733069},"measure-c":{"records":565,"cells":4817,"checksum":414347},"measure-d":{"records":594,"cells":7139,"checksum":27615},"measure-e":{"records":661,"cells":7877,"checksum":677465},"measure-f":{"records":610,"cells":7265,"checksum":306877},"measure-g":{"records":592,"cells":7538,"checksum":263349},"measure-h":{"records":554,"cells":7976,"checksum":918405}}
stdout | src/generators/tunnels-ignore-surface-terrain.dom.test.ts:387:1 > measures the tunnel terrain rules on the eight-seed protocol
GLACIER-AGG {"seeds":8,"corridors":432,"corridorGlacierPairs":7,"pathMaxGapSum":239,"pathMaxGapMax":21,"perSeed":[["measure-a","1/60",33,21],["measure-b","0/50",9,3],["measure-c","0/45",23,8],["measure-d","3/57",37,10],["measure-e","0/66",35,7],["measure-f","2/57",65,17],["measure-g","0/44",15,6],["measure-h","1/53",22,6]]}
stdout | src/generators/tunnels-ignore-surface-terrain.dom.test.ts:387:1 > measures the tunnel terrain rules on the eight-seed protocol
BOUND-AGG {"seeds":8,"waterCells":12824,"candidateSteps":58676,"boundBlocked":1731,"boundBlockedFromTunnel":1509,"perSeed":[["measure-a",1702,274,226],["measure-b",1750,244,212],["measure-c",1524,212,178],["measure-d",1604,206,186],["measure-e",1453,144,128],["measure-f",1952,216,196],["measure-g",1490,257,227],["measure-h",1349,178,156]]}
stdout | src/generators/tunnels-ignore-surface-terrain.dom.test.ts:387:1 > measures the tunnel terrain rules on the eight-seed protocol
CHECK pass protocol / coverage stays clean deep 42.6/seed owed 42.5, uncovered 0, service 0, boundary 0, repairs 0
stdout | src/generators/tunnels-ignore-surface-terrain.dom.test.ts:387:1 > measures the tunnel terrain rules on the eight-seed protocol
CHECK pass protocol / shadowing does not regress mean 5.13 (<= 6.9), per seed [["measure-a",7],["measure-b",3],["measure-c",4],["measure-d",7],["measure-e",8],["measure-f",9],["measure-g",3],["measure-h",0]], over baseline []
stdout | src/generators/tunnels-ignore-surface-terrain.dom.test.ts:387:1 > measures the tunnel terrain rules on the eight-seed protocol
CHECK pass protocol / directness does not regress mean 1.196 (<= 1.28), per seed [["measure-a",1.134],["measure-b",1.369],["measure-c",1.232],["measure-d",1.171],["measure-e",1.168],["measure-f",1.193],["measure-g",1.16],["measure-h",1.14]] (<= 1.5), worst record 12.695, records 53.8/seed
stdout | src/generators/tunnels-ignore-surface-terrain.dom.test.ts:387:1 > measures the tunnel terrain rules on the eight-seed protocol
CHECK pass protocol / network size stays in band records 54 in [25.1,67.3], cells 429.9 in [394,458], network length 4052
stdout | src/generators/tunnels-ignore-surface-terrain.dom.test.ts:387:1 > measures the tunnel terrain rules on the eight-seed protocol
CHECK pass protocol / surface is untouched by the tunnel pass measure-a identical, measure-b identical, measure-c identical, measure-d identical, measure-e identical, measure-f identical, measure-g identical, measure-h identical
stdout | src/generators/tunnels-ignore-surface-terrain.dom.test.ts:387:1 > measures the tunnel terrain rules on the eight-seed protocol
CHECK unarmed protocol / pairs and surface are identical to the pre-change build (no BEFORE block yet)
stdout | src/generators/tunnels-ignore-surface-terrain.dom.test.ts:387:1 > measures the tunnel terrain rules on the eight-seed protocol
CHECK unarmed protocol / glacier exposure per pair (no BEFORE block yet)
stdout | src/generators/tunnels-ignore-surface-terrain.dom.test.ts:387:1 > measures the tunnel terrain rules on the eight-seed protocol
CHECK pass protocol / bound activity water cells 12824, candidate water steps 58676, bound-rejected 1731 (1509 of them from a cell a tunnel may occupy), per seed [seed, water, blocked, blockedFromTunnel] [["measure-a",1702,274,226],["measure-b",1750,244,212],["measure-c",1524,212,178],["measure-d",1604,206,186],["measure-e",1453,144,128],["measure-f",1952,216,196],["measure-g",1490,257,227],["measure-h",1349,178,156]]
stdout | src/generators/tunnels-ignore-surface-terrain.dom.test.ts:387:1 > measures the tunnel terrain rules on the eight-seed protocol
CHECK pass protocol / ms per seed 607 ms/seed mean over 8 seed(s)
stdout | src/generators/tunnels-ignore-surface-terrain.dom.test.ts:387:1 > measures the tunnel terrain rules on the eight-seed protocol
ALL INTEGRATION CHECKS PASSED
 ✓ |chromium| src/generators/tunnels-ignore-surface-terrain.dom.test.ts (1 test) 4858ms
   ✓ measures the tunnel terrain rules on the eight-seed protocol  4858ms

 Test Files  1 passed (1)
      Tests  1 passed (1)
   Start at  01:37:33
   Duration  8.61s (transform 0ms, setup 0ms, import 143ms, tests 4.86s, environment 0ms)

