npm warn Unknown env config "manage-package-manager-versions". This will error in a future major version of npm. See `npm help npmrc` for supported config options.
npm notice run fantasy-map-generator@1.154.0 npx
npm notice run 'vitest' run --config vitest.browser.config.ts generators/underground-measure.dom.test.ts

 RUN  v4.1.11 /mnt/Mega/TestSpace/Fantasy-Map-Generator

stdout | src/generators/underground-measure.dom.test.ts:516:1 > measures underground alignment variants
SEED measure-a cells=6112 land=4410 burgs=870 subterranean=88 surfaceRoutes=622 {"roads":18,"trails":482,"searoutes":122} surfaceCells=2589 landRouteCells=1822 productionRoutes=43 longest=44
stdout | src/generators/underground-measure.dom.test.ts:516:1 > measures underground alignment variants
ROW {"seed":"measure-a","variant":"baseline-production","ms":0,"routes":43,"cells":450,"length":4117,"overlap":0.596,"overlapLand":0.593,"parallel":0.868,"exactEdge":0.277,"alongEdge":0.547,"bandShare":0.325,"medianRoadDistance":0.48,"bandByEndpointKind":{"dual":{"shared":31,"band":19,"share":0.6129032258064516},"fully-subterranean":{"shared":55,"band":14,"share":0.2545454545454545},"junction":{"shared":209,"band":76,"share":0.36363636363636365}},"histogram":[268,155,21,6],"burgsServed":53}
stdout | src/generators/underground-measure.dom.test.ts:516:1 > measures underground alignment variants
ROW {"seed":"measure-a","variant":"debug-real-noprune","ms":14,"routes":55,"cells":571,"length":5366,"overlap":0.566,"overlapLand":0.564,"parallel":0.864,"exactEdge":0.248,"alongEdge":0.524,"bandShare":0.334,"medianRoadDistance":0.52,"bandByEndpointKind":{"dual":{"shared":75,"band":33,"share":0.44},"fully-subterranean":{"shared":55,"band":14,"share":0.2545454545454545},"junction":{"shared":239,"band":91,"share":0.3807531380753138}},"histogram":[323,208,31,9],"burgsServed":59}
stdout | src/generators/underground-measure.dom.test.ts:516:1 > measures underground alignment variants
ROW {"seed":"measure-a","variant":"debug-real-pruned","ms":12,"routes":43,"cells":450,"length":4117,"overlap":0.596,"overlapLand":0.593,"parallel":0.868,"exactEdge":0.277,"alongEdge":0.547,"bandShare":0.325,"medianRoadDistance":0.48,"bandByEndpointKind":{"dual":{"shared":31,"band":19,"share":0.6129032258064516},"fully-subterranean":{"shared":55,"band":14,"share":0.2545454545454545},"junction":{"shared":209,"band":76,"share":0.36363636363636365}},"histogram":[268,155,21,6],"burgsServed":53}
stdout | src/generators/underground-measure.dom.test.ts:516:1 > measures underground alignment variants
DEBUG replica stages: raw 91 routes/571 cells -> merged 55 routes -> pruned 43 routes/450 cells
stdout | src/generators/underground-measure.dom.test.ts:516:1 > measures underground alignment variants
ROW {"seed":"measure-a","variant":"replica-production","ms":12,"routes":43,"cells":450,"length":4117,"overlap":0.596,"overlapLand":0.593,"parallel":0.868,"exactEdge":0.277,"alongEdge":0.547,"bandShare":0.325,"medianRoadDistance":0.48,"bandByEndpointKind":{"dual":{"shared":31,"band":19,"share":0.6129032258064516},"fully-subterranean":{"shared":55,"band":14,"share":0.2545454545454545},"junction":{"shared":209,"band":76,"share":0.36363636363636365}},"histogram":[268,155,21,6],"burgsServed":53}
stdout | src/generators/underground-measure.dom.test.ts:516:1 > measures underground alignment variants
ROW {"seed":"measure-a","variant":"no-burg-attraction","ms":11,"routes":55,"cells":563,"length":5146,"overlap":0.599,"overlapLand":0.593,"parallel":0.871,"exactEdge":0.235,"alongEdge":0.504,"bandShare":0.332,"medianRoadDistance":0.47,"bandByEndpointKind":{"dual":{"shared":69,"band":29,"share":0.42028985507246375},"fully-subterranean":{"shared":25,"band":13,"share":0.52},"junction":{"shared":289,"band":99,"share":0.34256055363321797}},"histogram":[337,194,26,6],"burgsServed":64}
stdout | src/generators/underground-measure.dom.test.ts:516:1 > measures underground alignment variants
ROW {"seed":"measure-a","variant":"combo-divergence","ms":12,"routes":56,"cells":594,"length":5684,"overlap":0.396,"overlapLand":0.389,"parallel":0.732,"exactEdge":0.061,"alongEdge":0.376,"bandShare":0.34,"medianRoadDistance":0.74,"bandByEndpointKind":{"dual":{"shared":21,"band":13,"share":0.6190476190476191},"fully-subterranean":{"shared":39,"band":11,"share":0.28205128205128205},"junction":{"shared":200,"band":71,"share":0.355}},"histogram":[235,293,52,14],"burgsServed":59}
stdout | src/generators/underground-measure.dom.test.ts:516:1 > measures underground alignment variants
ROW {"seed":"measure-a","variant":"control-point","ms":5,"routes":52,"cells":596,"length":5426,"overlap":0.607,"overlapLand":0.604,"parallel":0.859,"exactEdge":0.241,"alongEdge":0.502,"bandShare":0.285,"medianRoadDistance":0.46,"bandByEndpointKind":{"dual":{"shared":97,"band":33,"share":0.3402061855670103},"fully-subterranean":{"shared":58,"band":14,"share":0.2413793103448276},"junction":{"shared":255,"band":87,"share":0.3411764705882353}},"histogram":[362,197,31,6],"burgsServed":64}
stdout | src/generators/underground-measure.dom.test.ts:516:1 > measures underground alignment variants
ROW {"seed":"measure-a","variant":"control-point-discount","ms":9,"routes":53,"cells":554,"length":5076,"overlap":0.603,"overlapLand":0.599,"parallel":0.868,"exactEdge":0.256,"alongEdge":0.52,"bandShare":0.326,"medianRoadDistance":0.47,"bandByEndpointKind":{"dual":{"shared":72,"band":29,"share":0.4027777777777778},"fully-subterranean":{"shared":29,"band":13,"share":0.4482758620689655},"junction":{"shared":279,"band":96,"share":0.34408602150537637}},"histogram":[334,183,31,6],"burgsServed":65}
stdout | src/generators/underground-measure.dom.test.ts:516:1 > measures underground alignment variants
ROW {"seed":"measure-a","variant":"control-point-burg","ms":5,"routes":47,"cells":569,"length":5255,"overlap":0.773,"overlapLand":0.768,"parallel":0.9,"exactEdge":0.423,"alongEdge":0.62,"bandShare":0.264,"medianRoadDistance":0.27,"bandByEndpointKind":{"dual":{"shared":79,"band":26,"share":0.3291139240506329},"fully-subterranean":{"shared":107,"band":23,"share":0.21495327102803738},"junction":{"shared":292,"band":93,"share":0.3184931506849315}},"histogram":[440,111,14,4],"burgsServed":57}
stdout | src/generators/underground-measure.dom.test.ts:516:1 > measures underground alignment variants
ROW {"seed":"measure-a","variant":"control-point-discount-burg","ms":10,"routes":44,"cells":475,"length":4448,"overlap":0.773,"overlapLand":0.768,"parallel":0.905,"exactEdge":0.45,"alongEdge":0.634,"bandShare":0.289,"medianRoadDistance":0.27,"bandByEndpointKind":{"dual":{"shared":53,"band":23,"share":0.4339622641509434},"fully-subterranean":{"shared":99,"band":22,"share":0.2222222222222222},"junction":{"shared":249,"band":87,"share":0.3493975903614458}},"histogram":[367,92,12,4],"burgsServed":52}
stdout | src/generators/underground-measure.dom.test.ts:516:1 > measures underground alignment variants
ROW {"seed":"measure-a","variant":"gate-divergence","ms":12,"routes":45,"cells":487,"length":4602,"overlap":0.53,"overlapLand":0.52,"parallel":0.789,"exactEdge":0.172,"alongEdge":0.453,"bandShare":0.244,"medianRoadDistance":0.58,"bandByEndpointKind":{"dual":{"shared":17,"band":11,"share":0.6470588235294118},"fully-subterranean":{"shared":59,"band":11,"share":0.1864406779661017},"junction":{"shared":205,"band":57,"share":0.2780487804878049}},"histogram":[258,185,34,10],"burgsServed":50}
stdout | src/generators/underground-measure.dom.test.ts:516:1 > measures underground alignment variants
ROW {"seed":"measure-a","variant":"smoothed-depth","ms":12,"routes":44,"cells":482,"length":4481,"overlap":0.753,"overlapLand":0.749,"parallel":0.901,"exactEdge":0.438,"alongEdge":0.626,"bandShare":0.287,"medianRoadDistance":0.3,"bandByEndpointKind":{"dual":{"shared":44,"band":23,"share":0.5227272727272727},"fully-subterranean":{"shared":93,"band":20,"share":0.21505376344086022},"junction":{"shared":260,"band":87,"share":0.3346153846153846}},"histogram":[363,99,14,6],"burgsServed":52}
stdout | src/generators/underground-measure.dom.test.ts:516:1 > measures underground alignment variants
ROW {"seed":"measure-a","variant":"road-repulsion","ms":12,"routes":49,"cells":500,"length":4763,"overlap":0.468,"overlapLand":0.466,"parallel":0.81,"exactEdge":0.183,"alongEdge":0.463,"bandShare":0.363,"medianRoadDistance":0.66,"bandByEndpointKind":{"dual":{"shared":44,"band":25,"share":0.5681818181818182},"fully-subterranean":{"shared":55,"band":14,"share":0.2545454545454545},"junction":{"shared":165,"band":69,"share":0.41818181818181815}},"histogram":[234,213,44,9],"burgsServed":56}
stdout | src/generators/underground-measure.dom.test.ts:516:1 > measures underground alignment variants
ROW {"seed":"measure-a","variant":"road-repulsion-strong","ms":12,"routes":50,"cells":490,"length":4660,"overlap":0.443,"overlapLand":0.441,"parallel":0.794,"exactEdge":0.156,"alongEdge":0.437,"bandShare":0.382,"medianRoadDistance":0.69,"bandByEndpointKind":{"dual":{"shared":33,"band":22,"share":0.6666666666666666},"fully-subterranean":{"shared":53,"band":15,"share":0.2830188679245283},"junction":{"shared":158,"band":67,"share":0.4240506329113924}},"histogram":[217,218,45,10],"burgsServed":58}
stdout | src/generators/underground-measure.dom.test.ts:516:1 > measures underground alignment variants
ROW {"seed":"measure-a","variant":"longhaul-mst","ms":12,"routes":61,"cells":510,"length":4696,"overlap":0.563,"overlapLand":0.561,"parallel":0.846,"exactEdge":0.223,"alongEdge":0.488,"bandShare":0.352,"medianRoadDistance":0.53,"bandByEndpointKind":{"dual":{"shared":57,"band":23,"share":0.40350877192982454},"fully-subterranean":{"shared":106,"band":26,"share":0.24528301886792453},"junction":{"shared":169,"band":86,"share":0.5088757396449705}},"histogram":[287,183,31,9],"burgsServed":67}
stdout | src/generators/underground-measure.dom.test.ts:516:1 > measures underground alignment variants
ROW {"seed":"measure-a","variant":"trunk-spurs-25","ms":16,"routes":60,"cells":495,"length":4495,"overlap":0.57,"overlapLand":0.566,"parallel":0.838,"exactEdge":0.178,"alongEdge":0.387,"bandShare":0.355,"medianRoadDistance":0.52,"bandByEndpointKind":{"dual":{"shared":126,"band":38,"share":0.30158730158730157},"fully-subterranean":{"shared":40,"band":15,"share":0.375},"junction":{"shared":153,"band":81,"share":0.5294117647058824}},"histogram":[282,178,27,8],"burgsServed":67}
stdout | src/generators/underground-measure.dom.test.ts:516:1 > measures underground alignment variants
ROW {"seed":"measure-a","variant":"trunk-spurs-10","ms":23,"routes":42,"cells":429,"length":3760,"overlap":0.566,"overlapLand":0.559,"parallel":0.829,"exactEdge":0.161,"alongEdge":0.352,"bandShare":0.317,"medianRoadDistance":0.55,"bandByEndpointKind":{"dual":{"shared":76,"band":28,"share":0.3684210526315789},"fully-subterranean":{"shared":70,"band":28,"share":0.4},"junction":{"shared":123,"band":46,"share":0.37398373983739835}},"histogram":[243,145,30,11],"burgsServed":51}
stdout | src/generators/underground-measure.dom.test.ts:516:1 > measures underground alignment variants
SEED measure-b cells=5970 land=4220 burgs=801 subterranean=80 surfaceRoutes=615 {"roads":20,"trails":479,"searoutes":116} surfaceCells=2498 landRouteCells=1725 productionRoutes=42 longest=44
stdout | src/generators/underground-measure.dom.test.ts:516:1 > measures underground alignment variants
ROW {"seed":"measure-b","variant":"baseline-production","ms":0,"routes":42,"cells":407,"length":3894,"overlap":0.587,"overlapLand":0.585,"parallel":0.806,"exactEdge":0.178,"alongEdge":0.44,"bandShare":0.318,"medianRoadDistance":0.54,"bandByEndpointKind":{"dual":{"shared":47,"band":22,"share":0.46808510638297873},"fully-subterranean":{"shared":70,"band":23,"share":0.32857142857142857},"junction":{"shared":153,"band":57,"share":0.37254901960784315}},"histogram":[239,124,38,6],"burgsServed":48}
stdout | src/generators/underground-measure.dom.test.ts:516:1 > measures underground alignment variants
ROW {"seed":"measure-b","variant":"debug-real-noprune","ms":13,"routes":49,"cells":542,"length":5085,"overlap":0.577,"overlapLand":0.574,"parallel":0.808,"exactEdge":0.192,"alongEdge":0.445,"bandShare":0.297,"medianRoadDistance":0.53,"bandByEndpointKind":{"dual":{"shared":119,"band":38,"share":0.31932773109243695},"fully-subterranean":{"shared":70,"band":23,"share":0.32857142857142857},"junction":{"shared":166,"band":62,"share":0.37349397590361444}},"histogram":[313,176,47,6],"burgsServed":51}
stdout | src/generators/underground-measure.dom.test.ts:516:1 > measures underground alignment variants
ROW {"seed":"measure-b","variant":"debug-real-pruned","ms":12,"routes":42,"cells":407,"length":3894,"overlap":0.587,"overlapLand":0.585,"parallel":0.806,"exactEdge":0.178,"alongEdge":0.44,"bandShare":0.318,"medianRoadDistance":0.54,"bandByEndpointKind":{"dual":{"shared":47,"band":22,"share":0.46808510638297873},"fully-subterranean":{"shared":70,"band":23,"share":0.32857142857142857},"junction":{"shared":153,"band":57,"share":0.37254901960784315}},"histogram":[239,124,38,6],"burgsServed":48}
stdout | src/generators/underground-measure.dom.test.ts:516:1 > measures underground alignment variants
DEBUG replica stages: raw 86 routes/542 cells -> merged 49 routes -> pruned 42 routes/407 cells
stdout | src/generators/underground-measure.dom.test.ts:516:1 > measures underground alignment variants
ROW {"seed":"measure-b","variant":"replica-production","ms":11,"routes":42,"cells":407,"length":3894,"overlap":0.587,"overlapLand":0.585,"parallel":0.806,"exactEdge":0.178,"alongEdge":0.44,"bandShare":0.318,"medianRoadDistance":0.54,"bandByEndpointKind":{"dual":{"shared":47,"band":22,"share":0.46808510638297873},"fully-subterranean":{"shared":70,"band":23,"share":0.32857142857142857},"junction":{"shared":153,"band":57,"share":0.37254901960784315}},"histogram":[239,124,38,6],"burgsServed":48}
stdout | src/generators/underground-measure.dom.test.ts:516:1 > measures underground alignment variants
ROW {"seed":"measure-b","variant":"no-burg-attraction","ms":11,"routes":41,"cells":472,"length":4207,"overlap":0.595,"overlapLand":0.583,"parallel":0.79,"exactEdge":0.191,"alongEdge":0.427,"bandShare":0.278,"medianRoadDistance":0.51,"bandByEndpointKind":{"dual":{"shared":51,"band":23,"share":0.45098039215686275},"fully-subterranean":{"shared":62,"band":21,"share":0.3387096774193548},"junction":{"shared":198,"band":57,"share":0.2878787878787879}},"histogram":[281,144,43,4],"burgsServed":50}
stdout | src/generators/underground-measure.dom.test.ts:516:1 > measures underground alignment variants
ROW {"seed":"measure-b","variant":"combo-divergence","ms":12,"routes":54,"cells":579,"length":5529,"overlap":0.415,"overlapLand":0.404,"parallel":0.728,"exactEdge":0.061,"alongEdge":0.34,"bandShare":0.292,"medianRoadDistance":0.74,"bandByEndpointKind":{"dual":{"shared":39,"band":17,"share":0.4358974358974359},"fully-subterranean":{"shared":30,"band":8,"share":0.26666666666666666},"junction":{"shared":202,"band":68,"share":0.33663366336633666}},"histogram":[240,257,72,10],"burgsServed":54}
stdout | src/generators/underground-measure.dom.test.ts:516:1 > measures underground alignment variants
ROW {"seed":"measure-b","variant":"control-point","ms":4,"routes":39,"cells":519,"length":4624,"overlap":0.605,"overlapLand":0.593,"parallel":0.814,"exactEdge":0.177,"alongEdge":0.429,"bandShare":0.242,"medianRoadDistance":0.48,"bandByEndpointKind":{"dual":{"shared":52,"band":19,"share":0.36538461538461536},"fully-subterranean":{"shared":64,"band":20,"share":0.3125},"junction":{"shared":230,"band":58,"share":0.25217391304347825}},"histogram":[314,166,36,3],"burgsServed":49}
stdout | src/generators/underground-measure.dom.test.ts:516:1 > measures underground alignment variants
ROW {"seed":"measure-b","variant":"control-point-discount","ms":10,"routes":39,"cells":518,"length":4613,"overlap":0.6,"overlapLand":0.589,"parallel":0.806,"exactEdge":0.177,"alongEdge":0.426,"bandShare":0.241,"medianRoadDistance":0.49,"bandByEndpointKind":{"dual":{"shared":52,"band":19,"share":0.36538461538461536},"fully-subterranean":{"shared":56,"band":19,"share":0.3392857142857143},"junction":{"shared":234,"band":58,"share":0.24786324786324787}},"histogram":[311,164,39,4],"burgsServed":48}
stdout | src/generators/underground-measure.dom.test.ts:516:1 > measures underground alignment variants
ROW {"seed":"measure-b","variant":"control-point-burg","ms":5,"routes":39,"cells":461,"length":4262,"overlap":0.722,"overlapLand":0.718,"parallel":0.833,"exactEdge":0.313,"alongEdge":0.523,"bandShare":0.276,"medianRoadDistance":0.36,"bandByEndpointKind":{"dual":{"shared":59,"band":23,"share":0.3898305084745763},"fully-subterranean":{"shared":64,"band":24,"share":0.375},"junction":{"shared":240,"band":66,"share":0.275}},"histogram":[333,97,26,5],"burgsServed":53}
stdout | src/generators/underground-measure.dom.test.ts:516:1 > measures underground alignment variants
ROW {"seed":"measure-b","variant":"control-point-discount-burg","ms":10,"routes":36,"cells":440,"length":4063,"overlap":0.723,"overlapLand":0.718,"parallel":0.83,"exactEdge":0.306,"alongEdge":0.51,"bandShare":0.261,"medianRoadDistance":0.36,"bandByEndpointKind":{"dual":{"shared":59,"band":23,"share":0.3898305084745763},"fully-subterranean":{"shared":64,"band":24,"share":0.375},"junction":{"shared":222,"band":56,"share":0.25225225225225223}},"histogram":[318,92,25,5],"burgsServed":48}
stdout | src/generators/underground-measure.dom.test.ts:516:1 > measures underground alignment variants
ROW {"seed":"measure-b","variant":"gate-divergence","ms":11,"routes":50,"cells":496,"length":4862,"overlap":0.484,"overlapLand":0.48,"parallel":0.739,"exactEdge":0.107,"alongEdge":0.401,"bandShare":0.258,"medianRoadDistance":0.65,"bandByEndpointKind":{"dual":{"shared":40,"band":16,"share":0.4},"fully-subterranean":{"shared":33,"band":9,"share":0.2727272727272727},"junction":{"shared":191,"band":57,"share":0.29842931937172773}},"histogram":[240,196,54,6],"burgsServed":50}
stdout | src/generators/underground-measure.dom.test.ts:516:1 > measures underground alignment variants
ROW {"seed":"measure-b","variant":"smoothed-depth","ms":11,"routes":37,"cells":383,"length":3620,"overlap":0.708,"overlapLand":0.705,"parallel":0.837,"exactEdge":0.277,"alongEdge":0.506,"bandShare":0.314,"medianRoadDistance":0.38,"bandByEndpointKind":{"dual":{"shared":59,"band":23,"share":0.3898305084745763},"fully-subterranean":{"shared":81,"band":27,"share":0.3333333333333333},"junction":{"shared":159,"band":57,"share":0.3584905660377358}},"histogram":[271,84,23,5],"burgsServed":50}
stdout | src/generators/underground-measure.dom.test.ts:516:1 > measures underground alignment variants
ROW {"seed":"measure-b","variant":"road-repulsion","ms":12,"routes":44,"cells":489,"length":4719,"overlap":0.431,"overlapLand":0.427,"parallel":0.724,"exactEdge":0.105,"alongEdge":0.353,"bandShare":0.308,"medianRoadDistance":0.76,"bandByEndpointKind":{"dual":{"shared":43,"band":22,"share":0.5116279069767442},"fully-subterranean":{"shared":38,"band":17,"share":0.4473684210526316},"junction":{"shared":160,"band":51,"share":0.31875}},"histogram":[211,200,62,16],"burgsServed":49}
stdout | src/generators/underground-measure.dom.test.ts:516:1 > measures underground alignment variants
ROW {"seed":"measure-b","variant":"road-repulsion-strong","ms":12,"routes":46,"cells":502,"length":4905,"overlap":0.378,"overlapLand":0.375,"parallel":0.69,"exactEdge":0.086,"alongEdge":0.323,"bandShare":0.342,"medianRoadDistance":0.88,"bandByEndpointKind":{"dual":{"shared":40,"band":18,"share":0.45},"fully-subterranean":{"shared":41,"band":19,"share":0.4634146341463415},"junction":{"shared":140,"band":53,"share":0.37857142857142856}},"histogram":[190,211,73,28],"burgsServed":51}
stdout | src/generators/underground-measure.dom.test.ts:516:1 > measures underground alignment variants
ROW {"seed":"measure-b","variant":"longhaul-mst","ms":13,"routes":61,"cells":416,"length":3943,"overlap":0.587,"overlapLand":0.582,"parallel":0.821,"exactEdge":0.188,"alongEdge":0.451,"bandShare":0.43,"medianRoadDistance":0.54,"bandByEndpointKind":{"dual":{"shared":101,"band":56,"share":0.5544554455445545},"fully-subterranean":{"shared":69,"band":35,"share":0.5072463768115942},"junction":{"shared":122,"band":59,"share":0.48360655737704916}},"histogram":[244,127,39,6],"burgsServed":67}
stdout | src/generators/underground-measure.dom.test.ts:516:1 > measures underground alignment variants
ROW {"seed":"measure-b","variant":"trunk-spurs-25","ms":17,"routes":53,"cells":474,"length":4394,"overlap":0.502,"overlapLand":0.498,"parallel":0.721,"exactEdge":0.148,"alongEdge":0.349,"bandShare":0.353,"medianRoadDistance":0.71,"bandByEndpointKind":{"dual":{"shared":41,"band":30,"share":0.7317073170731707},"fully-subterranean":{"shared":52,"band":24,"share":0.46153846153846156},"junction":{"shared":178,"band":61,"share":0.34269662921348315}},"histogram":[238,154,64,18],"burgsServed":56}
stdout | src/generators/underground-measure.dom.test.ts:516:1 > measures underground alignment variants
ROW {"seed":"measure-b","variant":"trunk-spurs-10","ms":30,"routes":52,"cells":523,"length":4736,"overlap":0.501,"overlapLand":0.495,"parallel":0.703,"exactEdge":0.159,"alongEdge":0.374,"bandShare":0.309,"medianRoadDistance":0.74,"bandByEndpointKind":{"dual":{"shared":35,"band":26,"share":0.7428571428571429},"fully-subterranean":{"shared":17,"band":7,"share":0.4117647058823529},"junction":{"shared":239,"band":76,"share":0.3179916317991632}},"histogram":[262,167,64,30],"burgsServed":56}
stdout | src/generators/underground-measure.dom.test.ts:516:1 > measures underground alignment variants
SEED measure-c cells=5601 land=4077 burgs=815 subterranean=82 surfaceRoutes=589 {"roads":14,"trails":471,"searoutes":104} surfaceCells=2216 landRouteCells=1649 productionRoutes=50 longest=63
stdout | src/generators/underground-measure.dom.test.ts:516:1 > measures underground alignment variants
ROW {"seed":"measure-c","variant":"baseline-production","ms":0,"routes":50,"cells":520,"length":4918,"overlap":0.565,"overlapLand":0.56,"parallel":0.792,"exactEdge":0.217,"alongEdge":0.471,"bandShare":0.323,"medianRoadDistance":0.61,"bandByEndpointKind":{"dual":{"shared":116,"band":41,"share":0.35344827586206895},"fully-subterranean":{"shared":45,"band":21,"share":0.4666666666666667},"junction":{"shared":169,"band":61,"share":0.3609467455621302}},"histogram":[294,153,57,16],"burgsServed":55}
stdout | src/generators/underground-measure.dom.test.ts:516:1 > measures underground alignment variants
ROW {"seed":"measure-c","variant":"debug-real-noprune","ms":14,"routes":57,"cells":569,"length":5491,"overlap":0.562,"overlapLand":0.557,"parallel":0.806,"exactEdge":0.216,"alongEdge":0.467,"bandShare":0.338,"medianRoadDistance":0.6,"bandByEndpointKind":{"dual":{"shared":147,"band":59,"share":0.4013605442176871},"fully-subterranean":{"shared":45,"band":21,"share":0.4666666666666667},"junction":{"shared":180,"band":66,"share":0.36666666666666664}},"histogram":[320,175,58,16],"burgsServed":55}
stdout | src/generators/underground-measure.dom.test.ts:516:1 > measures underground alignment variants
ROW {"seed":"measure-c","variant":"debug-real-pruned","ms":13,"routes":50,"cells":520,"length":4918,"overlap":0.565,"overlapLand":0.56,"parallel":0.792,"exactEdge":0.217,"alongEdge":0.471,"bandShare":0.323,"medianRoadDistance":0.61,"bandByEndpointKind":{"dual":{"shared":116,"band":41,"share":0.35344827586206895},"fully-subterranean":{"shared":45,"band":21,"share":0.4666666666666667},"junction":{"shared":169,"band":61,"share":0.3609467455621302}},"histogram":[294,153,57,16],"burgsServed":55}
stdout | src/generators/underground-measure.dom.test.ts:516:1 > measures underground alignment variants
DEBUG replica stages: raw 97 routes/569 cells -> merged 57 routes -> pruned 50 routes/520 cells
stdout | src/generators/underground-measure.dom.test.ts:516:1 > measures underground alignment variants
ROW {"seed":"measure-c","variant":"replica-production","ms":12,"routes":50,"cells":520,"length":4918,"overlap":0.565,"overlapLand":0.56,"parallel":0.792,"exactEdge":0.217,"alongEdge":0.471,"bandShare":0.323,"medianRoadDistance":0.61,"bandByEndpointKind":{"dual":{"shared":116,"band":41,"share":0.35344827586206895},"fully-subterranean":{"shared":45,"band":21,"share":0.4666666666666667},"junction":{"shared":169,"band":61,"share":0.3609467455621302}},"histogram":[294,153,57,16],"burgsServed":55}
stdout | src/generators/underground-measure.dom.test.ts:516:1 > measures underground alignment variants
ROW {"seed":"measure-c","variant":"no-burg-attraction","ms":11,"routes":48,"cells":596,"length":5514,"overlap":0.567,"overlapLand":0.557,"parallel":0.827,"exactEdge":0.174,"alongEdge":0.454,"bandShare":0.269,"medianRoadDistance":0.54,"bandByEndpointKind":{"dual":{"shared":118,"band":39,"share":0.3305084745762712},"fully-subterranean":{"shared":56,"band":17,"share":0.30357142857142855},"junction":{"shared":214,"band":68,"share":0.3177570093457944}},"histogram":[338,203,47,8],"burgsServed":52}
stdout | src/generators/underground-measure.dom.test.ts:516:1 > measures underground alignment variants
ROW {"seed":"measure-c","variant":"combo-divergence","ms":15,"routes":69,"cells":600,"length":5847,"overlap":0.395,"overlapLand":0.388,"parallel":0.742,"exactEdge":0.065,"alongEdge":0.364,"bandShare":0.338,"medianRoadDistance":0.81,"bandByEndpointKind":{"dual":{"shared":57,"band":30,"share":0.5263157894736842},"fully-subterranean":{"shared":22,"band":10,"share":0.45454545454545453},"junction":{"shared":197,"band":72,"share":0.36548223350253806}},"histogram":[237,258,84,21],"burgsServed":59}
stdout | src/generators/underground-measure.dom.test.ts:516:1 > measures underground alignment variants
ROW {"seed":"measure-c","variant":"control-point","ms":5,"routes":48,"cells":595,"length":5501,"overlap":0.578,"overlapLand":0.57,"parallel":0.851,"exactEdge":0.184,"alongEdge":0.47,"bandShare":0.259,"medianRoadDistance":0.51,"bandByEndpointKind":{"dual":{"shared":139,"band":43,"share":0.30935251798561153},"fully-subterranean":{"shared":76,"band":18,"share":0.23684210526315788},"junction":{"shared":180,"band":61,"share":0.3388888888888889}},"histogram":[344,204,40,7],"burgsServed":53}
stdout | src/generators/underground-measure.dom.test.ts:516:1 > measures underground alignment variants
ROW {"seed":"measure-c","variant":"control-point-discount","ms":11,"routes":48,"cells":587,"length":5412,"overlap":0.574,"overlapLand":0.564,"parallel":0.847,"exactEdge":0.173,"alongEdge":0.472,"bandShare":0.261,"medianRoadDistance":0.53,"bandByEndpointKind":{"dual":{"shared":107,"band":34,"share":0.3177570093457944},"fully-subterranean":{"shared":57,"band":17,"share":0.2982456140350877},"junction":{"shared":223,"band":70,"share":0.31390134529147984}},"histogram":[337,198,42,10],"burgsServed":51}
stdout | src/generators/underground-measure.dom.test.ts:516:1 > measures underground alignment variants
ROW {"seed":"measure-c","variant":"control-point-burg","ms":5,"routes":42,"cells":439,"length":4159,"overlap":0.756,"overlapLand":0.749,"parallel":0.884,"exactEdge":0.34,"alongEdge":0.528,"bandShare":0.304,"medianRoadDistance":0.33,"bandByEndpointKind":{"dual":{"shared":127,"band":38,"share":0.2992125984251969},"fully-subterranean":{"shared":40,"band":16,"share":0.4},"junction":{"shared":199,"band":74,"share":0.37185929648241206}},"histogram":[332,75,26,6],"burgsServed":50}
stdout | src/generators/underground-measure.dom.test.ts:516:1 > measures underground alignment variants
ROW {"seed":"measure-c","variant":"control-point-discount-burg","ms":12,"routes":43,"cells":477,"length":4535,"overlap":0.732,"overlapLand":0.725,"parallel":0.872,"exactEdge":0.335,"alongEdge":0.532,"bandShare":0.295,"medianRoadDistance":0.36,"bandByEndpointKind":{"dual":{"shared":120,"band":34,"share":0.2833333333333333},"fully-subterranean":{"shared":65,"band":22,"share":0.3384615384615385},"junction":{"shared":202,"band":74,"share":0.36633663366336633}},"histogram":[349,92,30,6],"burgsServed":53}
stdout | src/generators/underground-measure.dom.test.ts:516:1 > measures underground alignment variants
ROW {"seed":"measure-c","variant":"gate-divergence","ms":13,"routes":56,"cells":574,"length":5743,"overlap":0.507,"overlapLand":0.505,"parallel":0.78,"exactEdge":0.148,"alongEdge":0.438,"bandShare":0.271,"medianRoadDistance":0.67,"bandByEndpointKind":{"dual":{"shared":71,"band":28,"share":0.39436619718309857},"fully-subterranean":{"shared":32,"band":14,"share":0.4375},"junction":{"shared":227,"band":62,"share":0.27312775330396477}},"histogram":[291,201,64,18],"burgsServed":53}
stdout | src/generators/underground-measure.dom.test.ts:516:1 > measures underground alignment variants
ROW {"seed":"measure-c","variant":"smoothed-depth","ms":12,"routes":45,"cells":469,"length":4430,"overlap":0.708,"overlapLand":0.704,"parallel":0.851,"exactEdge":0.328,"alongEdge":0.524,"bandShare":0.31,"medianRoadDistance":0.4,"bandByEndpointKind":{"dual":{"shared":126,"band":36,"share":0.2857142857142857},"fully-subterranean":{"shared":52,"band":21,"share":0.40384615384615385},"junction":{"shared":192,"band":74,"share":0.3854166666666667}},"histogram":[332,94,36,7],"burgsServed":53}
stdout | src/generators/underground-measure.dom.test.ts:516:1 > measures underground alignment variants
ROW {"seed":"measure-c","variant":"road-repulsion","ms":12,"routes":53,"cells":520,"length":5072,"overlap":0.394,"overlapLand":0.392,"parallel":0.726,"exactEdge":0.114,"alongEdge":0.366,"bandShare":0.395,"medianRoadDistance":0.87,"bandByEndpointKind":{"dual":{"shared":98,"band":47,"share":0.47959183673469385},"fully-subterranean":{"shared":55,"band":19,"share":0.34545454545454546},"junction":{"shared":89,"band":47,"share":0.5280898876404494}},"histogram":[205,202,88,25],"burgsServed":53}
stdout | src/generators/underground-measure.dom.test.ts:516:1 > measures underground alignment variants
ROW {"seed":"measure-c","variant":"road-repulsion-strong","ms":11,"routes":52,"cells":498,"length":4870,"overlap":0.369,"overlapLand":0.367,"parallel":0.702,"exactEdge":0.088,"alongEdge":0.341,"bandShare":0.408,"medianRoadDistance":0.93,"bandByEndpointKind":{"dual":{"shared":67,"band":38,"share":0.5671641791044776},"fully-subterranean":{"shared":44,"band":17,"share":0.38636363636363635},"junction":{"shared":104,"band":46,"share":0.4423076923076923}},"histogram":[184,196,85,33],"burgsServed":53}
stdout | src/generators/underground-measure.dom.test.ts:516:1 > measures underground alignment variants
ROW {"seed":"measure-c","variant":"longhaul-mst","ms":13,"routes":55,"cells":519,"length":4945,"overlap":0.561,"overlapLand":0.561,"parallel":0.792,"exactEdge":0.24,"alongEdge":0.462,"bandShare":0.323,"medianRoadDistance":0.61,"bandByEndpointKind":{"dual":{"shared":124,"band":38,"share":0.3064516129032258},"fully-subterranean":{"shared":50,"band":16,"share":0.32},"junction":{"shared":162,"band":79,"share":0.4876543209876543}},"histogram":[291,154,58,16],"burgsServed":53}
stdout | src/generators/underground-measure.dom.test.ts:516:1 > measures underground alignment variants
ROW {"seed":"measure-c","variant":"trunk-spurs-25","ms":14,"routes":55,"cells":442,"length":4172,"overlap":0.554,"overlapLand":0.554,"parallel":0.812,"exactEdge":0.203,"alongEdge":0.387,"bandShare":0.424,"medianRoadDistance":0.6,"bandByEndpointKind":{"dual":{"shared":59,"band":43,"share":0.7288135593220338},"fully-subterranean":{"shared":49,"band":21,"share":0.42857142857142855},"junction":{"shared":179,"band":80,"share":0.44692737430167595}},"histogram":[245,145,38,14],"burgsServed":60}
stdout | src/generators/underground-measure.dom.test.ts:516:1 > measures underground alignment variants
ROW {"seed":"measure-c","variant":"trunk-spurs-10","ms":26,"routes":48,"cells":409,"length":3737,"overlap":0.562,"overlapLand":0.56,"parallel":0.788,"exactEdge":0.209,"alongEdge":0.388,"bandShare":0.409,"medianRoadDistance":0.61,"bandByEndpointKind":{"dual":{"shared":57,"band":29,"share":0.5087719298245614},"fully-subterranean":{"shared":54,"band":18,"share":0.3333333333333333},"junction":{"shared":147,"band":71,"share":0.48299319727891155}},"histogram":[230,126,34,19],"burgsServed":60}
stdout | src/generators/underground-measure.dom.test.ts:516:1 > measures underground alignment variants
SEED measure-d cells=5958 land=4354 burgs=888 subterranean=88 surfaceRoutes=683 {"roads":20,"trails":510,"searoutes":153} surfaceCells=2931 landRouteCells=1930 productionRoutes=65 longest=35
stdout | src/generators/underground-measure.dom.test.ts:516:1 > measures underground alignment variants
ROW {"seed":"measure-d","variant":"baseline-production","ms":0,"routes":65,"cells":590,"length":5618,"overlap":0.532,"overlapLand":0.531,"parallel":0.793,"exactEdge":0.202,"alongEdge":0.435,"bandShare":0.363,"medianRoadDistance":0.6,"bandByEndpointKind":{"dual":{"shared":114,"band":51,"share":0.4473684210526316},"fully-subterranean":{"shared":99,"band":30,"share":0.30303030303030304},"junction":{"shared":148,"band":72,"share":0.4864864864864865}},"histogram":[314,212,52,12],"burgsServed":73}
stdout | src/generators/underground-measure.dom.test.ts:516:1 > measures underground alignment variants
ROW {"seed":"measure-d","variant":"debug-real-noprune","ms":15,"routes":69,"cells":621,"length":5971,"overlap":0.536,"overlapLand":0.533,"parallel":0.795,"exactEdge":0.208,"alongEdge":0.444,"bandShare":0.369,"medianRoadDistance":0.59,"bandByEndpointKind":{"dual":{"shared":119,"band":55,"share":0.46218487394957986},"fully-subterranean":{"shared":99,"band":30,"share":0.30303030303030304},"junction":{"shared":169,"band":82,"share":0.48520710059171596}},"histogram":[333,221,55,12],"burgsServed":75}
stdout | src/generators/underground-measure.dom.test.ts:516:1 > measures underground alignment variants
ROW {"seed":"measure-d","variant":"debug-real-pruned","ms":13,"routes":65,"cells":590,"length":5618,"overlap":0.532,"overlapLand":0.531,"parallel":0.793,"exactEdge":0.202,"alongEdge":0.435,"bandShare":0.363,"medianRoadDistance":0.6,"bandByEndpointKind":{"dual":{"shared":114,"band":51,"share":0.4473684210526316},"fully-subterranean":{"shared":99,"band":30,"share":0.30303030303030304},"junction":{"shared":148,"band":72,"share":0.4864864864864865}},"histogram":[314,212,52,12],"burgsServed":73}
stdout | src/generators/underground-measure.dom.test.ts:516:1 > measures underground alignment variants
DEBUG replica stages: raw 97 routes/621 cells -> merged 69 routes -> pruned 65 routes/590 cells
stdout | src/generators/underground-measure.dom.test.ts:516:1 > measures underground alignment variants
ROW {"seed":"measure-d","variant":"replica-production","ms":12,"routes":65,"cells":590,"length":5618,"overlap":0.532,"overlapLand":0.531,"parallel":0.793,"exactEdge":0.202,"alongEdge":0.435,"bandShare":0.363,"medianRoadDistance":0.6,"bandByEndpointKind":{"dual":{"shared":114,"band":51,"share":0.4473684210526316},"fully-subterranean":{"shared":99,"band":30,"share":0.30303030303030304},"junction":{"shared":148,"band":72,"share":0.4864864864864865}},"histogram":[314,212,52,12],"burgsServed":73}
stdout | src/generators/underground-measure.dom.test.ts:516:1 > measures underground alignment variants
ROW {"seed":"measure-d","variant":"no-burg-attraction","ms":11,"routes":65,"cells":644,"length":5851,"overlap":0.562,"overlapLand":0.557,"parallel":0.786,"exactEdge":0.19,"alongEdge":0.414,"bandShare":0.32,"medianRoadDistance":0.55,"bandByEndpointKind":{"dual":{"shared":97,"band":42,"share":0.4329896907216495},"fully-subterranean":{"shared":79,"band":25,"share":0.31645569620253167},"junction":{"shared":238,"band":88,"share":0.3697478991596639}},"histogram":[362,220,50,12],"burgsServed":73}
stdout | src/generators/underground-measure.dom.test.ts:516:1 > measures underground alignment variants
ROW {"seed":"measure-d","variant":"combo-divergence","ms":11,"routes":75,"cells":696,"length":6545,"overlap":0.365,"overlapLand":0.359,"parallel":0.695,"exactEdge":0.071,"alongEdge":0.338,"bandShare":0.35,"medianRoadDistance":0.82,"bandByEndpointKind":{"dual":{"shared":42,"band":22,"share":0.5238095238095238},"fully-subterranean":{"shared":57,"band":13,"share":0.22807017543859648},"junction":{"shared":188,"band":81,"share":0.4308510638297872}},"histogram":[254,335,87,20],"burgsServed":73}
stdout | src/generators/underground-measure.dom.test.ts:516:1 > measures underground alignment variants
ROW {"seed":"measure-d","variant":"control-point","ms":5,"routes":62,"cells":669,"length":5986,"overlap":0.586,"overlapLand":0.578,"parallel":0.82,"exactEdge":0.196,"alongEdge":0.435,"bandShare":0.298,"medianRoadDistance":0.51,"bandByEndpointKind":{"dual":{"shared":115,"band":49,"share":0.4260869565217391},"fully-subterranean":{"shared":119,"band":28,"share":0.23529411764705882},"junction":{"shared":209,"band":77,"share":0.3684210526315789}},"histogram":[392,221,48,8],"burgsServed":73}
stdout | src/generators/underground-measure.dom.test.ts:516:1 > measures underground alignment variants
ROW {"seed":"measure-d","variant":"control-point-discount","ms":10,"routes":65,"cells":648,"length":5699,"overlap":0.59,"overlapLand":0.583,"parallel":0.816,"exactEdge":0.205,"alongEdge":0.431,"bandShare":0.312,"medianRoadDistance":0.51,"bandByEndpointKind":{"dual":{"shared":108,"band":43,"share":0.39814814814814814},"fully-subterranean":{"shared":72,"band":23,"share":0.3194444444444444},"junction":{"shared":252,"band":91,"share":0.3611111111111111}},"histogram":[382,212,46,8],"burgsServed":73}
stdout | src/generators/underground-measure.dom.test.ts:516:1 > measures underground alignment variants
ROW {"seed":"measure-d","variant":"control-point-burg","ms":6,"routes":56,"cells":627,"length":5788,"overlap":0.689,"overlapLand":0.687,"parallel":0.841,"exactEdge":0.33,"alongEdge":0.495,"bandShare":0.257,"medianRoadDistance":0.41,"bandByEndpointKind":{"dual":{"shared":138,"band":49,"share":0.35507246376811596},"fully-subterranean":{"shared":96,"band":27,"share":0.28125},"junction":{"shared":241,"band":64,"share":0.26556016597510373}},"histogram":[432,146,39,10],"burgsServed":68}
stdout | src/generators/underground-measure.dom.test.ts:516:1 > measures underground alignment variants
ROW {"seed":"measure-d","variant":"control-point-discount-burg","ms":11,"routes":62,"cells":582,"length":5286,"overlap":0.694,"overlapLand":0.692,"parallel":0.843,"exactEdge":0.334,"alongEdge":0.499,"bandShare":0.307,"medianRoadDistance":0.4,"bandByEndpointKind":{"dual":{"shared":144,"band":50,"share":0.3472222222222222},"fully-subterranean":{"shared":64,"band":24,"share":0.375},"junction":{"shared":240,"band":82,"share":0.3416666666666667}},"histogram":[404,134,34,10],"burgsServed":74}
stdout | src/generators/underground-measure.dom.test.ts:516:1 > measures underground alignment variants
ROW {"seed":"measure-d","variant":"gate-divergence","ms":13,"routes":68,"cells":618,"length":5992,"overlap":0.451,"overlapLand":0.447,"parallel":0.728,"exactEdge":0.132,"alongEdge":0.358,"bandShare":0.308,"medianRoadDistance":0.71,"bandByEndpointKind":{"dual":{"shared":48,"band":26,"share":0.5416666666666666},"fully-subterranean":{"shared":65,"band":14,"share":0.2153846153846154},"junction":{"shared":194,"band":70,"share":0.36082474226804123}},"histogram":[279,253,72,14],"burgsServed":71}
stdout | src/generators/underground-measure.dom.test.ts:516:1 > measures underground alignment variants
ROW {"seed":"measure-d","variant":"smoothed-depth","ms":12,"routes":62,"cells":576,"length":5348,"overlap":0.688,"overlapLand":0.686,"parallel":0.834,"exactEdge":0.331,"alongEdge":0.488,"bandShare":0.318,"medianRoadDistance":0.41,"bandByEndpointKind":{"dual":{"shared":137,"band":54,"share":0.39416058394160586},"fully-subterranean":{"shared":72,"band":25,"share":0.3472222222222222},"junction":{"shared":232,"band":80,"share":0.3448275862068966}},"histogram":[396,134,34,12],"burgsServed":74}
stdout | src/generators/underground-measure.dom.test.ts:516:1 > measures underground alignment variants
ROW {"seed":"measure-d","variant":"road-repulsion","ms":14,"routes":63,"cells":549,"length":5276,"overlap":0.406,"overlapLand":0.401,"parallel":0.735,"exactEdge":0.111,"alongEdge":0.383,"bandShare":0.439,"medianRoadDistance":0.79,"bandByEndpointKind":{"dual":{"shared":76,"band":40,"share":0.5263157894736842},"fully-subterranean":{"shared":76,"band":27,"share":0.35526315789473684},"junction":{"shared":113,"band":67,"share":0.5929203539823009}},"histogram":[223,235,74,17],"burgsServed":70}
stdout | src/generators/underground-measure.dom.test.ts:516:1 > measures underground alignment variants
ROW {"seed":"measure-d","variant":"road-repulsion-strong","ms":13,"routes":64,"cells":573,"length":5550,"overlap":0.387,"overlapLand":0.38,"parallel":0.733,"exactEdge":0.11,"alongEdge":0.377,"bandShare":0.428,"medianRoadDistance":0.83,"bandByEndpointKind":{"dual":{"shared":66,"band":35,"share":0.5303030303030303},"fully-subterranean":{"shared":84,"band":28,"share":0.3333333333333333},"junction":{"shared":115,"band":67,"share":0.5826086956521739}},"histogram":[222,249,82,20],"burgsServed":71}
stdout | src/generators/underground-measure.dom.test.ts:516:1 > measures underground alignment variants
ROW {"seed":"measure-d","variant":"longhaul-mst","ms":15,"routes":73,"cells":583,"length":5579,"overlap":0.547,"overlapLand":0.544,"parallel":0.785,"exactEdge":0.214,"alongEdge":0.434,"bandShare":0.37,"medianRoadDistance":0.58,"bandByEndpointKind":{"dual":{"shared":104,"band":47,"share":0.4519230769230769},"fully-subterranean":{"shared":78,"band":23,"share":0.2948717948717949},"junction":{"shared":190,"band":94,"share":0.49473684210526314}},"histogram":[319,199,53,12],"burgsServed":74}
stdout | src/generators/underground-measure.dom.test.ts:516:1 > measures underground alignment variants
ROW {"seed":"measure-d","variant":"trunk-spurs-25","ms":14,"routes":60,"cells":525,"length":4873,"overlap":0.499,"overlapLand":0.495,"parallel":0.711,"exactEdge":0.145,"alongEdge":0.315,"bandShare":0.405,"medianRoadDistance":0.67,"bandByEndpointKind":{"dual":{"shared":60,"band":43,"share":0.7166666666666667},"fully-subterranean":{"shared":106,"band":31,"share":0.29245283018867924},"junction":{"shared":125,"band":55,"share":0.44}},"histogram":[262,182,73,8],"burgsServed":73}
stdout | src/generators/underground-measure.dom.test.ts:516:1 > measures underground alignment variants
ROW {"seed":"measure-d","variant":"trunk-spurs-10","ms":26,"routes":57,"cells":536,"length":4938,"overlap":0.474,"overlapLand":0.47,"parallel":0.672,"exactEdge":0.156,"alongEdge":0.296,"bandShare":0.37,"medianRoadDistance":0.76,"bandByEndpointKind":{"dual":{"shared":45,"band":33,"share":0.7333333333333333},"fully-subterranean":{"shared":70,"band":21,"share":0.3},"junction":{"shared":166,"band":65,"share":0.39156626506024095}},"histogram":[254,176,89,17],"burgsServed":64}
stdout | src/generators/underground-measure.dom.test.ts:516:1 > measures underground alignment variants
SEED measure-e cells=5892 land=4439 burgs=902 subterranean=90 surfaceRoutes=691 {"roads":21,"trails":516,"searoutes":154} surfaceCells=2753 landRouteCells=1884 productionRoutes=51 longest=46
stdout | src/generators/underground-measure.dom.test.ts:516:1 > measures underground alignment variants
ROW {"seed":"measure-e","variant":"baseline-production","ms":0,"routes":51,"cells":503,"length":4546,"overlap":0.535,"overlapLand":0.525,"parallel":0.811,"exactEdge":0.166,"alongEdge":0.458,"bandShare":0.335,"medianRoadDistance":0.56,"bandByEndpointKind":{"dual":{"shared":50,"band":28,"share":0.56},"fully-subterranean":{"shared":47,"band":21,"share":0.44680851063829785},"junction":{"shared":203,"band":64,"share":0.31527093596059114}},"histogram":[269,191,36,7],"burgsServed":64}
stdout | src/generators/underground-measure.dom.test.ts:516:1 > measures underground alignment variants
ROW {"seed":"measure-e","variant":"debug-real-noprune","ms":14,"routes":61,"cells":626,"length":5754,"overlap":0.54,"overlapLand":0.53,"parallel":0.817,"exactEdge":0.18,"alongEdge":0.473,"bandShare":0.32,"medianRoadDistance":0.57,"bandByEndpointKind":{"dual":{"shared":81,"band":43,"share":0.5308641975308642},"fully-subterranean":{"shared":47,"band":21,"share":0.44680851063829785},"junction":{"shared":258,"band":78,"share":0.3023255813953488}},"histogram":[338,230,47,11],"burgsServed":67}
stdout | src/generators/underground-measure.dom.test.ts:516:1 > measures underground alignment variants
ROW {"seed":"measure-e","variant":"debug-real-pruned","ms":13,"routes":51,"cells":503,"length":4546,"overlap":0.535,"overlapLand":0.525,"parallel":0.811,"exactEdge":0.166,"alongEdge":0.458,"bandShare":0.335,"medianRoadDistance":0.56,"bandByEndpointKind":{"dual":{"shared":50,"band":28,"share":0.56},"fully-subterranean":{"shared":47,"band":21,"share":0.44680851063829785},"junction":{"shared":203,"band":64,"share":0.31527093596059114}},"histogram":[269,191,36,7],"burgsServed":64}
stdout | src/generators/underground-measure.dom.test.ts:516:1 > measures underground alignment variants
DEBUG replica stages: raw 100 routes/626 cells -> merged 61 routes -> pruned 51 routes/503 cells
stdout | src/generators/underground-measure.dom.test.ts:516:1 > measures underground alignment variants
ROW {"seed":"measure-e","variant":"replica-production","ms":12,"routes":51,"cells":503,"length":4546,"overlap":0.535,"overlapLand":0.525,"parallel":0.811,"exactEdge":0.166,"alongEdge":0.458,"bandShare":0.335,"medianRoadDistance":0.56,"bandByEndpointKind":{"dual":{"shared":50,"band":28,"share":0.56},"fully-subterranean":{"shared":47,"band":21,"share":0.44680851063829785},"junction":{"shared":203,"band":64,"share":0.31527093596059114}},"histogram":[269,191,36,7],"burgsServed":64}
stdout | src/generators/underground-measure.dom.test.ts:516:1 > measures underground alignment variants
ROW {"seed":"measure-e","variant":"no-burg-attraction","ms":12,"routes":55,"cells":607,"length":5326,"overlap":0.572,"overlapLand":0.555,"parallel":0.835,"exactEdge":0.198,"alongEdge":0.466,"bandShare":0.294,"medianRoadDistance":0.52,"bandByEndpointKind":{"dual":{"shared":78,"band":32,"share":0.41025641025641024},"fully-subterranean":{"shared":56,"band":25,"share":0.44642857142857145},"junction":{"shared":256,"band":73,"share":0.28515625}},"histogram":[347,213,41,6],"burgsServed":66}
stdout | src/generators/underground-measure.dom.test.ts:516:1 > measures underground alignment variants
ROW {"seed":"measure-e","variant":"combo-divergence","ms":13,"routes":78,"cells":626,"length":5939,"overlap":0.411,"overlapLand":0.396,"parallel":0.778,"exactEdge":0.085,"alongEdge":0.412,"bandShare":0.358,"medianRoadDistance":0.71,"bandByEndpointKind":{"dual":{"shared":30,"band":19,"share":0.6333333333333333},"fully-subterranean":{"shared":42,"band":16,"share":0.38095238095238093},"junction":{"shared":224,"band":88,"share":0.39285714285714285}},"histogram":[257,302,56,11],"burgsServed":70}
stdout | src/generators/underground-measure.dom.test.ts:516:1 > measures underground alignment variants
ROW {"seed":"measure-e","variant":"control-point","ms":5,"routes":55,"cells":595,"length":5220,"overlap":0.563,"overlapLand":0.543,"parallel":0.841,"exactEdge":0.197,"alongEdge":0.476,"bandShare":0.296,"medianRoadDistance":0.54,"bandByEndpointKind":{"dual":{"shared":61,"band":31,"share":0.5081967213114754},"fully-subterranean":{"shared":58,"band":25,"share":0.43103448275862066},"junction":{"shared":258,"band":71,"share":0.2751937984496124}},"histogram":[335,211,39,10],"burgsServed":66}
stdout | src/generators/underground-measure.dom.test.ts:516:1 > measures underground alignment variants
ROW {"seed":"measure-e","variant":"control-point-discount","ms":10,"routes":55,"cells":618,"length":5353,"overlap":0.57,"overlapLand":0.553,"parallel":0.844,"exactEdge":0.201,"alongEdge":0.475,"bandShare":0.284,"medianRoadDistance":0.51,"bandByEndpointKind":{"dual":{"shared":78,"band":32,"share":0.41025641025641024},"fully-subterranean":{"shared":56,"band":24,"share":0.42857142857142855},"junction":{"shared":261,"band":72,"share":0.27586206896551724}},"histogram":[352,223,37,6],"burgsServed":66}
stdout | src/generators/underground-measure.dom.test.ts:516:1 > measures underground alignment variants
ROW {"seed":"measure-e","variant":"control-point-burg","ms":5,"routes":50,"cells":547,"length":4902,"overlap":0.68,"overlapLand":0.676,"parallel":0.902,"exactEdge":0.279,"alongEdge":0.541,"bandShare":0.274,"medianRoadDistance":0.37,"bandByEndpointKind":{"dual":{"shared":74,"band":33,"share":0.44594594594594594},"fully-subterranean":{"shared":78,"band":27,"share":0.34615384615384615},"junction":{"shared":252,"band":68,"share":0.2698412698412698}},"histogram":[372,151,20,4],"burgsServed":63}
stdout | src/generators/underground-measure.dom.test.ts:516:1 > measures underground alignment variants
ROW {"seed":"measure-e","variant":"control-point-discount-burg","ms":13,"routes":49,"cells":534,"length":4746,"overlap":0.695,"overlapLand":0.691,"parallel":0.91,"exactEdge":0.295,"alongEdge":0.556,"bandShare":0.283,"medianRoadDistance":0.34,"bandByEndpointKind":{"dual":{"shared":72,"band":31,"share":0.4305555555555556},"fully-subterranean":{"shared":78,"band":27,"share":0.34615384615384615},"junction":{"shared":251,"band":70,"share":0.2788844621513944}},"histogram":[371,146,17,0],"burgsServed":64}
stdout | src/generators/underground-measure.dom.test.ts:516:1 > measures underground alignment variants
ROW {"seed":"measure-e","variant":"gate-divergence","ms":15,"routes":60,"cells":571,"length":5493,"overlap":0.478,"overlapLand":0.471,"parallel":0.806,"exactEdge":0.118,"alongEdge":0.443,"bandShare":0.275,"medianRoadDistance":0.62,"bandByEndpointKind":{"dual":{"shared":33,"band":17,"share":0.5151515151515151},"fully-subterranean":{"shared":27,"band":11,"share":0.4074074074074074},"junction":{"shared":240,"band":70,"share":0.2916666666666667}},"histogram":[273,247,44,7],"burgsServed":62}
stdout | src/generators/underground-measure.dom.test.ts:516:1 > measures underground alignment variants
ROW {"seed":"measure-e","variant":"smoothed-depth","ms":14,"routes":49,"cells":490,"length":4421,"overlap":0.659,"overlapLand":0.657,"parallel":0.897,"exactEdge":0.254,"alongEdge":0.528,"bandShare":0.31,"medianRoadDistance":0.39,"bandByEndpointKind":{"dual":{"shared":47,"band":23,"share":0.48936170212765956},"fully-subterranean":{"shared":69,"band":22,"share":0.3188405797101449},"junction":{"shared":239,"band":80,"share":0.33472803347280333}},"histogram":[323,145,18,4],"burgsServed":60}
stdout | src/generators/underground-measure.dom.test.ts:516:1 > measures underground alignment variants
ROW {"seed":"measure-e","variant":"road-repulsion","ms":13,"routes":54,"cells":517,"length":4762,"overlap":0.458,"overlapLand":0.447,"parallel":0.803,"exactEdge":0.107,"alongEdge":0.451,"bandShare":0.35,"medianRoadDistance":0.67,"bandByEndpointKind":{"dual":{"shared":58,"band":31,"share":0.5344827586206896},"fully-subterranean":{"shared":47,"band":19,"share":0.40425531914893614},"junction":{"shared":164,"band":57,"share":0.3475609756097561}},"histogram":[237,227,41,12],"burgsServed":64}
stdout | src/generators/underground-measure.dom.test.ts:516:1 > measures underground alignment variants
ROW {"seed":"measure-e","variant":"road-repulsion-strong","ms":14,"routes":56,"cells":574,"length":5325,"overlap":0.427,"overlapLand":0.416,"parallel":0.763,"exactEdge":0.084,"alongEdge":0.412,"bandShare":0.339,"medianRoadDistance":0.74,"bandByEndpointKind":{"dual":{"shared":49,"band":29,"share":0.5918367346938775},"fully-subterranean":{"shared":47,"band":19,"share":0.40425531914893614},"junction":{"shared":182,"band":60,"share":0.32967032967032966}},"histogram":[245,249,63,17],"burgsServed":65}
stdout | src/generators/underground-measure.dom.test.ts:516:1 > measures underground alignment variants
ROW {"seed":"measure-e","variant":"longhaul-mst","ms":16,"routes":67,"cells":556,"length":5127,"overlap":0.55,"overlapLand":0.541,"parallel":0.826,"exactEdge":0.212,"alongEdge":0.498,"bandShare":0.366,"medianRoadDistance":0.55,"bandByEndpointKind":{"dual":{"shared":52,"band":36,"share":0.6923076923076923},"fully-subterranean":{"shared":81,"band":39,"share":0.48148148148148145},"junction":{"shared":221,"band":78,"share":0.35294117647058826}},"histogram":[306,201,42,7],"burgsServed":72}
stdout | src/generators/underground-measure.dom.test.ts:516:1 > measures underground alignment variants
ROW {"seed":"measure-e","variant":"trunk-spurs-25","ms":18,"routes":62,"cells":553,"length":5079,"overlap":0.492,"overlapLand":0.485,"parallel":0.756,"exactEdge":0.139,"alongEdge":0.342,"bandShare":0.371,"medianRoadDistance":0.7,"bandByEndpointKind":{"dual":{"shared":71,"band":42,"share":0.5915492957746479},"fully-subterranean":{"shared":48,"band":22,"share":0.4583333333333333},"junction":{"shared":186,"band":69,"share":0.3709677419354839}},"histogram":[272,197,63,21],"burgsServed":72}
stdout | src/generators/underground-measure.dom.test.ts:516:1 > measures underground alignment variants
ROW {"seed":"measure-e","variant":"trunk-spurs-10","ms":47,"routes":55,"cells":409,"length":3686,"overlap":0.491,"overlapLand":0.489,"parallel":0.751,"exactEdge":0.128,"alongEdge":0.386,"bandShare":0.403,"medianRoadDistance":0.68,"bandByEndpointKind":{"dual":{"shared":69,"band":31,"share":0.4492753623188406},"fully-subterranean":{"shared":27,"band":14,"share":0.5185185185185185},"junction":{"shared":130,"band":60,"share":0.46153846153846156}},"histogram":[201,154,39,15],"burgsServed":66}
stdout | src/generators/underground-measure.dom.test.ts:516:1 > measures underground alignment variants
SEED measure-f cells=6478 land=4526 burgs=874 subterranean=88 surfaceRoutes=649 {"roads":24,"trails":475,"searoutes":150} surfaceCells=2727 landRouteCells=1820 productionRoutes=46 longest=63
stdout | src/generators/underground-measure.dom.test.ts:516:1 > measures underground alignment variants
ROW {"seed":"measure-f","variant":"baseline-production","ms":0,"routes":46,"cells":486,"length":4541,"overlap":0.558,"overlapLand":0.543,"parallel":0.83,"exactEdge":0.206,"alongEdge":0.437,"bandShare":0.354,"medianRoadDistance":0.58,"bandByEndpointKind":{"dual":{"shared":72,"band":23,"share":0.3194444444444444},"fully-subterranean":{"shared":122,"band":36,"share":0.29508196721311475},"junction":{"shared":112,"band":60,"share":0.5357142857142857}},"histogram":[271,160,45,10],"burgsServed":58}
stdout | src/generators/underground-measure.dom.test.ts:516:1 > measures underground alignment variants
ROW {"seed":"measure-f","variant":"debug-real-noprune","ms":16,"routes":58,"cells":558,"length":5367,"overlap":0.561,"overlapLand":0.547,"parallel":0.843,"exactEdge":0.224,"alongEdge":0.467,"bandShare":0.377,"medianRoadDistance":0.56,"bandByEndpointKind":{"dual":{"shared":110,"band":42,"share":0.38181818181818183},"fully-subterranean":{"shared":122,"band":36,"share":0.29508196721311475},"junction":{"shared":140,"band":77,"share":0.55}},"histogram":[313,187,48,10],"burgsServed":63}
stdout | src/generators/underground-measure.dom.test.ts:516:1 > measures underground alignment variants
ROW {"seed":"measure-f","variant":"debug-real-pruned","ms":14,"routes":46,"cells":486,"length":4541,"overlap":0.558,"overlapLand":0.543,"parallel":0.83,"exactEdge":0.206,"alongEdge":0.437,"bandShare":0.354,"medianRoadDistance":0.58,"bandByEndpointKind":{"dual":{"shared":72,"band":23,"share":0.3194444444444444},"fully-subterranean":{"shared":122,"band":36,"share":0.29508196721311475},"junction":{"shared":112,"band":60,"share":0.5357142857142857}},"histogram":[271,160,45,10],"burgsServed":58}
stdout | src/generators/underground-measure.dom.test.ts:516:1 > measures underground alignment variants
DEBUG replica stages: raw 99 routes/558 cells -> merged 58 routes -> pruned 46 routes/486 cells
stdout | src/generators/underground-measure.dom.test.ts:516:1 > measures underground alignment variants
ROW {"seed":"measure-f","variant":"replica-production","ms":13,"routes":46,"cells":486,"length":4541,"overlap":0.558,"overlapLand":0.543,"parallel":0.83,"exactEdge":0.206,"alongEdge":0.437,"bandShare":0.354,"medianRoadDistance":0.58,"bandByEndpointKind":{"dual":{"shared":72,"band":23,"share":0.3194444444444444},"fully-subterranean":{"shared":122,"band":36,"share":0.29508196721311475},"junction":{"shared":112,"band":60,"share":0.5357142857142857}},"histogram":[271,160,45,10],"burgsServed":58}
stdout | src/generators/underground-measure.dom.test.ts:516:1 > measures underground alignment variants
ROW {"seed":"measure-f","variant":"no-burg-attraction","ms":12,"routes":55,"cells":556,"length":5082,"overlap":0.597,"overlapLand":0.572,"parallel":0.878,"exactEdge":0.189,"alongEdge":0.443,"bandShare":0.377,"medianRoadDistance":0.49,"bandByEndpointKind":{"dual":{"shared":102,"band":31,"share":0.30392156862745096},"fully-subterranean":{"shared":112,"band":35,"share":0.3125},"junction":{"shared":174,"band":89,"share":0.5114942528735632}},"histogram":[332,185,30,9],"burgsServed":64}
stdout | src/generators/underground-measure.dom.test.ts:516:1 > measures underground alignment variants
ROW {"seed":"measure-f","variant":"combo-divergence","ms":14,"routes":78,"cells":629,"length":6041,"overlap":0.431,"overlapLand":0.42,"parallel":0.786,"exactEdge":0.073,"alongEdge":0.337,"bandShare":0.41,"medianRoadDistance":0.71,"bandByEndpointKind":{"dual":{"shared":26,"band":16,"share":0.6153846153846154},"fully-subterranean":{"shared":58,"band":24,"share":0.41379310344827586},"junction":{"shared":231,"band":102,"share":0.44155844155844154}},"histogram":[271,282,63,13],"burgsServed":73}
stdout | src/generators/underground-measure.dom.test.ts:516:1 > measures underground alignment variants
ROW {"seed":"measure-f","variant":"control-point","ms":6,"routes":52,"cells":599,"length":5462,"overlap":0.599,"overlapLand":0.578,"parallel":0.887,"exactEdge":0.183,"alongEdge":0.469,"bandShare":0.298,"medianRoadDistance":0.46,"bandByEndpointKind":{"dual":{"shared":106,"band":31,"share":0.29245283018867924},"fully-subterranean":{"shared":149,"band":39,"share":0.26174496644295303},"junction":{"shared":156,"band":69,"share":0.4423076923076923}},"histogram":[359,206,31,3],"burgsServed":63}
stdout | src/generators/underground-measure.dom.test.ts:516:1 > measures underground alignment variants
ROW {"seed":"measure-f","variant":"control-point-discount","ms":11,"routes":54,"cells":541,"length":4926,"overlap":0.603,"overlapLand":0.579,"parallel":0.874,"exactEdge":0.19,"alongEdge":0.451,"bandShare":0.371,"medianRoadDistance":0.49,"bandByEndpointKind":{"dual":{"shared":100,"band":28,"share":0.28},"fully-subterranean":{"shared":110,"band":35,"share":0.3181818181818182},"junction":{"shared":168,"band":86,"share":0.5119047619047619}},"histogram":[326,175,31,9],"burgsServed":62}
stdout | src/generators/underground-measure.dom.test.ts:516:1 > measures underground alignment variants
ROW {"seed":"measure-f","variant":"control-point-burg","ms":6,"routes":42,"cells":452,"length":4228,"overlap":0.715,"overlapLand":0.701,"parallel":0.896,"exactEdge":0.347,"alongEdge":0.511,"bandShare":0.325,"medianRoadDistance":0.34,"bandByEndpointKind":{"dual":{"shared":119,"band":37,"share":0.31092436974789917},"fully-subterranean":{"shared":96,"band":33,"share":0.34375},"junction":{"shared":146,"band":61,"share":0.4178082191780822}},"histogram":[323,108,18,3],"burgsServed":55}
stdout | src/generators/underground-measure.dom.test.ts:516:1 > measures underground alignment variants
ROW {"seed":"measure-f","variant":"control-point-discount-burg","ms":11,"routes":45,"cells":467,"length":4313,"overlap":0.734,"overlapLand":0.717,"parallel":0.898,"exactEdge":0.349,"alongEdge":0.508,"bandShare":0.321,"medianRoadDistance":0.31,"bandByEndpointKind":{"dual":{"shared":69,"band":29,"share":0.42028985507246375},"fully-subterranean":{"shared":149,"band":42,"share":0.28187919463087246},"junction":{"shared":161,"band":65,"share":0.40372670807453415}},"histogram":[343,104,17,3],"burgsServed":57}
stdout | src/generators/underground-measure.dom.test.ts:516:1 > measures underground alignment variants
ROW {"seed":"measure-f","variant":"gate-divergence","ms":14,"routes":58,"cells":481,"length":4603,"overlap":0.511,"overlapLand":0.509,"parallel":0.797,"exactEdge":0.15,"alongEdge":0.404,"bandShare":0.37,"medianRoadDistance":0.63,"bandByEndpointKind":{"dual":{"shared":26,"band":16,"share":0.6153846153846154},"fully-subterranean":{"shared":45,"band":19,"share":0.4222222222222222},"junction":{"shared":207,"band":76,"share":0.3671497584541063}},"histogram":[246,176,49,10],"burgsServed":64}
stdout | src/generators/underground-measure.dom.test.ts:516:1 > measures underground alignment variants
ROW {"seed":"measure-f","variant":"smoothed-depth","ms":13,"routes":46,"cells":500,"length":4549,"overlap":0.712,"overlapLand":0.696,"parallel":0.898,"exactEdge":0.322,"alongEdge":0.498,"bandShare":0.317,"medianRoadDistance":0.34,"bandByEndpointKind":{"dual":{"shared":62,"band":25,"share":0.4032258064516129},"fully-subterranean":{"shared":140,"band":43,"share":0.30714285714285716},"junction":{"shared":189,"band":68,"share":0.35978835978835977}},"histogram":[356,121,19,4],"burgsServed":60}
stdout | src/generators/underground-measure.dom.test.ts:516:1 > measures underground alignment variants
ROW {"seed":"measure-f","variant":"road-repulsion","ms":13,"routes":45,"cells":398,"length":3669,"overlap":0.457,"overlapLand":0.447,"parallel":0.777,"exactEdge":0.101,"alongEdge":0.402,"bandShare":0.473,"medianRoadDistance":0.7,"bandByEndpointKind":{"dual":{"shared":24,"band":19,"share":0.7916666666666666},"fully-subterranean":{"shared":86,"band":31,"share":0.36046511627906974},"junction":{"shared":99,"band":57,"share":0.5757575757575758}},"histogram":[182,161,46,9],"burgsServed":59}
stdout | src/generators/underground-measure.dom.test.ts:516:1 > measures underground alignment variants
ROW {"seed":"measure-f","variant":"road-repulsion-strong","ms":14,"routes":53,"cells":493,"length":4710,"overlap":0.406,"overlapLand":0.402,"parallel":0.756,"exactEdge":0.094,"alongEdge":0.394,"bandShare":0.44,"medianRoadDistance":0.8,"bandByEndpointKind":{"dual":{"shared":24,"band":19,"share":0.7916666666666666},"fully-subterranean":{"shared":88,"band":38,"share":0.4318181818181818},"junction":{"shared":124,"band":59,"share":0.47580645161290325}},"histogram":[200,212,62,19],"burgsServed":63}
stdout | src/generators/underground-measure.dom.test.ts:516:1 > measures underground alignment variants
ROW {"seed":"measure-f","variant":"longhaul-mst","ms":15,"routes":64,"cells":531,"length":4980,"overlap":0.565,"overlapLand":0.552,"parallel":0.833,"exactEdge":0.222,"alongEdge":0.459,"bandShare":0.443,"medianRoadDistance":0.56,"bandByEndpointKind":{"dual":{"shared":78,"band":38,"share":0.48717948717948717},"fully-subterranean":{"shared":96,"band":44,"share":0.4583333333333333},"junction":{"shared":182,"band":93,"share":0.510989010989011}},"histogram":[300,175,46,10],"burgsServed":73}
stdout | src/generators/underground-measure.dom.test.ts:516:1 > measures underground alignment variants
ROW {"seed":"measure-f","variant":"trunk-spurs-25","ms":13,"routes":53,"cells":444,"length":4116,"overlap":0.516,"overlapLand":0.514,"parallel":0.759,"exactEdge":0.187,"alongEdge":0.39,"bandShare":0.463,"medianRoadDistance":0.66,"bandByEndpointKind":{"dual":{"shared":69,"band":39,"share":0.5652173913043478},"fully-subterranean":{"shared":22,"band":12,"share":0.5454545454545454},"junction":{"shared":177,"band":93,"share":0.5254237288135594}},"histogram":[229,147,58,10],"burgsServed":60}
stdout | src/generators/underground-measure.dom.test.ts:516:1 > measures underground alignment variants
ROW {"seed":"measure-f","variant":"trunk-spurs-10","ms":26,"routes":49,"cells":432,"length":4004,"overlap":0.479,"overlapLand":0.477,"parallel":0.72,"exactEdge":0.102,"alongEdge":0.285,"bandShare":0.473,"medianRoadDistance":0.76,"bandByEndpointKind":{"dual":{"shared":75,"band":38,"share":0.5066666666666667},"fully-subterranean":{"shared":32,"band":19,"share":0.59375},"junction":{"shared":132,"band":69,"share":0.5227272727272727}},"histogram":[207,146,56,23],"burgsServed":60}
stdout | src/generators/underground-measure.dom.test.ts:516:1 > measures underground alignment variants
SEED measure-g cells=5581 land=4091 burgs=811 subterranean=82 surfaceRoutes=644 {"roads":15,"trails":497,"searoutes":132} surfaceCells=2501 landRouteCells=1735 productionRoutes=48 longest=40
stdout | src/generators/underground-measure.dom.test.ts:516:1 > measures underground alignment variants
ROW {"seed":"measure-g","variant":"baseline-production","ms":0,"routes":48,"cells":519,"length":4714,"overlap":0.57,"overlapLand":0.561,"parallel":0.826,"exactEdge":0.223,"alongEdge":0.457,"bandShare":0.311,"medianRoadDistance":0.59,"bandByEndpointKind":{"dual":{"shared":92,"band":32,"share":0.34782608695652173},"fully-subterranean":{"shared":52,"band":23,"share":0.4423076923076923},"junction":{"shared":186,"band":64,"share":0.34408602150537637}},"histogram":[296,158,45,20],"burgsServed":58}
stdout | src/generators/underground-measure.dom.test.ts:516:1 > measures underground alignment variants
ROW {"seed":"measure-g","variant":"debug-real-noprune","ms":15,"routes":58,"cells":616,"length":5577,"overlap":0.594,"overlapLand":0.586,"parallel":0.839,"exactEdge":0.247,"alongEdge":0.488,"bandShare":0.317,"medianRoadDistance":0.55,"bandByEndpointKind":{"dual":{"shared":150,"band":57,"share":0.38},"fully-subterranean":{"shared":52,"band":23,"share":0.4423076923076923},"junction":{"shared":215,"band":71,"share":0.3302325581395349}},"histogram":[366,182,48,20],"burgsServed":61}
stdout | src/generators/underground-measure.dom.test.ts:516:1 > measures underground alignment variants
ROW {"seed":"measure-g","variant":"debug-real-pruned","ms":15,"routes":48,"cells":519,"length":4714,"overlap":0.57,"overlapLand":0.561,"parallel":0.826,"exactEdge":0.223,"alongEdge":0.457,"bandShare":0.311,"medianRoadDistance":0.59,"bandByEndpointKind":{"dual":{"shared":92,"band":32,"share":0.34782608695652173},"fully-subterranean":{"shared":52,"band":23,"share":0.4423076923076923},"junction":{"shared":186,"band":64,"share":0.34408602150537637}},"histogram":[296,158,45,20],"burgsServed":58}
stdout | src/generators/underground-measure.dom.test.ts:516:1 > measures underground alignment variants
DEBUG replica stages: raw 90 routes/616 cells -> merged 58 routes -> pruned 48 routes/519 cells
stdout | src/generators/underground-measure.dom.test.ts:516:1 > measures underground alignment variants
ROW {"seed":"measure-g","variant":"replica-production","ms":14,"routes":48,"cells":519,"length":4714,"overlap":0.57,"overlapLand":0.561,"parallel":0.826,"exactEdge":0.223,"alongEdge":0.457,"bandShare":0.311,"medianRoadDistance":0.59,"bandByEndpointKind":{"dual":{"shared":92,"band":32,"share":0.34782608695652173},"fully-subterranean":{"shared":52,"band":23,"share":0.4423076923076923},"junction":{"shared":186,"band":64,"share":0.34408602150537637}},"histogram":[296,158,45,20],"burgsServed":58}
stdout | src/generators/underground-measure.dom.test.ts:516:1 > measures underground alignment variants
ROW {"seed":"measure-g","variant":"no-burg-attraction","ms":13,"routes":51,"cells":545,"length":4825,"overlap":0.574,"overlapLand":0.563,"parallel":0.843,"exactEdge":0.237,"alongEdge":0.491,"bandShare":0.297,"medianRoadDistance":0.58,"bandByEndpointKind":{"dual":{"shared":104,"band":34,"share":0.3269230769230769},"fully-subterranean":{"shared":60,"band":25,"share":0.4166666666666667},"junction":{"shared":191,"band":64,"share":0.33507853403141363}},"histogram":[313,169,42,21],"burgsServed":62}
stdout | src/generators/underground-measure.dom.test.ts:516:1 > measures underground alignment variants
ROW {"seed":"measure-g","variant":"combo-divergence","ms":18,"routes":62,"cells":645,"length":5979,"overlap":0.425,"overlapLand":0.411,"parallel":0.742,"exactEdge":0.105,"alongEdge":0.369,"bandShare":0.292,"medianRoadDistance":0.76,"bandByEndpointKind":{"dual":{"shared":37,"band":16,"share":0.43243243243243246},"fully-subterranean":{"shared":32,"band":13,"share":0.40625},"junction":{"shared":239,"band":77,"share":0.32217573221757323}},"histogram":[274,276,74,21],"burgsServed":62}
stdout | src/generators/underground-measure.dom.test.ts:516:1 > measures underground alignment variants
ROW {"seed":"measure-g","variant":"control-point","ms":5,"routes":49,"cells":581,"length":5091,"overlap":0.592,"overlapLand":0.578,"parallel":0.853,"exactEdge":0.242,"alongEdge":0.499,"bandShare":0.273,"medianRoadDistance":0.53,"bandByEndpointKind":{"dual":{"shared":96,"band":34,"share":0.3541666666666667},"fully-subterranean":{"shared":53,"band":24,"share":0.4528301886792453},"junction":{"shared":238,"band":67,"share":0.2815126050420168}},"histogram":[344,182,38,17],"burgsServed":59}
stdout | src/generators/underground-measure.dom.test.ts:516:1 > measures underground alignment variants
ROW {"seed":"measure-g","variant":"control-point-discount","ms":12,"routes":50,"cells":560,"length":4890,"overlap":0.589,"overlapLand":0.575,"parallel":0.853,"exactEdge":0.245,"alongEdge":0.504,"bandShare":0.285,"medianRoadDistance":0.54,"bandByEndpointKind":{"dual":{"shared":93,"band":31,"share":0.3333333333333333},"fully-subterranean":{"shared":53,"band":24,"share":0.4528301886792453},"junction":{"shared":226,"band":69,"share":0.3053097345132743}},"histogram":[330,175,38,17],"burgsServed":61}
stdout | src/generators/underground-measure.dom.test.ts:516:1 > measures underground alignment variants
ROW {"seed":"measure-g","variant":"control-point-burg","ms":5,"routes":47,"cells":567,"length":5248,"overlap":0.73,"overlapLand":0.718,"parallel":0.898,"exactEdge":0.34,"alongEdge":0.516,"bandShare":0.268,"medianRoadDistance":0.35,"bandByEndpointKind":{"dual":{"shared":131,"band":42,"share":0.32061068702290074},"fully-subterranean":{"shared":56,"band":27,"share":0.48214285714285715},"junction":{"shared":270,"band":70,"share":0.25925925925925924}},"histogram":[414,123,16,14],"burgsServed":59}
stdout | src/generators/underground-measure.dom.test.ts:516:1 > measures underground alignment variants
ROW {"seed":"measure-g","variant":"control-point-discount-burg","ms":12,"routes":44,"cells":502,"length":4576,"overlap":0.719,"overlapLand":0.707,"parallel":0.893,"exactEdge":0.323,"alongEdge":0.5,"bandShare":0.288,"medianRoadDistance":0.37,"bandByEndpointKind":{"dual":{"shared":121,"band":43,"share":0.35537190082644626},"fully-subterranean":{"shared":75,"band":27,"share":0.36},"junction":{"shared":198,"band":58,"share":0.29292929292929293}},"histogram":[361,112,15,14],"burgsServed":58}
stdout | src/generators/underground-measure.dom.test.ts:516:1 > measures underground alignment variants
ROW {"seed":"measure-g","variant":"gate-divergence","ms":14,"routes":50,"cells":530,"length":4888,"overlap":0.508,"overlapLand":0.494,"parallel":0.759,"exactEdge":0.167,"alongEdge":0.401,"bandShare":0.26,"medianRoadDistance":0.66,"bandByEndpointKind":{"dual":{"shared":49,"band":17,"share":0.3469387755102041},"fully-subterranean":{"shared":41,"band":17,"share":0.4146341463414634},"junction":{"shared":203,"band":57,"share":0.28078817733990147}},"histogram":[269,190,53,18],"burgsServed":55}
stdout | src/generators/underground-measure.dom.test.ts:516:1 > measures underground alignment variants
ROW {"seed":"measure-g","variant":"smoothed-depth","ms":14,"routes":42,"cells":471,"length":4308,"overlap":0.711,"overlapLand":0.699,"parallel":0.887,"exactEdge":0.352,"alongEdge":0.505,"bandShare":0.29,"medianRoadDistance":0.4,"bandByEndpointKind":{"dual":{"shared":123,"band":43,"share":0.34959349593495936},"fully-subterranean":{"shared":41,"band":20,"share":0.4878048780487805},"junction":{"shared":202,"band":58,"share":0.2871287128712871}},"histogram":[335,100,20,16],"burgsServed":55}
stdout | src/generators/underground-measure.dom.test.ts:516:1 > measures underground alignment variants
ROW {"seed":"measure-g","variant":"road-repulsion","ms":15,"routes":54,"cells":571,"length":5347,"overlap":0.475,"overlapLand":0.468,"parallel":0.774,"exactEdge":0.161,"alongEdge":0.411,"bandShare":0.332,"medianRoadDistance":0.74,"bandByEndpointKind":{"dual":{"shared":72,"band":32,"share":0.4444444444444444},"fully-subterranean":{"shared":75,"band":29,"share":0.38666666666666666},"junction":{"shared":165,"band":61,"share":0.3696969696969697}},"histogram":[271,205,68,27],"burgsServed":59}
stdout | src/generators/underground-measure.dom.test.ts:516:1 > measures underground alignment variants
ROW {"seed":"measure-g","variant":"road-repulsion-strong","ms":16,"routes":62,"cells":570,"length":5373,"overlap":0.402,"overlapLand":0.393,"parallel":0.72,"exactEdge":0.117,"alongEdge":0.354,"bandShare":0.389,"medianRoadDistance":0.87,"bandByEndpointKind":{"dual":{"shared":65,"band":33,"share":0.5076923076923077},"fully-subterranean":{"shared":43,"band":24,"share":0.5581395348837209},"junction":{"shared":164,"band":70,"share":0.4268292682926829}},"histogram":[229,225,78,38],"burgsServed":64}
stdout | src/generators/underground-measure.dom.test.ts:516:1 > measures underground alignment variants
ROW {"seed":"measure-g","variant":"longhaul-mst","ms":15,"routes":56,"cells":509,"length":4646,"overlap":0.562,"overlapLand":0.554,"parallel":0.807,"exactEdge":0.211,"alongEdge":0.449,"bandShare":0.343,"medianRoadDistance":0.61,"bandByEndpointKind":{"dual":{"shared":57,"band":28,"share":0.49122807017543857},"fully-subterranean":{"shared":63,"band":20,"share":0.31746031746031744},"junction":{"shared":206,"band":85,"share":0.41262135922330095}},"histogram":[286,156,47,20],"burgsServed":62}
stdout | src/generators/underground-measure.dom.test.ts:516:1 > measures underground alignment variants
ROW {"seed":"measure-g","variant":"trunk-spurs-25","ms":19,"routes":50,"cells":483,"length":4368,"overlap":0.507,"overlapLand":0.497,"parallel":0.787,"exactEdge":0.158,"alongEdge":0.38,"bandShare":0.351,"medianRoadDistance":0.68,"bandByEndpointKind":{"dual":{"shared":40,"band":20,"share":0.5},"fully-subterranean":{"shared":96,"band":36,"share":0.375},"junction":{"shared":138,"band":54,"share":0.391304347826087}},"histogram":[245,168,50,20],"burgsServed":62}
stdout | src/generators/underground-measure.dom.test.ts:516:1 > measures underground alignment variants
ROW {"seed":"measure-g","variant":"trunk-spurs-10","ms":29,"routes":55,"cells":472,"length":4336,"overlap":0.487,"overlapLand":0.477,"parallel":0.741,"exactEdge":0.132,"alongEdge":0.344,"bandShare":0.378,"medianRoadDistance":0.72,"bandByEndpointKind":{"dual":{"shared":72,"band":36,"share":0.5},"fully-subterranean":{"shared":32,"band":21,"share":0.65625},"junction":{"shared":155,"band":58,"share":0.3741935483870968}},"histogram":[230,166,52,24],"burgsServed":66}
stdout | src/generators/underground-measure.dom.test.ts:516:1 > measures underground alignment variants
SEED measure-h cells=5468 land=4119 burgs=835 subterranean=84 surfaceRoutes=618 {"roads":16,"trails":475,"searoutes":127} surfaceCells=2696 landRouteCells=1857 productionRoutes=51 longest=60
stdout | src/generators/underground-measure.dom.test.ts:516:1 > measures underground alignment variants
ROW {"seed":"measure-h","variant":"baseline-production","ms":0,"routes":51,"cells":469,"length":4443,"overlap":0.539,"overlapLand":0.535,"parallel":0.759,"exactEdge":0.196,"alongEdge":0.422,"bandShare":0.348,"medianRoadDistance":0.61,"bandByEndpointKind":{"dual":{"shared":45,"band":24,"share":0.5333333333333333},"fully-subterranean":{"shared":118,"band":38,"share":0.3220338983050847},"junction":{"shared":130,"band":58,"share":0.4461538461538462}},"histogram":[253,154,52,10],"burgsServed":63}
stdout | src/generators/underground-measure.dom.test.ts:516:1 > measures underground alignment variants
ROW {"seed":"measure-h","variant":"debug-real-noprune","ms":12,"routes":56,"cells":485,"length":4651,"overlap":0.548,"overlapLand":0.542,"parallel":0.769,"exactEdge":0.204,"alongEdge":0.431,"bandShare":0.368,"medianRoadDistance":0.6,"bandByEndpointKind":{"dual":{"shared":65,"band":36,"share":0.5538461538461539},"fully-subterranean":{"shared":118,"band":38,"share":0.3220338983050847},"junction":{"shared":133,"band":61,"share":0.45864661654135336}},"histogram":[266,157,52,10],"burgsServed":64}
stdout | src/generators/underground-measure.dom.test.ts:516:1 > measures underground alignment variants
ROW {"seed":"measure-h","variant":"debug-real-pruned","ms":12,"routes":51,"cells":469,"length":4443,"overlap":0.539,"overlapLand":0.535,"parallel":0.759,"exactEdge":0.196,"alongEdge":0.422,"bandShare":0.348,"medianRoadDistance":0.61,"bandByEndpointKind":{"dual":{"shared":45,"band":24,"share":0.5333333333333333},"fully-subterranean":{"shared":118,"band":38,"share":0.3220338983050847},"junction":{"shared":130,"band":58,"share":0.4461538461538462}},"histogram":[253,154,52,10],"burgsServed":63}
stdout | src/generators/underground-measure.dom.test.ts:516:1 > measures underground alignment variants
DEBUG replica stages: raw 89 routes/485 cells -> merged 56 routes -> pruned 51 routes/469 cells
stdout | src/generators/underground-measure.dom.test.ts:516:1 > measures underground alignment variants
ROW {"seed":"measure-h","variant":"replica-production","ms":11,"routes":51,"cells":469,"length":4443,"overlap":0.539,"overlapLand":0.535,"parallel":0.759,"exactEdge":0.196,"alongEdge":0.422,"bandShare":0.348,"medianRoadDistance":0.61,"bandByEndpointKind":{"dual":{"shared":45,"band":24,"share":0.5333333333333333},"fully-subterranean":{"shared":118,"band":38,"share":0.3220338983050847},"junction":{"shared":130,"band":58,"share":0.4461538461538462}},"histogram":[253,154,52,10],"burgsServed":63}
stdout | src/generators/underground-measure.dom.test.ts:516:1 > measures underground alignment variants
ROW {"seed":"measure-h","variant":"no-burg-attraction","ms":9,"routes":52,"cells":486,"length":4462,"overlap":0.547,"overlapLand":0.531,"parallel":0.82,"exactEdge":0.197,"alongEdge":0.452,"bandShare":0.327,"medianRoadDistance":0.57,"bandByEndpointKind":{"dual":{"shared":34,"band":24,"share":0.7058823529411765},"fully-subterranean":{"shared":121,"band":34,"share":0.2809917355371901},"junction":{"shared":154,"band":61,"share":0.3961038961038961}},"histogram":[266,172,39,9],"burgsServed":57}
stdout | src/generators/underground-measure.dom.test.ts:516:1 > measures underground alignment variants
ROW {"seed":"measure-h","variant":"combo-divergence","ms":11,"routes":65,"cells":518,"length":5033,"overlap":0.405,"overlapLand":0.392,"parallel":0.718,"exactEdge":0.079,"alongEdge":0.345,"bandShare":0.443,"medianRoadDistance":0.79,"bandByEndpointKind":{"dual":{"shared":21,"band":17,"share":0.8095238095238095},"fully-subterranean":{"shared":69,"band":23,"share":0.3333333333333333},"junction":{"shared":158,"band":79,"share":0.5}},"histogram":[210,226,62,20],"burgsServed":68}
stdout | src/generators/underground-measure.dom.test.ts:516:1 > measures underground alignment variants
ROW {"seed":"measure-h","variant":"control-point","ms":4,"routes":50,"cells":504,"length":4594,"overlap":0.565,"overlapLand":0.552,"parallel":0.807,"exactEdge":0.201,"alongEdge":0.465,"bandShare":0.309,"medianRoadDistance":0.56,"bandByEndpointKind":{"dual":{"shared":33,"band":24,"share":0.7272727272727273},"fully-subterranean":{"shared":78,"band":32,"share":0.41025641025641024},"junction":{"shared":220,"band":65,"share":0.29545454545454547}},"histogram":[285,168,41,10],"burgsServed":58}
stdout | src/generators/underground-measure.dom.test.ts:516:1 > measures underground alignment variants
ROW {"seed":"measure-h","variant":"control-point-discount","ms":9,"routes":52,"cells":469,"length":4263,"overlap":0.576,"overlapLand":0.561,"parallel":0.823,"exactEdge":0.205,"alongEdge":0.467,"bandShare":0.33,"medianRoadDistance":0.53,"bandByEndpointKind":{"dual":{"shared":34,"band":24,"share":0.7058823529411765},"fully-subterranean":{"shared":134,"band":36,"share":0.26865671641791045},"junction":{"shared":146,"band":62,"share":0.4246575342465753}},"histogram":[270,158,32,9],"burgsServed":58}
stdout | src/generators/underground-measure.dom.test.ts:516:1 > measures underground alignment variants
ROW {"seed":"measure-h","variant":"control-point-burg","ms":5,"routes":48,"cells":474,"length":4421,"overlap":0.698,"overlapLand":0.694,"parallel":0.835,"exactEdge":0.337,"alongEdge":0.513,"bandShare":0.275,"medianRoadDistance":0.42,"bandByEndpointKind":{"dual":{"shared":42,"band":23,"share":0.5476190476190477},"fully-subterranean":{"shared":142,"band":31,"share":0.21830985915492956},"junction":{"shared":188,"band":67,"share":0.35638297872340424}},"histogram":[331,100,31,12],"burgsServed":58}
stdout | src/generators/underground-measure.dom.test.ts:516:1 > measures underground alignment variants
ROW {"seed":"measure-h","variant":"control-point-discount-burg","ms":11,"routes":45,"cells":423,"length":3907,"overlap":0.719,"overlapLand":0.714,"parallel":0.851,"exactEdge":0.333,"alongEdge":0.503,"bandShare":0.286,"medianRoadDistance":0.38,"bandByEndpointKind":{"dual":{"shared":42,"band":23,"share":0.5476190476190477},"fully-subterranean":{"shared":142,"band":31,"share":0.21830985915492956},"junction":{"shared":157,"band":62,"share":0.39490445859872614}},"histogram":[304,86,24,9],"burgsServed":57}
stdout | src/generators/underground-measure.dom.test.ts:516:1 > measures underground alignment variants
ROW {"seed":"measure-h","variant":"gate-divergence","ms":11,"routes":54,"cells":506,"length":5009,"overlap":0.494,"overlapLand":0.486,"parallel":0.761,"exactEdge":0.151,"alongEdge":0.396,"bandShare":0.352,"medianRoadDistance":0.66,"bandByEndpointKind":{"dual":{"shared":15,"band":15,"share":1},"fully-subterranean":{"shared":96,"band":25,"share":0.2604166666666667},"junction":{"shared":172,"band":71,"share":0.4127906976744186}},"histogram":[250,190,52,14],"burgsServed":62}
stdout | src/generators/underground-measure.dom.test.ts:516:1 > measures underground alignment variants
ROW {"seed":"measure-h","variant":"smoothed-depth","ms":10,"routes":46,"cells":420,"length":3910,"overlap":0.693,"overlapLand":0.688,"parallel":0.848,"exactEdge":0.316,"alongEdge":0.493,"bandShare":0.302,"medianRoadDistance":0.41,"bandByEndpointKind":{"dual":{"shared":48,"band":25,"share":0.5208333333333334},"fully-subterranean":{"shared":145,"band":36,"share":0.2482758620689655},"junction":{"shared":134,"band":56,"share":0.417910447761194}},"histogram":[291,95,26,8],"burgsServed":60}
stdout | src/generators/underground-measure.dom.test.ts:516:1 > measures underground alignment variants
ROW {"seed":"measure-h","variant":"road-repulsion","ms":11,"routes":57,"cells":470,"length":4503,"overlap":0.432,"overlapLand":0.43,"parallel":0.726,"exactEdge":0.122,"alongEdge":0.384,"bandShare":0.394,"medianRoadDistance":0.76,"bandByEndpointKind":{"dual":{"shared":37,"band":24,"share":0.6486486486486487},"fully-subterranean":{"shared":102,"band":38,"share":0.37254901960784315},"junction":{"shared":105,"band":54,"share":0.5142857142857142}},"histogram":[203,192,62,13],"burgsServed":65}
stdout | src/generators/underground-measure.dom.test.ts:516:1 > measures underground alignment variants
ROW {"seed":"measure-h","variant":"road-repulsion-strong","ms":11,"routes":51,"cells":464,"length":4441,"overlap":0.401,"overlapLand":0.397,"parallel":0.694,"exactEdge":0.101,"alongEdge":0.361,"bandShare":0.403,"medianRoadDistance":0.81,"bandByEndpointKind":{"dual":{"shared":29,"band":21,"share":0.7241379310344828},"fully-subterranean":{"shared":90,"band":34,"share":0.37777777777777777},"junction":{"shared":105,"band":52,"share":0.49523809523809526}},"histogram":[186,197,63,18],"burgsServed":59}
stdout | src/generators/underground-measure.dom.test.ts:516:1 > measures underground alignment variants
ROW {"seed":"measure-h","variant":"longhaul-mst","ms":14,"routes":65,"cells":476,"length":4552,"overlap":0.544,"overlapLand":0.538,"parallel":0.769,"exactEdge":0.188,"alongEdge":0.412,"bandShare":0.429,"medianRoadDistance":0.61,"bandByEndpointKind":{"dual":{"shared":76,"band":36,"share":0.47368421052631576},"fully-subterranean":{"shared":97,"band":38,"share":0.3917525773195876},"junction":{"shared":141,"band":82,"share":0.5815602836879432}},"histogram":[259,155,52,10],"burgsServed":72}
stdout | src/generators/underground-measure.dom.test.ts:516:1 > measures underground alignment variants
ROW {"seed":"measure-h","variant":"trunk-spurs-25","ms":45,"routes":54,"cells":412,"length":3842,"overlap":0.515,"overlapLand":0.515,"parallel":0.735,"exactEdge":0.173,"alongEdge":0.391,"bandShare":0.467,"medianRoadDistance":0.7,"bandByEndpointKind":{"dual":{"shared":44,"band":28,"share":0.6363636363636364},"fully-subterranean":{"shared":37,"band":19,"share":0.5135135135135135},"junction":{"shared":160,"band":78,"share":0.4875}},"histogram":[212,130,50,20],"burgsServed":65}
stdout | src/generators/underground-measure.dom.test.ts:516:1 > measures underground alignment variants
ROW {"seed":"measure-h","variant":"trunk-spurs-10","ms":71,"routes":46,"cells":412,"length":3766,"overlap":0.541,"overlapLand":0.541,"parallel":0.759,"exactEdge":0.161,"alongEdge":0.347,"bandShare":0.426,"medianRoadDistance":0.66,"bandByEndpointKind":{"dual":{"shared":45,"band":36,"share":0.8},"fully-subterranean":{"shared":25,"band":13,"share":0.52},"junction":{"shared":183,"band":71,"share":0.3879781420765027}},"histogram":[223,127,41,21],"burgsServed":54}
stdout | src/generators/underground-measure.dom.test.ts:516:1 > measures underground alignment variants
AGG {"variant":"baseline-production","seeds":8,"overlap":0.56,"overlapLand":0.554,"parallel":0.811,"exactEdge":0.208,"alongEdge":0.458,"ms":0,"burgsServed":0.691,"bandByEndpointKind":{"dual":{"shared":567,"band":240,"share":0.423},"fully-subterranean":{"shared":608,"band":206,"share":0.339},"junction":{"shared":1310,"band":512,"share":0.391}},"lengthOverlap":0.719,"bandShare":0.335,"medianRoadDistance":0.57,"cells":493,"routes":50,"length":4599,"lengthRatio":1,"dOverlap":0,"dParallel":0,"worstOverlapDelta":0,"bestOverlapDelta":0}
stdout | src/generators/underground-measure.dom.test.ts:516:1 > measures underground alignment variants
AGG {"variant":"debug-real-noprune","seeds":8,"overlap":0.561,"overlapLand":0.554,"parallel":0.818,"exactEdge":0.215,"alongEdge":0.467,"ms":14,"burgsServed":0.725,"bandByEndpointKind":{"dual":{"shared":866,"band":363,"share":0.419},"fully-subterranean":{"shared":608,"band":206,"share":0.339},"junction":{"shared":1500,"band":588,"share":0.392}},"lengthOverlap":0.726,"bandShare":0.34,"medianRoadDistance":0.56,"cells":574,"routes":58,"length":5408,"lengthRatio":1.183,"dOverlap":0,"dParallel":0.007,"worstOverlapDelta":0.024,"bestOverlapDelta":-0.03}
stdout | src/generators/underground-measure.dom.test.ts:516:1 > measures underground alignment variants
AGG {"variant":"debug-real-pruned","seeds":8,"overlap":0.56,"overlapLand":0.554,"parallel":0.811,"exactEdge":0.208,"alongEdge":0.458,"ms":13,"burgsServed":0.691,"bandByEndpointKind":{"dual":{"shared":567,"band":240,"share":0.423},"fully-subterranean":{"shared":608,"band":206,"share":0.339},"junction":{"shared":1310,"band":512,"share":0.391}},"lengthOverlap":0.719,"bandShare":0.335,"medianRoadDistance":0.57,"cells":493,"routes":50,"length":4599,"lengthRatio":1,"dOverlap":0,"dParallel":0,"worstOverlapDelta":0,"bestOverlapDelta":0}
stdout | src/generators/underground-measure.dom.test.ts:516:1 > measures underground alignment variants
AGG {"variant":"replica-production","seeds":8,"overlap":0.56,"overlapLand":0.554,"parallel":0.811,"exactEdge":0.208,"alongEdge":0.458,"ms":12,"burgsServed":0.691,"bandByEndpointKind":{"dual":{"shared":567,"band":240,"share":0.423},"fully-subterranean":{"shared":608,"band":206,"share":0.339},"junction":{"shared":1310,"band":512,"share":0.391}},"lengthOverlap":0.719,"bandShare":0.335,"medianRoadDistance":0.57,"cells":493,"routes":50,"length":4599,"lengthRatio":1,"dOverlap":0,"dParallel":0,"worstOverlapDelta":0,"bestOverlapDelta":0}
stdout | src/generators/underground-measure.dom.test.ts:516:1 > measures underground alignment variants
AGG {"variant":"no-burg-attraction","seeds":8,"overlap":0.577,"overlapLand":0.564,"parallel":0.831,"exactEdge":0.201,"alongEdge":0.456,"ms":11,"burgsServed":0.714,"bandByEndpointKind":{"dual":{"shared":653,"band":254,"share":0.389},"fully-subterranean":{"shared":571,"band":195,"share":0.342},"junction":{"shared":1714,"band":599,"share":0.349}},"lengthOverlap":0.732,"bandShare":0.312,"medianRoadDistance":0.53,"cells":559,"routes":53,"length":5052,"lengthRatio":1.101,"dOverlap":0.016,"dParallel":0.021,"worstOverlapDelta":0.04,"bestOverlapDelta":0}
stdout | src/generators/underground-measure.dom.test.ts:516:1 > measures underground alignment variants
AGG {"variant":"combo-divergence","seeds":8,"overlap":0.405,"overlapLand":0.395,"parallel":0.74,"exactEdge":0.075,"alongEdge":0.36,"ms":13,"burgsServed":0.758,"bandByEndpointKind":{"dual":{"shared":273,"band":150,"share":0.549},"fully-subterranean":{"shared":349,"band":118,"share":0.338},"junction":{"shared":1639,"band":638,"share":0.389}},"lengthOverlap":0.582,"bandShare":0.353,"medianRoadDistance":0.76,"cells":611,"routes":67,"length":5825,"lengthRatio":1.274,"dOverlap":-0.155,"dParallel":-0.071,"worstOverlapDelta":0,"bestOverlapDelta":-0.2}
stdout | src/generators/underground-measure.dom.test.ts:516:1 > measures underground alignment variants
AGG {"variant":"control-point","seeds":8,"overlap":0.587,"overlapLand":0.575,"parallel":0.841,"exactEdge":0.203,"alongEdge":0.468,"ms":5,"burgsServed":0.709,"bandByEndpointKind":{"dual":{"shared":699,"band":264,"share":0.378},"fully-subterranean":{"shared":655,"band":200,"share":0.305},"junction":{"shared":1746,"band":555,"share":0.318}},"lengthOverlap":0.74,"bandShare":0.282,"medianRoadDistance":0.51,"cells":582,"routes":51,"length":5238,"lengthRatio":1.144,"dOverlap":0.027,"dParallel":0.031,"worstOverlapDelta":0.054,"bestOverlapDelta":0}
stdout | src/generators/underground-measure.dom.test.ts:516:1 > measures underground alignment variants
AGG {"variant":"control-point-discount","seeds":8,"overlap":0.588,"overlapLand":0.575,"parallel":0.841,"exactEdge":0.206,"alongEdge":0.468,"ms":10,"burgsServed":0.708,"bandByEndpointKind":{"dual":{"shared":644,"band":240,"share":0.373},"fully-subterranean":{"shared":567,"band":191,"share":0.337},"junction":{"shared":1789,"band":604,"share":0.338}},"lengthOverlap":0.742,"bandShare":0.301,"medianRoadDistance":0.51,"cells":562,"routes":52,"length":5029,"lengthRatio":1.099,"dOverlap":0.028,"dParallel":0.031,"worstOverlapDelta":0.057,"bestOverlapDelta":0}
stdout | src/generators/underground-measure.dom.test.ts:516:1 > measures underground alignment variants
AGG {"variant":"control-point-burg","seeds":8,"overlap":0.721,"overlapLand":0.714,"parallel":0.873,"exactEdge":0.339,"alongEdge":0.531,"ms":5,"burgsServed":0.678,"bandByEndpointKind":{"dual":{"shared":769,"band":271,"share":0.352},"fully-subterranean":{"shared":679,"band":208,"share":0.306},"junction":{"shared":1828,"band":563,"share":0.308}},"lengthOverlap":0.837,"bandShare":0.28,"medianRoadDistance":0.35,"cells":517,"routes":46,"length":4783,"lengthRatio":1.046,"dOverlap":0.16,"dParallel":0.063,"worstOverlapDelta":0.191,"bestOverlapDelta":0}
stdout | src/generators/underground-measure.dom.test.ts:516:1 > measures underground alignment variants
AGG {"variant":"control-point-discount-burg","seeds":8,"overlap":0.724,"overlapLand":0.717,"parallel":0.875,"exactEdge":0.341,"alongEdge":0.53,"ms":11,"burgsServed":0.678,"bandByEndpointKind":{"dual":{"shared":680,"band":256,"share":0.376},"fully-subterranean":{"shared":736,"band":219,"share":0.298},"junction":{"shared":1680,"band":554,"share":0.33}},"lengthOverlap":0.839,"bandShare":0.291,"medianRoadDistance":0.35,"cells":488,"routes":46,"length":4484,"lengthRatio":0.979,"dOverlap":0.163,"dParallel":0.065,"worstOverlapDelta":0.179,"bestOverlapDelta":0}
stdout | src/generators/underground-measure.dom.test.ts:516:1 > measures underground alignment variants
AGG {"variant":"gate-divergence","seeds":8,"overlap":0.495,"overlapLand":0.489,"parallel":0.77,"exactEdge":0.143,"alongEdge":0.412,"ms":13,"burgsServed":0.684,"bandByEndpointKind":{"dual":{"shared":299,"band":146,"share":0.488},"fully-subterranean":{"shared":398,"band":120,"share":0.302},"junction":{"shared":1639,"band":520,"share":0.317}},"lengthOverlap":0.672,"bandShare":0.292,"medianRoadDistance":0.65,"cells":533,"routes":55,"length":5149,"lengthRatio":1.123,"dOverlap":-0.065,"dParallel":-0.041,"worstOverlapDelta":0,"bestOverlapDelta":-0.103}
stdout | src/generators/underground-measure.dom.test.ts:516:1 > measures underground alignment variants
AGG {"variant":"smoothed-depth","seeds":8,"overlap":0.704,"overlapLand":0.698,"parallel":0.869,"exactEdge":0.327,"alongEdge":0.521,"ms":12,"burgsServed":0.68,"bandByEndpointKind":{"dual":{"shared":646,"band":252,"share":0.39},"fully-subterranean":{"shared":693,"band":214,"share":0.309},"junction":{"shared":1607,"band":560,"share":0.348}},"lengthOverlap":0.825,"bandShare":0.306,"medianRoadDistance":0.38,"cells":474,"routes":46,"length":4383,"lengthRatio":0.955,"dOverlap":0.144,"dParallel":0.059,"worstOverlapDelta":0.158,"bestOverlapDelta":0}
stdout | src/generators/underground-measure.dom.test.ts:516:1 > measures underground alignment variants
AGG {"variant":"road-repulsion","seeds":8,"overlap":0.44,"overlapLand":0.435,"parallel":0.759,"exactEdge":0.126,"alongEdge":0.402,"ms":13,"burgsServed":0.696,"bandByEndpointKind":{"dual":{"shared":452,"band":240,"share":0.531},"fully-subterranean":{"shared":534,"band":194,"share":0.363},"junction":{"shared":1060,"band":463,"share":0.437}},"lengthOverlap":0.618,"bandShare":0.382,"medianRoadDistance":0.74,"cells":502,"routes":52,"length":4764,"lengthRatio":1.043,"dOverlap":-0.12,"dParallel":-0.051,"worstOverlapDelta":0,"bestOverlapDelta":-0.171}
stdout | src/generators/underground-measure.dom.test.ts:516:1 > measures underground alignment variants
AGG {"variant":"road-repulsion-strong","seeds":8,"overlap":0.402,"overlapLand":0.396,"parallel":0.731,"exactEdge":0.105,"alongEdge":0.375,"ms":13,"burgsServed":0.709,"bandByEndpointKind":{"dual":{"shared":373,"band":215,"share":0.576},"fully-subterranean":{"shared":490,"band":194,"share":0.396},"junction":{"shared":1092,"band":474,"share":0.434}},"lengthOverlap":0.581,"bandShare":0.391,"medianRoadDistance":0.82,"cells":521,"routes":54,"length":4979,"lengthRatio":1.09,"dOverlap":-0.159,"dParallel":-0.079,"worstOverlapDelta":0,"bestOverlapDelta":-0.209}
stdout | src/generators/underground-measure.dom.test.ts:516:1 > measures underground alignment variants
AGG {"variant":"longhaul-mst","seeds":8,"overlap":0.56,"overlapLand":0.554,"parallel":0.81,"exactEdge":0.212,"alongEdge":0.457,"ms":14,"burgsServed":0.791,"bandByEndpointKind":{"dual":{"shared":649,"band":302,"share":0.465},"fully-subterranean":{"shared":640,"band":241,"share":0.377},"junction":{"shared":1393,"band":656,"share":0.471}},"lengthOverlap":0.719,"bandShare":0.382,"medianRoadDistance":0.57,"cells":513,"routes":63,"length":4809,"lengthRatio":1.048,"dOverlap":-0.001,"dParallel":-0.001,"worstOverlapDelta":0.016,"bestOverlapDelta":-0.033}
stdout | src/generators/underground-measure.dom.test.ts:516:1 > measures underground alignment variants
AGG {"variant":"trunk-spurs-25","seeds":8,"overlap":0.519,"overlapLand":0.515,"parallel":0.765,"exactEdge":0.166,"alongEdge":0.368,"ms":20,"burgsServed":0.754,"bandByEndpointKind":{"dual":{"shared":510,"band":283,"share":0.555},"fully-subterranean":{"shared":450,"band":180,"share":0.4},"junction":{"shared":1296,"band":571,"share":0.441}},"lengthOverlap":0.669,"bandShare":0.399,"medianRoadDistance":0.65,"cells":479,"routes":56,"length":4417,"lengthRatio":0.969,"dOverlap":-0.041,"dParallel":-0.046,"worstOverlapDelta":0,"bestOverlapDelta":-0.085}
stdout | src/generators/underground-measure.dom.test.ts:516:1 > measures underground alignment variants
AGG {"variant":"trunk-spurs-10","seeds":8,"overlap":0.513,"overlapLand":0.509,"parallel":0.745,"exactEdge":0.151,"alongEdge":0.347,"ms":35,"burgsServed":0.7,"bandByEndpointKind":{"dual":{"shared":474,"band":257,"share":0.542},"fully-subterranean":{"shared":327,"band":141,"share":0.431},"junction":{"shared":1275,"band":516,"share":0.405}},"lengthOverlap":0.662,"bandShare":0.386,"medianRoadDistance":0.68,"cells":453,"routes":51,"length":4120,"lengthRatio":0.904,"dOverlap":-0.047,"dParallel":-0.065,"worstOverlapDelta":0.002,"bestOverlapDelta":-0.086}
 ✓ |chromium| src/generators/underground-measure.dom.test.ts (1 test) 6047ms
   ✓ measures underground alignment variants  6046ms

 Test Files  1 passed (1)
      Tests  1 passed (1)
   Start at  23:48:18
   Duration  11.78s (transform 0ms, setup 0ms, import 130ms, tests 6.05s, environment 0ms)

