npm warn Unknown env config "manage-package-manager-versions". This will error in a future major version of npm. See `npm help npmrc` for supported config options.
npm notice run fantasy-map-generator@1.154.0 npx
npm notice run 'vitest' run --config vitest.browser.config.ts generators/plane-integrity

 RUN  v4.1.11 /mnt/Mega/TestSpace/Fantasy-Map-Generator

stdout | src/generators/plane-integrity.dom.test.ts:64:1 > a clean generated map passes the real-map audit
PLANES measure-a census surface=782 subterranean=44 underground=44 belowLevel=88 boundaries surface=1146 (1115j/31t) underground=114 (96j/18t) connected surface=854 underground=234 unconnectable=0 repairs=0 contact tunnelsOnSurfaceBurgs=190 surfaceRoutesOnBelowLevelCells=28 (lower bound) violations=0
stdout | src/generators/plane-integrity.dom.test.ts:64:1 > a clean generated map passes the real-map audit
PLANES measure-b census surface=721 subterranean=40 underground=40 belowLevel=80 boundaries surface=1154 (1118j/36t) underground=100 (88j/12t) connected surface=788 underground=202 unconnectable=0 repairs=0 contact tunnelsOnSurfaceBurgs=162 surfaceRoutesOnBelowLevelCells=27 (lower bound) violations=0
stdout | src/generators/plane-integrity.dom.test.ts:64:1 > a clean generated map passes the real-map audit
PLANES measure-c census surface=733 subterranean=41 underground=41 belowLevel=82 boundaries surface=1130 (1104j/26t) underground=102 (95j/7t) connected surface=800 underground=210 unconnectable=1 repairs=0 contact tunnelsOnSurfaceBurgs=170 surfaceRoutesOnBelowLevelCells=26 (lower bound) violations=0
stdout | src/generators/plane-integrity.dom.test.ts:64:1 > a clean generated map passes the real-map audit
PLANES measure-d census surface=800 subterranean=44 underground=44 belowLevel=88 boundaries surface=1188 (1150j/38t) underground=126 (111j/15t) connected surface=865 underground=220 unconnectable=0 repairs=0 contact tunnelsOnSurfaceBurgs=176 surfaceRoutesOnBelowLevelCells=21 (lower bound) violations=0
stdout | src/generators/plane-integrity.dom.test.ts:64:1 > a clean generated map passes the real-map audit
PLANES measure-e census surface=812 subterranean=45 underground=45 belowLevel=90 boundaries surface=1322 (1287j/35t) underground=116 (103j/13t) connected surface=880 underground=226 unconnectable=0 repairs=0 contact tunnelsOnSurfaceBurgs=181 surfaceRoutesOnBelowLevelCells=23 (lower bound) violations=0
stdout | src/generators/plane-integrity.dom.test.ts:64:1 > a clean generated map passes the real-map audit
PLANES measure-f census surface=786 subterranean=44 underground=44 belowLevel=88 boundaries surface=1220 (1178j/42t) underground=168 (155j/13t) connected surface=863 underground=204 unconnectable=1 repairs=0 contact tunnelsOnSurfaceBurgs=160 surfaceRoutesOnBelowLevelCells=33 (lower bound) violations=0
stdout | src/generators/plane-integrity.dom.test.ts:64:1 > a clean generated map passes the real-map audit
PLANES measure-g census surface=729 subterranean=41 underground=41 belowLevel=82 boundaries surface=1184 (1153j/31t) underground=116 (109j/7t) connected surface=792 underground=226 unconnectable=0 repairs=0 contact tunnelsOnSurfaceBurgs=185 surfaceRoutesOnBelowLevelCells=22 (lower bound) violations=0
stdout | src/generators/plane-integrity.dom.test.ts:64:1 > a clean generated map passes the real-map audit
PLANES measure-h census surface=751 subterranean=42 underground=42 belowLevel=84 boundaries surface=1108 (1087j/21t) underground=104 (94j/10t) connected surface=819 underground=174 unconnectable=0 repairs=0 contact tunnelsOnSurfaceBurgs=132 surfaceRoutesOnBelowLevelCells=26 (lower bound) violations=0
 ✓ |chromium| src/generators/plane-integrity.dom.test.ts (1 test) 3894ms
   ✓ a clean generated map passes the real-map audit  3893ms

 Test Files  1 passed (1)
      Tests  1 passed (1)
   Start at  10:42:34
   Duration  7.63s (transform 0ms, setup 0ms, import 131ms, tests 3.89s, environment 0ms)

npm notice
npm notice New minor version of npm available! 12.0.2 -> 12.1.0
npm notice Changelog: https://github.com/npm/cli/releases/tag/v12.1.0
npm notice To update run: npm install -g npm@12.1.0
npm notice
