npm warn Unknown env config "manage-package-manager-versions". This will error in a future major version of npm. See `npm help npmrc` for supported config options.
npm notice run fantasy-map-generator@1.154.0 npx
npm notice run 'vitest' run --config vitest.browser.config.ts generators/underground-measure.dom.test.ts

 RUN  v4.1.11 /mnt/Mega/TestSpace/Fantasy-Map-Generator

stdout | src/generators/underground-measure.dom.test.ts:516:1 > measures underground alignment variants
SEED measure-a cells=6112 land=4410 burgs=870 subterranean=88 surfaceRoutes=622 {"roads":18,"trails":482,"searoutes":122} surfaceCells=2589 landRouteCells=1822 productionRoutes=41 longest=44
stdout | src/generators/underground-measure.dom.test.ts:516:1 > measures underground alignment variants
ROW {"seed":"measure-a","variant":"baseline-production","ms":0,"routes":41,"cells":432,"length":3915,"overlap":0.722,"overlapLand":0.718,"parallel":0.891,"exactEdge":0.393,"alongEdge":0.585,"bandShare":0.295,"medianRoadDistance":0.33,"bandByEndpointKind":{"dual":{"shared":39,"band":22,"share":0.5641025641025641},"fully-subterranean":{"shared":98,"band":20,"share":0.20408163265306123},"junction":{"shared":201,"band":73,"share":0.36318407960199006}},"histogram":[312,103,13,4],"burgsServed":51}
stdout | src/generators/underground-measure.dom.test.ts:516:1 > measures underground alignment variants
ROW {"seed":"measure-a","variant":"debug-real-noprune","ms":14,"routes":56,"cells":585,"length":5486,"overlap":0.74,"overlapLand":0.737,"parallel":0.907,"exactEdge":0.389,"alongEdge":0.596,"bandShare":0.296,"medianRoadDistance":0.3,"bandByEndpointKind":{"dual":{"shared":84,"band":43,"share":0.5119047619047619},"fully-subterranean":{"shared":98,"band":20,"share":0.20408163265306123},"junction":{"shared":303,"band":100,"share":0.33003300330033003}},"histogram":[433,131,17,4],"burgsServed":57}
stdout | src/generators/underground-measure.dom.test.ts:516:1 > measures underground alignment variants
ROW {"seed":"measure-a","variant":"debug-real-pruned","ms":11,"routes":41,"cells":432,"length":3915,"overlap":0.722,"overlapLand":0.718,"parallel":0.891,"exactEdge":0.393,"alongEdge":0.585,"bandShare":0.295,"medianRoadDistance":0.33,"bandByEndpointKind":{"dual":{"shared":39,"band":22,"share":0.5641025641025641},"fully-subterranean":{"shared":98,"band":20,"share":0.20408163265306123},"junction":{"shared":201,"band":73,"share":0.36318407960199006}},"histogram":[312,103,13,4],"burgsServed":51}
stdout | src/generators/underground-measure.dom.test.ts:516:1 > measures underground alignment variants
DEBUG replica stages: raw 91 routes/585 cells -> merged 56 routes -> pruned 41 routes/432 cells
stdout | src/generators/underground-measure.dom.test.ts:516:1 > measures underground alignment variants
ROW {"seed":"measure-a","variant":"replica-production","ms":12,"routes":41,"cells":432,"length":3915,"overlap":0.722,"overlapLand":0.718,"parallel":0.891,"exactEdge":0.393,"alongEdge":0.585,"bandShare":0.295,"medianRoadDistance":0.33,"bandByEndpointKind":{"dual":{"shared":39,"band":22,"share":0.5641025641025641},"fully-subterranean":{"shared":98,"band":20,"share":0.20408163265306123},"junction":{"shared":201,"band":73,"share":0.36318407960199006}},"histogram":[312,103,13,4],"burgsServed":51}
stdout | src/generators/underground-measure.dom.test.ts:516:1 > measures underground alignment variants
ROW {"seed":"measure-a","variant":"no-burg-attraction","ms":11,"routes":55,"cells":563,"length":5146,"overlap":0.599,"overlapLand":0.593,"parallel":0.871,"exactEdge":0.235,"alongEdge":0.504,"bandShare":0.332,"medianRoadDistance":0.47,"bandByEndpointKind":{"dual":{"shared":69,"band":29,"share":0.42028985507246375},"fully-subterranean":{"shared":25,"band":13,"share":0.52},"junction":{"shared":289,"band":99,"share":0.34256055363321797}},"histogram":[337,194,26,6],"burgsServed":64}
stdout | src/generators/underground-measure.dom.test.ts:516:1 > measures underground alignment variants
ROW {"seed":"measure-a","variant":"combo-divergence","ms":12,"routes":56,"cells":594,"length":5684,"overlap":0.396,"overlapLand":0.389,"parallel":0.732,"exactEdge":0.061,"alongEdge":0.376,"bandShare":0.34,"medianRoadDistance":0.74,"bandByEndpointKind":{"dual":{"shared":21,"band":13,"share":0.6190476190476191},"fully-subterranean":{"shared":39,"band":11,"share":0.28205128205128205},"junction":{"shared":200,"band":71,"share":0.355}},"histogram":[235,293,52,14],"burgsServed":59}
stdout | src/generators/underground-measure.dom.test.ts:516:1 > measures underground alignment variants
ROW {"seed":"measure-a","variant":"control-point","ms":4,"routes":52,"cells":596,"length":5426,"overlap":0.607,"overlapLand":0.604,"parallel":0.859,"exactEdge":0.241,"alongEdge":0.502,"bandShare":0.285,"medianRoadDistance":0.46,"bandByEndpointKind":{"dual":{"shared":97,"band":33,"share":0.3402061855670103},"fully-subterranean":{"shared":58,"band":14,"share":0.2413793103448276},"junction":{"shared":255,"band":87,"share":0.3411764705882353}},"histogram":[362,197,31,6],"burgsServed":64}
stdout | src/generators/underground-measure.dom.test.ts:516:1 > measures underground alignment variants
ROW {"seed":"measure-a","variant":"control-point-discount","ms":10,"routes":53,"cells":554,"length":5076,"overlap":0.603,"overlapLand":0.599,"parallel":0.868,"exactEdge":0.256,"alongEdge":0.52,"bandShare":0.326,"medianRoadDistance":0.47,"bandByEndpointKind":{"dual":{"shared":72,"band":29,"share":0.4027777777777778},"fully-subterranean":{"shared":29,"band":13,"share":0.4482758620689655},"junction":{"shared":279,"band":96,"share":0.34408602150537637}},"histogram":[334,183,31,6],"burgsServed":65}
stdout | src/generators/underground-measure.dom.test.ts:516:1 > measures underground alignment variants
ROW {"seed":"measure-a","variant":"control-point-burg","ms":5,"routes":47,"cells":569,"length":5255,"overlap":0.773,"overlapLand":0.768,"parallel":0.9,"exactEdge":0.423,"alongEdge":0.62,"bandShare":0.264,"medianRoadDistance":0.27,"bandByEndpointKind":{"dual":{"shared":79,"band":26,"share":0.3291139240506329},"fully-subterranean":{"shared":107,"band":23,"share":0.21495327102803738},"junction":{"shared":292,"band":93,"share":0.3184931506849315}},"histogram":[440,111,14,4],"burgsServed":57}
stdout | src/generators/underground-measure.dom.test.ts:516:1 > measures underground alignment variants
ROW {"seed":"measure-a","variant":"control-point-discount-burg","ms":10,"routes":44,"cells":475,"length":4448,"overlap":0.773,"overlapLand":0.768,"parallel":0.905,"exactEdge":0.45,"alongEdge":0.634,"bandShare":0.289,"medianRoadDistance":0.27,"bandByEndpointKind":{"dual":{"shared":53,"band":23,"share":0.4339622641509434},"fully-subterranean":{"shared":99,"band":22,"share":0.2222222222222222},"junction":{"shared":249,"band":87,"share":0.3493975903614458}},"histogram":[367,92,12,4],"burgsServed":52}
stdout | src/generators/underground-measure.dom.test.ts:516:1 > measures underground alignment variants
ROW {"seed":"measure-a","variant":"gate-divergence","ms":11,"routes":49,"cells":548,"length":5234,"overlap":0.653,"overlapLand":0.644,"parallel":0.83,"exactEdge":0.225,"alongEdge":0.486,"bandShare":0.229,"medianRoadDistance":0.41,"bandByEndpointKind":{"dual":{"shared":17,"band":11,"share":0.6470588235294118},"fully-subterranean":{"shared":69,"band":12,"share":0.17391304347826086},"junction":{"shared":301,"band":74,"share":0.24584717607973422}},"histogram":[358,161,24,5],"burgsServed":54}
stdout | src/generators/underground-measure.dom.test.ts:516:1 > measures underground alignment variants
ROW {"seed":"measure-a","variant":"smoothed-depth","ms":12,"routes":44,"cells":482,"length":4481,"overlap":0.753,"overlapLand":0.749,"parallel":0.901,"exactEdge":0.438,"alongEdge":0.626,"bandShare":0.287,"medianRoadDistance":0.3,"bandByEndpointKind":{"dual":{"shared":44,"band":23,"share":0.5227272727272727},"fully-subterranean":{"shared":93,"band":20,"share":0.21505376344086022},"junction":{"shared":260,"band":87,"share":0.3346153846153846}},"histogram":[363,99,14,6],"burgsServed":52}
stdout | src/generators/underground-measure.dom.test.ts:516:1 > measures underground alignment variants
ROW {"seed":"measure-a","variant":"road-repulsion","ms":11,"routes":43,"cells":450,"length":4117,"overlap":0.596,"overlapLand":0.593,"parallel":0.868,"exactEdge":0.277,"alongEdge":0.547,"bandShare":0.325,"medianRoadDistance":0.48,"bandByEndpointKind":{"dual":{"shared":31,"band":19,"share":0.6129032258064516},"fully-subterranean":{"shared":55,"band":14,"share":0.2545454545454545},"junction":{"shared":209,"band":76,"share":0.36363636363636365}},"histogram":[268,155,21,6],"burgsServed":53}
stdout | src/generators/underground-measure.dom.test.ts:516:1 > measures underground alignment variants
ROW {"seed":"measure-a","variant":"road-repulsion-strong","ms":11,"routes":44,"cells":477,"length":4375,"overlap":0.541,"overlapLand":0.539,"parallel":0.844,"exactEdge":0.224,"alongEdge":0.503,"bandShare":0.322,"medianRoadDistance":0.55,"bandByEndpointKind":{"dual":{"shared":34,"band":22,"share":0.6470588235294118},"fully-subterranean":{"shared":55,"band":14,"share":0.2545454545454545},"junction":{"shared":196,"band":69,"share":0.3520408163265306}},"histogram":[258,184,28,7],"burgsServed":54}
stdout | src/generators/underground-measure.dom.test.ts:516:1 > measures underground alignment variants
ROW {"seed":"measure-a","variant":"longhaul-mst","ms":12,"routes":61,"cells":549,"length":5087,"overlap":0.725,"overlapLand":0.719,"parallel":0.897,"exactEdge":0.383,"alongEdge":0.573,"bandShare":0.304,"medianRoadDistance":0.32,"bandByEndpointKind":{"dual":{"shared":83,"band":39,"share":0.46987951807228917},"fully-subterranean":{"shared":138,"band":30,"share":0.21739130434782608},"junction":{"shared":230,"band":92,"share":0.4}},"histogram":[398,131,16,4],"burgsServed":66}
stdout | src/generators/underground-measure.dom.test.ts:516:1 > measures underground alignment variants
ROW {"seed":"measure-a","variant":"trunk-spurs-25","ms":14,"routes":57,"cells":507,"length":4602,"overlap":0.724,"overlapLand":0.714,"parallel":0.864,"exactEdge":0.285,"alongEdge":0.456,"bandShare":0.33,"medianRoadDistance":0.35,"bandByEndpointKind":{"dual":{"shared":163,"band":47,"share":0.2883435582822086},"fully-subterranean":{"shared":46,"band":17,"share":0.3695652173913043},"junction":{"shared":200,"band":93,"share":0.465}},"histogram":[367,110,23,7],"burgsServed":65}
stdout | src/generators/underground-measure.dom.test.ts:516:1 > measures underground alignment variants
ROW {"seed":"measure-a","variant":"trunk-spurs-10","ms":21,"routes":45,"cells":456,"length":4109,"overlap":0.732,"overlapLand":0.728,"parallel":0.891,"exactEdge":0.276,"alongEdge":0.448,"bandShare":0.296,"medianRoadDistance":0.32,"bandByEndpointKind":{"dual":{"shared":97,"band":34,"share":0.35051546391752575},"fully-subterranean":{"shared":79,"band":27,"share":0.34177215189873417},"junction":{"shared":189,"band":64,"share":0.3386243386243386}},"histogram":[334,104,14,4],"burgsServed":55}
stdout | src/generators/underground-measure.dom.test.ts:516:1 > measures underground alignment variants
SEED measure-b cells=5970 land=4220 burgs=801 subterranean=80 surfaceRoutes=615 {"roads":20,"trails":479,"searoutes":116} surfaceCells=2498 landRouteCells=1725 productionRoutes=36 longest=46
stdout | src/generators/underground-measure.dom.test.ts:516:1 > measures underground alignment variants
ROW {"seed":"measure-b","variant":"baseline-production","ms":0,"routes":36,"cells":363,"length":3422,"overlap":0.722,"overlapLand":0.719,"parallel":0.859,"exactEdge":0.298,"alongEdge":0.545,"bandShare":0.309,"medianRoadDistance":0.36,"bandByEndpointKind":{"dual":{"shared":60,"band":23,"share":0.38333333333333336},"fully-subterranean":{"shared":75,"band":20,"share":0.26666666666666666},"junction":{"shared":153,"band":60,"share":0.39215686274509803}},"histogram":[262,77,20,4],"burgsServed":47}
stdout | src/generators/underground-measure.dom.test.ts:516:1 > measures underground alignment variants
ROW {"seed":"measure-b","variant":"debug-real-noprune","ms":11,"routes":48,"cells":549,"length":5094,"overlap":0.763,"overlapLand":0.76,"parallel":0.879,"exactEdge":0.327,"alongEdge":0.54,"bandShare":0.277,"medianRoadDistance":0.29,"bandByEndpointKind":{"dual":{"shared":183,"band":47,"share":0.2568306010928962},"fully-subterranean":{"shared":75,"band":20,"share":0.26666666666666666},"junction":{"shared":207,"band":76,"share":0.3671497584541063}},"histogram":[419,103,23,4],"burgsServed":53}
stdout | src/generators/underground-measure.dom.test.ts:516:1 > measures underground alignment variants
ROW {"seed":"measure-b","variant":"debug-real-pruned","ms":11,"routes":36,"cells":363,"length":3422,"overlap":0.722,"overlapLand":0.719,"parallel":0.859,"exactEdge":0.298,"alongEdge":0.545,"bandShare":0.309,"medianRoadDistance":0.36,"bandByEndpointKind":{"dual":{"shared":60,"band":23,"share":0.38333333333333336},"fully-subterranean":{"shared":75,"band":20,"share":0.26666666666666666},"junction":{"shared":153,"band":60,"share":0.39215686274509803}},"histogram":[262,77,20,4],"burgsServed":47}
stdout | src/generators/underground-measure.dom.test.ts:516:1 > measures underground alignment variants
DEBUG replica stages: raw 84 routes/549 cells -> merged 48 routes -> pruned 36 routes/363 cells
stdout | src/generators/underground-measure.dom.test.ts:516:1 > measures underground alignment variants
ROW {"seed":"measure-b","variant":"replica-production","ms":10,"routes":36,"cells":363,"length":3422,"overlap":0.722,"overlapLand":0.719,"parallel":0.859,"exactEdge":0.298,"alongEdge":0.545,"bandShare":0.309,"medianRoadDistance":0.36,"bandByEndpointKind":{"dual":{"shared":60,"band":23,"share":0.38333333333333336},"fully-subterranean":{"shared":75,"band":20,"share":0.26666666666666666},"junction":{"shared":153,"band":60,"share":0.39215686274509803}},"histogram":[262,77,20,4],"burgsServed":47}
stdout | src/generators/underground-measure.dom.test.ts:516:1 > measures underground alignment variants
ROW {"seed":"measure-b","variant":"no-burg-attraction","ms":12,"routes":41,"cells":472,"length":4207,"overlap":0.595,"overlapLand":0.583,"parallel":0.79,"exactEdge":0.191,"alongEdge":0.427,"bandShare":0.278,"medianRoadDistance":0.51,"bandByEndpointKind":{"dual":{"shared":51,"band":23,"share":0.45098039215686275},"fully-subterranean":{"shared":62,"band":21,"share":0.3387096774193548},"junction":{"shared":198,"band":57,"share":0.2878787878787879}},"histogram":[281,144,43,4],"burgsServed":50}
stdout | src/generators/underground-measure.dom.test.ts:516:1 > measures underground alignment variants
ROW {"seed":"measure-b","variant":"combo-divergence","ms":14,"routes":54,"cells":579,"length":5529,"overlap":0.415,"overlapLand":0.404,"parallel":0.728,"exactEdge":0.061,"alongEdge":0.34,"bandShare":0.292,"medianRoadDistance":0.74,"bandByEndpointKind":{"dual":{"shared":39,"band":17,"share":0.4358974358974359},"fully-subterranean":{"shared":30,"band":8,"share":0.26666666666666666},"junction":{"shared":202,"band":68,"share":0.33663366336633666}},"histogram":[240,257,72,10],"burgsServed":54}
stdout | src/generators/underground-measure.dom.test.ts:516:1 > measures underground alignment variants
ROW {"seed":"measure-b","variant":"control-point","ms":4,"routes":39,"cells":519,"length":4624,"overlap":0.605,"overlapLand":0.593,"parallel":0.814,"exactEdge":0.177,"alongEdge":0.429,"bandShare":0.242,"medianRoadDistance":0.48,"bandByEndpointKind":{"dual":{"shared":52,"band":19,"share":0.36538461538461536},"fully-subterranean":{"shared":64,"band":20,"share":0.3125},"junction":{"shared":230,"band":58,"share":0.25217391304347825}},"histogram":[314,166,36,3],"burgsServed":49}
stdout | src/generators/underground-measure.dom.test.ts:516:1 > measures underground alignment variants
ROW {"seed":"measure-b","variant":"control-point-discount","ms":9,"routes":39,"cells":518,"length":4613,"overlap":0.6,"overlapLand":0.589,"parallel":0.806,"exactEdge":0.177,"alongEdge":0.426,"bandShare":0.241,"medianRoadDistance":0.49,"bandByEndpointKind":{"dual":{"shared":52,"band":19,"share":0.36538461538461536},"fully-subterranean":{"shared":56,"band":19,"share":0.3392857142857143},"junction":{"shared":234,"band":58,"share":0.24786324786324787}},"histogram":[311,164,39,4],"burgsServed":48}
stdout | src/generators/underground-measure.dom.test.ts:516:1 > measures underground alignment variants
ROW {"seed":"measure-b","variant":"control-point-burg","ms":4,"routes":39,"cells":461,"length":4262,"overlap":0.722,"overlapLand":0.718,"parallel":0.833,"exactEdge":0.313,"alongEdge":0.523,"bandShare":0.276,"medianRoadDistance":0.36,"bandByEndpointKind":{"dual":{"shared":59,"band":23,"share":0.3898305084745763},"fully-subterranean":{"shared":64,"band":24,"share":0.375},"junction":{"shared":240,"band":66,"share":0.275}},"histogram":[333,97,26,5],"burgsServed":53}
stdout | src/generators/underground-measure.dom.test.ts:516:1 > measures underground alignment variants
ROW {"seed":"measure-b","variant":"control-point-discount-burg","ms":10,"routes":36,"cells":440,"length":4063,"overlap":0.723,"overlapLand":0.718,"parallel":0.83,"exactEdge":0.306,"alongEdge":0.51,"bandShare":0.261,"medianRoadDistance":0.36,"bandByEndpointKind":{"dual":{"shared":59,"band":23,"share":0.3898305084745763},"fully-subterranean":{"shared":64,"band":24,"share":0.375},"junction":{"shared":222,"band":56,"share":0.25225225225225223}},"histogram":[318,92,25,5],"burgsServed":48}
stdout | src/generators/underground-measure.dom.test.ts:516:1 > measures underground alignment variants
ROW {"seed":"measure-b","variant":"gate-divergence","ms":12,"routes":45,"cells":429,"length":4271,"overlap":0.576,"overlapLand":0.571,"parallel":0.776,"exactEdge":0.151,"alongEdge":0.442,"bandShare":0.255,"medianRoadDistance":0.55,"bandByEndpointKind":{"dual":{"shared":44,"band":16,"share":0.36363636363636365},"fully-subterranean":{"shared":46,"band":8,"share":0.17391304347826086},"junction":{"shared":177,"band":55,"share":0.3107344632768362}},"histogram":[247,135,41,6],"burgsServed":49}
stdout | src/generators/underground-measure.dom.test.ts:516:1 > measures underground alignment variants
ROW {"seed":"measure-b","variant":"smoothed-depth","ms":12,"routes":37,"cells":383,"length":3620,"overlap":0.708,"overlapLand":0.705,"parallel":0.837,"exactEdge":0.277,"alongEdge":0.506,"bandShare":0.314,"medianRoadDistance":0.38,"bandByEndpointKind":{"dual":{"shared":59,"band":23,"share":0.3898305084745763},"fully-subterranean":{"shared":81,"band":27,"share":0.3333333333333333},"junction":{"shared":159,"band":57,"share":0.3584905660377358}},"histogram":[271,84,23,5],"burgsServed":50}
stdout | src/generators/underground-measure.dom.test.ts:516:1 > measures underground alignment variants
ROW {"seed":"measure-b","variant":"road-repulsion","ms":10,"routes":42,"cells":407,"length":3894,"overlap":0.587,"overlapLand":0.585,"parallel":0.806,"exactEdge":0.178,"alongEdge":0.44,"bandShare":0.318,"medianRoadDistance":0.54,"bandByEndpointKind":{"dual":{"shared":47,"band":22,"share":0.46808510638297873},"fully-subterranean":{"shared":70,"band":23,"share":0.32857142857142857},"junction":{"shared":153,"band":57,"share":0.37254901960784315}},"histogram":[239,124,38,6],"burgsServed":48}
stdout | src/generators/underground-measure.dom.test.ts:516:1 > measures underground alignment variants
ROW {"seed":"measure-b","variant":"road-repulsion-strong","ms":11,"routes":44,"cells":453,"length":4328,"overlap":0.519,"overlapLand":0.514,"parallel":0.75,"exactEdge":0.143,"alongEdge":0.391,"bandShare":0.319,"medianRoadDistance":0.63,"bandByEndpointKind":{"dual":{"shared":46,"band":21,"share":0.45652173913043476},"fully-subterranean":{"shared":61,"band":23,"share":0.3770491803278688},"junction":{"shared":161,"band":58,"share":0.36024844720496896}},"histogram":[235,159,51,8],"burgsServed":50}
stdout | src/generators/underground-measure.dom.test.ts:516:1 > measures underground alignment variants
ROW {"seed":"measure-b","variant":"longhaul-mst","ms":13,"routes":54,"cells":430,"length":3943,"overlap":0.765,"overlapLand":0.76,"parallel":0.894,"exactEdge":0.352,"alongEdge":0.565,"bandShare":0.34,"medianRoadDistance":0.3,"bandByEndpointKind":{"dual":{"shared":119,"band":52,"share":0.4369747899159664},"fully-subterranean":{"shared":170,"band":43,"share":0.2529411764705882},"junction":{"shared":82,"band":54,"share":0.6585365853658537}},"histogram":[329,77,20,4],"burgsServed":64}
stdout | src/generators/underground-measure.dom.test.ts:516:1 > measures underground alignment variants
ROW {"seed":"measure-b","variant":"trunk-spurs-25","ms":16,"routes":38,"cells":403,"length":3765,"overlap":0.792,"overlapLand":0.787,"parallel":0.891,"exactEdge":0.389,"alongEdge":0.543,"bandShare":0.263,"medianRoadDistance":0.24,"bandByEndpointKind":{"dual":{"shared":74,"band":30,"share":0.40540540540540543},"fully-subterranean":{"shared":106,"band":27,"share":0.25471698113207547},"junction":{"shared":169,"band":51,"share":0.30177514792899407}},"histogram":[319,71,13,0],"burgsServed":43}
stdout | src/generators/underground-measure.dom.test.ts:516:1 > measures underground alignment variants
ROW {"seed":"measure-b","variant":"trunk-spurs-10","ms":30,"routes":35,"cells":440,"length":3960,"overlap":0.805,"overlapLand":0.795,"parallel":0.944,"exactEdge":0.381,"alongEdge":0.548,"bandShare":0.218,"medianRoadDistance":0.23,"bandByEndpointKind":{"dual":{"shared":71,"band":28,"share":0.39436619718309857},"fully-subterranean":{"shared":40,"band":6,"share":0.15},"junction":{"shared":270,"band":62,"share":0.22962962962962963}},"histogram":[354,71,14,1],"burgsServed":45}
stdout | src/generators/underground-measure.dom.test.ts:516:1 > measures underground alignment variants
SEED measure-c cells=5601 land=4077 burgs=815 subterranean=82 surfaceRoutes=589 {"roads":14,"trails":471,"searoutes":104} surfaceCells=2216 landRouteCells=1649 productionRoutes=45 longest=61
stdout | src/generators/underground-measure.dom.test.ts:516:1 > measures underground alignment variants
ROW {"seed":"measure-c","variant":"baseline-production","ms":0,"routes":45,"cells":473,"length":4458,"overlap":0.71,"overlapLand":0.708,"parallel":0.857,"exactEdge":0.327,"alongEdge":0.535,"bandShare":0.31,"medianRoadDistance":0.39,"bandByEndpointKind":{"dual":{"shared":125,"band":36,"share":0.288},"fully-subterranean":{"shared":66,"band":24,"share":0.36363636363636365},"junction":{"shared":183,"band":72,"share":0.39344262295081966}},"histogram":[336,96,35,6],"burgsServed":54}
stdout | src/generators/underground-measure.dom.test.ts:516:1 > measures underground alignment variants
ROW {"seed":"measure-c","variant":"debug-real-noprune","ms":12,"routes":59,"cells":577,"length":5544,"overlap":0.726,"overlapLand":0.716,"parallel":0.881,"exactEdge":0.34,"alongEdge":0.56,"bandShare":0.327,"medianRoadDistance":0.36,"bandByEndpointKind":{"dual":{"shared":195,"band":65,"share":0.3333333333333333},"fully-subterranean":{"shared":66,"band":24,"share":0.36363636363636365},"junction":{"shared":222,"band":90,"share":0.40540540540540543}},"histogram":[419,116,36,6],"burgsServed":58}
stdout | src/generators/underground-measure.dom.test.ts:516:1 > measures underground alignment variants
ROW {"seed":"measure-c","variant":"debug-real-pruned","ms":11,"routes":45,"cells":473,"length":4458,"overlap":0.71,"overlapLand":0.708,"parallel":0.857,"exactEdge":0.327,"alongEdge":0.535,"bandShare":0.31,"medianRoadDistance":0.39,"bandByEndpointKind":{"dual":{"shared":125,"band":36,"share":0.288},"fully-subterranean":{"shared":66,"band":24,"share":0.36363636363636365},"junction":{"shared":183,"band":72,"share":0.39344262295081966}},"histogram":[336,96,35,6],"burgsServed":54}
stdout | src/generators/underground-measure.dom.test.ts:516:1 > measures underground alignment variants
DEBUG replica stages: raw 96 routes/577 cells -> merged 59 routes -> pruned 45 routes/473 cells
stdout | src/generators/underground-measure.dom.test.ts:516:1 > measures underground alignment variants
ROW {"seed":"measure-c","variant":"replica-production","ms":12,"routes":45,"cells":473,"length":4458,"overlap":0.71,"overlapLand":0.708,"parallel":0.857,"exactEdge":0.327,"alongEdge":0.535,"bandShare":0.31,"medianRoadDistance":0.39,"bandByEndpointKind":{"dual":{"shared":125,"band":36,"share":0.288},"fully-subterranean":{"shared":66,"band":24,"share":0.36363636363636365},"junction":{"shared":183,"band":72,"share":0.39344262295081966}},"histogram":[336,96,35,6],"burgsServed":54}
stdout | src/generators/underground-measure.dom.test.ts:516:1 > measures underground alignment variants
ROW {"seed":"measure-c","variant":"no-burg-attraction","ms":10,"routes":48,"cells":596,"length":5514,"overlap":0.567,"overlapLand":0.557,"parallel":0.827,"exactEdge":0.174,"alongEdge":0.454,"bandShare":0.269,"medianRoadDistance":0.54,"bandByEndpointKind":{"dual":{"shared":118,"band":39,"share":0.3305084745762712},"fully-subterranean":{"shared":56,"band":17,"share":0.30357142857142855},"junction":{"shared":214,"band":68,"share":0.3177570093457944}},"histogram":[338,203,47,8],"burgsServed":52}
stdout | src/generators/underground-measure.dom.test.ts:516:1 > measures underground alignment variants
ROW {"seed":"measure-c","variant":"combo-divergence","ms":15,"routes":69,"cells":600,"length":5847,"overlap":0.395,"overlapLand":0.388,"parallel":0.742,"exactEdge":0.065,"alongEdge":0.364,"bandShare":0.338,"medianRoadDistance":0.81,"bandByEndpointKind":{"dual":{"shared":57,"band":30,"share":0.5263157894736842},"fully-subterranean":{"shared":22,"band":10,"share":0.45454545454545453},"junction":{"shared":197,"band":72,"share":0.36548223350253806}},"histogram":[237,258,84,21],"burgsServed":59}
stdout | src/generators/underground-measure.dom.test.ts:516:1 > measures underground alignment variants
ROW {"seed":"measure-c","variant":"control-point","ms":4,"routes":48,"cells":595,"length":5501,"overlap":0.578,"overlapLand":0.57,"parallel":0.851,"exactEdge":0.184,"alongEdge":0.47,"bandShare":0.259,"medianRoadDistance":0.51,"bandByEndpointKind":{"dual":{"shared":139,"band":43,"share":0.30935251798561153},"fully-subterranean":{"shared":76,"band":18,"share":0.23684210526315788},"junction":{"shared":180,"band":61,"share":0.3388888888888889}},"histogram":[344,204,40,7],"burgsServed":53}
stdout | src/generators/underground-measure.dom.test.ts:516:1 > measures underground alignment variants
ROW {"seed":"measure-c","variant":"control-point-discount","ms":12,"routes":48,"cells":587,"length":5412,"overlap":0.574,"overlapLand":0.564,"parallel":0.847,"exactEdge":0.173,"alongEdge":0.472,"bandShare":0.261,"medianRoadDistance":0.53,"bandByEndpointKind":{"dual":{"shared":107,"band":34,"share":0.3177570093457944},"fully-subterranean":{"shared":57,"band":17,"share":0.2982456140350877},"junction":{"shared":223,"band":70,"share":0.31390134529147984}},"histogram":[337,198,42,10],"burgsServed":51}
stdout | src/generators/underground-measure.dom.test.ts:516:1 > measures underground alignment variants
ROW {"seed":"measure-c","variant":"control-point-burg","ms":5,"routes":42,"cells":439,"length":4159,"overlap":0.756,"overlapLand":0.749,"parallel":0.884,"exactEdge":0.34,"alongEdge":0.528,"bandShare":0.304,"medianRoadDistance":0.33,"bandByEndpointKind":{"dual":{"shared":127,"band":38,"share":0.2992125984251969},"fully-subterranean":{"shared":40,"band":16,"share":0.4},"junction":{"shared":199,"band":74,"share":0.37185929648241206}},"histogram":[332,75,26,6],"burgsServed":50}
stdout | src/generators/underground-measure.dom.test.ts:516:1 > measures underground alignment variants
ROW {"seed":"measure-c","variant":"control-point-discount-burg","ms":11,"routes":43,"cells":477,"length":4535,"overlap":0.732,"overlapLand":0.725,"parallel":0.872,"exactEdge":0.335,"alongEdge":0.532,"bandShare":0.295,"medianRoadDistance":0.36,"bandByEndpointKind":{"dual":{"shared":120,"band":34,"share":0.2833333333333333},"fully-subterranean":{"shared":65,"band":22,"share":0.3384615384615385},"junction":{"shared":202,"band":74,"share":0.36633663366336633}},"histogram":[349,92,30,6],"burgsServed":53}
stdout | src/generators/underground-measure.dom.test.ts:516:1 > measures underground alignment variants
ROW {"seed":"measure-c","variant":"gate-divergence","ms":13,"routes":47,"cells":514,"length":5223,"overlap":0.654,"overlapLand":0.646,"parallel":0.857,"exactEdge":0.237,"alongEdge":0.501,"bandShare":0.244,"medianRoadDistance":0.44,"bandByEndpointKind":{"dual":{"shared":77,"band":29,"share":0.37662337662337664},"fully-subterranean":{"shared":71,"band":12,"share":0.16901408450704225},"junction":{"shared":233,"band":67,"share":0.2875536480686695}},"histogram":[336,139,30,9],"burgsServed":46}
stdout | src/generators/underground-measure.dom.test.ts:516:1 > measures underground alignment variants
ROW {"seed":"measure-c","variant":"smoothed-depth","ms":12,"routes":45,"cells":469,"length":4430,"overlap":0.708,"overlapLand":0.704,"parallel":0.851,"exactEdge":0.328,"alongEdge":0.524,"bandShare":0.31,"medianRoadDistance":0.4,"bandByEndpointKind":{"dual":{"shared":126,"band":36,"share":0.2857142857142857},"fully-subterranean":{"shared":52,"band":21,"share":0.40384615384615385},"junction":{"shared":192,"band":74,"share":0.3854166666666667}},"histogram":[332,94,36,7],"burgsServed":53}
stdout | src/generators/underground-measure.dom.test.ts:516:1 > measures underground alignment variants
ROW {"seed":"measure-c","variant":"road-repulsion","ms":12,"routes":50,"cells":520,"length":4918,"overlap":0.565,"overlapLand":0.56,"parallel":0.792,"exactEdge":0.217,"alongEdge":0.471,"bandShare":0.323,"medianRoadDistance":0.61,"bandByEndpointKind":{"dual":{"shared":116,"band":41,"share":0.35344827586206895},"fully-subterranean":{"shared":45,"band":21,"share":0.4666666666666667},"junction":{"shared":169,"band":61,"share":0.3609467455621302}},"histogram":[294,153,57,16],"burgsServed":55}
stdout | src/generators/underground-measure.dom.test.ts:516:1 > measures underground alignment variants
ROW {"seed":"measure-c","variant":"road-repulsion-strong","ms":12,"routes":51,"cells":527,"length":5027,"overlap":0.505,"overlapLand":0.501,"parallel":0.77,"exactEdge":0.175,"alongEdge":0.431,"bandShare":0.346,"medianRoadDistance":0.69,"bandByEndpointKind":{"dual":{"shared":122,"band":48,"share":0.39344262295081966},"fully-subterranean":{"shared":64,"band":25,"share":0.390625},"junction":{"shared":119,"band":51,"share":0.42857142857142855}},"histogram":[266,174,69,18],"burgsServed":54}
stdout | src/generators/underground-measure.dom.test.ts:516:1 > measures underground alignment variants
ROW {"seed":"measure-c","variant":"longhaul-mst","ms":13,"routes":46,"cells":473,"length":4482,"overlap":0.721,"overlapLand":0.715,"parallel":0.87,"exactEdge":0.354,"alongEdge":0.56,"bandShare":0.314,"medianRoadDistance":0.37,"bandByEndpointKind":{"dual":{"shared":108,"band":34,"share":0.3148148148148148},"fully-subterranean":{"shared":50,"band":21,"share":0.42},"junction":{"shared":223,"band":85,"share":0.3811659192825112}},"histogram":[341,93,33,6],"burgsServed":53}
stdout | src/generators/underground-measure.dom.test.ts:516:1 > measures underground alignment variants
ROW {"seed":"measure-c","variant":"trunk-spurs-25","ms":14,"routes":42,"cells":329,"length":3107,"overlap":0.708,"overlapLand":0.702,"parallel":0.861,"exactEdge":0.324,"alongEdge":0.46,"bandShare":0.391,"medianRoadDistance":0.38,"bandByEndpointKind":{"dual":{"shared":57,"band":38,"share":0.6666666666666666},"fully-subterranean":{"shared":63,"band":24,"share":0.38095238095238093},"junction":{"shared":144,"band":60,"share":0.4166666666666667}},"histogram":[233,68,26,2],"burgsServed":49}
stdout | src/generators/underground-measure.dom.test.ts:516:1 > measures underground alignment variants
ROW {"seed":"measure-c","variant":"trunk-spurs-10","ms":25,"routes":32,"cells":261,"length":2417,"overlap":0.751,"overlapLand":0.747,"parallel":0.893,"exactEdge":0.307,"alongEdge":0.457,"bandShare":0.362,"medianRoadDistance":0.3,"bandByEndpointKind":{"dual":{"shared":28,"band":21,"share":0.75},"fully-subterranean":{"shared":41,"band":14,"share":0.34146341463414637},"junction":{"shared":148,"band":54,"share":0.36486486486486486}},"histogram":[196,52,12,1],"burgsServed":41}
stdout | src/generators/underground-measure.dom.test.ts:516:1 > measures underground alignment variants
SEED measure-d cells=5958 land=4354 burgs=888 subterranean=88 surfaceRoutes=683 {"roads":20,"trails":510,"searoutes":153} surfaceCells=2931 landRouteCells=1930 productionRoutes=60 longest=36
stdout | src/generators/underground-measure.dom.test.ts:516:1 > measures underground alignment variants
ROW {"seed":"measure-d","variant":"baseline-production","ms":0,"routes":60,"cells":584,"length":5464,"overlap":0.688,"overlapLand":0.687,"parallel":0.836,"exactEdge":0.331,"alongEdge":0.487,"bandShare":0.299,"medianRoadDistance":0.41,"bandByEndpointKind":{"dual":{"shared":147,"band":52,"share":0.35374149659863946},"fully-subterranean":{"shared":86,"band":25,"share":0.29069767441860467},"junction":{"shared":214,"band":75,"share":0.35046728971962615}},"histogram":[402,135,35,12],"burgsServed":71}
stdout | src/generators/underground-measure.dom.test.ts:516:1 > measures underground alignment variants
ROW {"seed":"measure-d","variant":"debug-real-noprune","ms":12,"routes":68,"cells":631,"length":6023,"overlap":0.685,"overlapLand":0.681,"parallel":0.841,"exactEdge":0.331,"alongEdge":0.501,"bandShare":0.322,"medianRoadDistance":0.41,"bandByEndpointKind":{"dual":{"shared":156,"band":60,"share":0.38461538461538464},"fully-subterranean":{"shared":86,"band":25,"share":0.29069767441860467},"junction":{"shared":248,"band":92,"share":0.3709677419354839}},"histogram":[432,149,38,12],"burgsServed":74}
stdout | src/generators/underground-measure.dom.test.ts:516:1 > measures underground alignment variants
ROW {"seed":"measure-d","variant":"debug-real-pruned","ms":15,"routes":60,"cells":584,"length":5464,"overlap":0.688,"overlapLand":0.687,"parallel":0.836,"exactEdge":0.331,"alongEdge":0.487,"bandShare":0.299,"medianRoadDistance":0.41,"bandByEndpointKind":{"dual":{"shared":147,"band":52,"share":0.35374149659863946},"fully-subterranean":{"shared":86,"band":25,"share":0.29069767441860467},"junction":{"shared":214,"band":75,"share":0.35046728971962615}},"histogram":[402,135,35,12],"burgsServed":71}
stdout | src/generators/underground-measure.dom.test.ts:516:1 > measures underground alignment variants
DEBUG replica stages: raw 97 routes/631 cells -> merged 68 routes -> pruned 60 routes/584 cells
stdout | src/generators/underground-measure.dom.test.ts:516:1 > measures underground alignment variants
ROW {"seed":"measure-d","variant":"replica-production","ms":11,"routes":60,"cells":584,"length":5464,"overlap":0.688,"overlapLand":0.687,"parallel":0.836,"exactEdge":0.331,"alongEdge":0.487,"bandShare":0.299,"medianRoadDistance":0.41,"bandByEndpointKind":{"dual":{"shared":147,"band":52,"share":0.35374149659863946},"fully-subterranean":{"shared":86,"band":25,"share":0.29069767441860467},"junction":{"shared":214,"band":75,"share":0.35046728971962615}},"histogram":[402,135,35,12],"burgsServed":71}
stdout | src/generators/underground-measure.dom.test.ts:516:1 > measures underground alignment variants
ROW {"seed":"measure-d","variant":"no-burg-attraction","ms":11,"routes":65,"cells":644,"length":5851,"overlap":0.562,"overlapLand":0.557,"parallel":0.786,"exactEdge":0.19,"alongEdge":0.414,"bandShare":0.32,"medianRoadDistance":0.55,"bandByEndpointKind":{"dual":{"shared":97,"band":42,"share":0.4329896907216495},"fully-subterranean":{"shared":79,"band":25,"share":0.31645569620253167},"junction":{"shared":238,"band":88,"share":0.3697478991596639}},"histogram":[362,220,50,12],"burgsServed":73}
stdout | src/generators/underground-measure.dom.test.ts:516:1 > measures underground alignment variants
ROW {"seed":"measure-d","variant":"combo-divergence","ms":14,"routes":75,"cells":696,"length":6545,"overlap":0.365,"overlapLand":0.359,"parallel":0.695,"exactEdge":0.071,"alongEdge":0.338,"bandShare":0.35,"medianRoadDistance":0.82,"bandByEndpointKind":{"dual":{"shared":42,"band":22,"share":0.5238095238095238},"fully-subterranean":{"shared":57,"band":13,"share":0.22807017543859648},"junction":{"shared":188,"band":81,"share":0.4308510638297872}},"histogram":[254,335,87,20],"burgsServed":73}
stdout | src/generators/underground-measure.dom.test.ts:516:1 > measures underground alignment variants
ROW {"seed":"measure-d","variant":"control-point","ms":5,"routes":62,"cells":669,"length":5986,"overlap":0.586,"overlapLand":0.578,"parallel":0.82,"exactEdge":0.196,"alongEdge":0.435,"bandShare":0.298,"medianRoadDistance":0.51,"bandByEndpointKind":{"dual":{"shared":115,"band":49,"share":0.4260869565217391},"fully-subterranean":{"shared":119,"band":28,"share":0.23529411764705882},"junction":{"shared":209,"band":77,"share":0.3684210526315789}},"histogram":[392,221,48,8],"burgsServed":73}
stdout | src/generators/underground-measure.dom.test.ts:516:1 > measures underground alignment variants
ROW {"seed":"measure-d","variant":"control-point-discount","ms":15,"routes":65,"cells":648,"length":5699,"overlap":0.59,"overlapLand":0.583,"parallel":0.816,"exactEdge":0.205,"alongEdge":0.431,"bandShare":0.312,"medianRoadDistance":0.51,"bandByEndpointKind":{"dual":{"shared":108,"band":43,"share":0.39814814814814814},"fully-subterranean":{"shared":72,"band":23,"share":0.3194444444444444},"junction":{"shared":252,"band":91,"share":0.3611111111111111}},"histogram":[382,212,46,8],"burgsServed":73}
stdout | src/generators/underground-measure.dom.test.ts:516:1 > measures underground alignment variants
ROW {"seed":"measure-d","variant":"control-point-burg","ms":5,"routes":56,"cells":627,"length":5788,"overlap":0.689,"overlapLand":0.687,"parallel":0.841,"exactEdge":0.33,"alongEdge":0.495,"bandShare":0.257,"medianRoadDistance":0.41,"bandByEndpointKind":{"dual":{"shared":138,"band":49,"share":0.35507246376811596},"fully-subterranean":{"shared":96,"band":27,"share":0.28125},"junction":{"shared":241,"band":64,"share":0.26556016597510373}},"histogram":[432,146,39,10],"burgsServed":68}
stdout | src/generators/underground-measure.dom.test.ts:516:1 > measures underground alignment variants
ROW {"seed":"measure-d","variant":"control-point-discount-burg","ms":14,"routes":62,"cells":582,"length":5286,"overlap":0.694,"overlapLand":0.692,"parallel":0.843,"exactEdge":0.334,"alongEdge":0.499,"bandShare":0.307,"medianRoadDistance":0.4,"bandByEndpointKind":{"dual":{"shared":144,"band":50,"share":0.3472222222222222},"fully-subterranean":{"shared":64,"band":24,"share":0.375},"junction":{"shared":240,"band":82,"share":0.3416666666666667}},"histogram":[404,134,34,10],"burgsServed":74}
stdout | src/generators/underground-measure.dom.test.ts:516:1 > measures underground alignment variants
ROW {"seed":"measure-d","variant":"gate-divergence","ms":11,"routes":63,"cells":612,"length":5943,"overlap":0.592,"overlapLand":0.59,"parallel":0.795,"exactEdge":0.242,"alongEdge":0.438,"bandShare":0.268,"medianRoadDistance":0.53,"bandByEndpointKind":{"dual":{"shared":81,"band":29,"share":0.35802469135802467},"fully-subterranean":{"shared":72,"band":14,"share":0.19444444444444445},"junction":{"shared":241,"band":77,"share":0.31950207468879666}},"histogram":[362,186,51,13],"burgsServed":68}
stdout | src/generators/underground-measure.dom.test.ts:516:1 > measures underground alignment variants
ROW {"seed":"measure-d","variant":"smoothed-depth","ms":10,"routes":62,"cells":576,"length":5348,"overlap":0.688,"overlapLand":0.686,"parallel":0.834,"exactEdge":0.331,"alongEdge":0.488,"bandShare":0.318,"medianRoadDistance":0.41,"bandByEndpointKind":{"dual":{"shared":137,"band":54,"share":0.39416058394160586},"fully-subterranean":{"shared":72,"band":25,"share":0.3472222222222222},"junction":{"shared":232,"band":80,"share":0.3448275862068966}},"histogram":[396,134,34,12],"burgsServed":74}
stdout | src/generators/underground-measure.dom.test.ts:516:1 > measures underground alignment variants
ROW {"seed":"measure-d","variant":"road-repulsion","ms":11,"routes":65,"cells":590,"length":5617,"overlap":0.532,"overlapLand":0.531,"parallel":0.793,"exactEdge":0.202,"alongEdge":0.435,"bandShare":0.363,"medianRoadDistance":0.6,"bandByEndpointKind":{"dual":{"shared":114,"band":51,"share":0.4473684210526316},"fully-subterranean":{"shared":99,"band":30,"share":0.30303030303030304},"junction":{"shared":148,"band":72,"share":0.4864864864864865}},"histogram":[314,212,52,12],"burgsServed":73}
stdout | src/generators/underground-measure.dom.test.ts:516:1 > measures underground alignment variants
ROW {"seed":"measure-d","variant":"road-repulsion-strong","ms":11,"routes":63,"cells":544,"length":5194,"overlap":0.463,"overlapLand":0.46,"parallel":0.764,"exactEdge":0.146,"alongEdge":0.392,"bandShare":0.413,"medianRoadDistance":0.7,"bandByEndpointKind":{"dual":{"shared":81,"band":43,"share":0.5308641975308642},"fully-subterranean":{"shared":89,"band":28,"share":0.3146067415730337},"junction":{"shared":123,"band":67,"share":0.5447154471544715}},"histogram":[252,216,62,14],"burgsServed":71}
stdout | src/generators/underground-measure.dom.test.ts:516:1 > measures underground alignment variants
ROW {"seed":"measure-d","variant":"longhaul-mst","ms":12,"routes":69,"cells":599,"length":5640,"overlap":0.683,"overlapLand":0.681,"parallel":0.823,"exactEdge":0.317,"alongEdge":0.467,"bandShare":0.325,"medianRoadDistance":0.42,"bandByEndpointKind":{"dual":{"shared":132,"band":49,"share":0.3712121212121212},"fully-subterranean":{"shared":92,"band":28,"share":0.30434782608695654},"junction":{"shared":237,"band":98,"share":0.41350210970464135}},"histogram":[409,139,38,13],"burgsServed":74}
stdout | src/generators/underground-measure.dom.test.ts:516:1 > measures underground alignment variants
ROW {"seed":"measure-d","variant":"trunk-spurs-25","ms":12,"routes":50,"cells":465,"length":4238,"overlap":0.654,"overlapLand":0.647,"parallel":0.814,"exactEdge":0.25,"alongEdge":0.413,"bandShare":0.349,"medianRoadDistance":0.43,"bandByEndpointKind":{"dual":{"shared":82,"band":45,"share":0.5487804878048781},"fully-subterranean":{"shared":136,"band":37,"share":0.27205882352941174},"junction":{"shared":114,"band":46,"share":0.40350877192982454}},"histogram":[304,124,36,1],"burgsServed":61}
stdout | src/generators/underground-measure.dom.test.ts:516:1 > measures underground alignment variants
ROW {"seed":"measure-d","variant":"trunk-spurs-10","ms":23,"routes":41,"cells":406,"length":3639,"overlap":0.67,"overlapLand":0.665,"parallel":0.827,"exactEdge":0.311,"alongEdge":0.459,"bandShare":0.287,"medianRoadDistance":0.44,"bandByEndpointKind":{"dual":{"shared":40,"band":29,"share":0.725},"fully-subterranean":{"shared":97,"band":22,"share":0.2268041237113402},"junction":{"shared":153,"band":43,"share":0.28104575163398693}},"histogram":[272,97,31,6],"burgsServed":50}
stdout | src/generators/underground-measure.dom.test.ts:516:1 > measures underground alignment variants
SEED measure-e cells=5892 land=4439 burgs=902 subterranean=90 surfaceRoutes=691 {"roads":21,"trails":516,"searoutes":154} surfaceCells=2753 landRouteCells=1884 productionRoutes=47 longest=43
stdout | src/generators/underground-measure.dom.test.ts:516:1 > measures underground alignment variants
ROW {"seed":"measure-e","variant":"baseline-production","ms":0,"routes":47,"cells":485,"length":4353,"overlap":0.68,"overlapLand":0.678,"parallel":0.908,"exactEdge":0.271,"alongEdge":0.539,"bandShare":0.303,"medianRoadDistance":0.35,"bandByEndpointKind":{"dual":{"shared":66,"band":27,"share":0.4090909090909091},"fully-subterranean":{"shared":78,"band":27,"share":0.34615384615384615},"junction":{"shared":216,"band":69,"share":0.3194444444444444}},"histogram":[330,141,14,0],"burgsServed":61}
stdout | src/generators/underground-measure.dom.test.ts:516:1 > measures underground alignment variants
ROW {"seed":"measure-e","variant":"debug-real-noprune","ms":14,"routes":59,"cells":632,"length":5785,"overlap":0.69,"overlapLand":0.682,"parallel":0.899,"exactEdge":0.283,"alongEdge":0.541,"bandShare":0.289,"medianRoadDistance":0.36,"bandByEndpointKind":{"dual":{"shared":125,"band":51,"share":0.408},"fully-subterranean":{"shared":78,"band":27,"share":0.34615384615384615},"junction":{"shared":285,"band":84,"share":0.29473684210526313}},"histogram":[436,168,24,4],"burgsServed":64}
stdout | src/generators/underground-measure.dom.test.ts:516:1 > measures underground alignment variants
ROW {"seed":"measure-e","variant":"debug-real-pruned","ms":14,"routes":47,"cells":485,"length":4353,"overlap":0.68,"overlapLand":0.678,"parallel":0.908,"exactEdge":0.271,"alongEdge":0.539,"bandShare":0.303,"medianRoadDistance":0.35,"bandByEndpointKind":{"dual":{"shared":66,"band":27,"share":0.4090909090909091},"fully-subterranean":{"shared":78,"band":27,"share":0.34615384615384615},"junction":{"shared":216,"band":69,"share":0.3194444444444444}},"histogram":[330,141,14,0],"burgsServed":61}
stdout | src/generators/underground-measure.dom.test.ts:516:1 > measures underground alignment variants
DEBUG replica stages: raw 100 routes/632 cells -> merged 59 routes -> pruned 47 routes/485 cells
stdout | src/generators/underground-measure.dom.test.ts:516:1 > measures underground alignment variants
ROW {"seed":"measure-e","variant":"replica-production","ms":13,"routes":47,"cells":485,"length":4353,"overlap":0.68,"overlapLand":0.678,"parallel":0.908,"exactEdge":0.271,"alongEdge":0.539,"bandShare":0.303,"medianRoadDistance":0.35,"bandByEndpointKind":{"dual":{"shared":66,"band":27,"share":0.4090909090909091},"fully-subterranean":{"shared":78,"band":27,"share":0.34615384615384615},"junction":{"shared":216,"band":69,"share":0.3194444444444444}},"histogram":[330,141,14,0],"burgsServed":61}
stdout | src/generators/underground-measure.dom.test.ts:516:1 > measures underground alignment variants
ROW {"seed":"measure-e","variant":"no-burg-attraction","ms":10,"routes":55,"cells":607,"length":5326,"overlap":0.572,"overlapLand":0.555,"parallel":0.835,"exactEdge":0.198,"alongEdge":0.466,"bandShare":0.294,"medianRoadDistance":0.52,"bandByEndpointKind":{"dual":{"shared":78,"band":32,"share":0.41025641025641024},"fully-subterranean":{"shared":56,"band":25,"share":0.44642857142857145},"junction":{"shared":256,"band":73,"share":0.28515625}},"histogram":[347,213,41,6],"burgsServed":66}
stdout | src/generators/underground-measure.dom.test.ts:516:1 > measures underground alignment variants
ROW {"seed":"measure-e","variant":"combo-divergence","ms":14,"routes":78,"cells":626,"length":5939,"overlap":0.411,"overlapLand":0.396,"parallel":0.778,"exactEdge":0.085,"alongEdge":0.412,"bandShare":0.358,"medianRoadDistance":0.71,"bandByEndpointKind":{"dual":{"shared":30,"band":19,"share":0.6333333333333333},"fully-subterranean":{"shared":42,"band":16,"share":0.38095238095238093},"junction":{"shared":224,"band":88,"share":0.39285714285714285}},"histogram":[257,302,56,11],"burgsServed":70}
stdout | src/generators/underground-measure.dom.test.ts:516:1 > measures underground alignment variants
ROW {"seed":"measure-e","variant":"control-point","ms":5,"routes":55,"cells":595,"length":5220,"overlap":0.563,"overlapLand":0.543,"parallel":0.841,"exactEdge":0.197,"alongEdge":0.476,"bandShare":0.296,"medianRoadDistance":0.54,"bandByEndpointKind":{"dual":{"shared":61,"band":31,"share":0.5081967213114754},"fully-subterranean":{"shared":58,"band":25,"share":0.43103448275862066},"junction":{"shared":258,"band":71,"share":0.2751937984496124}},"histogram":[335,211,39,10],"burgsServed":66}
stdout | src/generators/underground-measure.dom.test.ts:516:1 > measures underground alignment variants
ROW {"seed":"measure-e","variant":"control-point-discount","ms":10,"routes":55,"cells":618,"length":5353,"overlap":0.57,"overlapLand":0.553,"parallel":0.844,"exactEdge":0.201,"alongEdge":0.475,"bandShare":0.284,"medianRoadDistance":0.51,"bandByEndpointKind":{"dual":{"shared":78,"band":32,"share":0.41025641025641024},"fully-subterranean":{"shared":56,"band":24,"share":0.42857142857142855},"junction":{"shared":261,"band":72,"share":0.27586206896551724}},"histogram":[352,223,37,6],"burgsServed":66}
stdout | src/generators/underground-measure.dom.test.ts:516:1 > measures underground alignment variants
ROW {"seed":"measure-e","variant":"control-point-burg","ms":5,"routes":50,"cells":547,"length":4902,"overlap":0.68,"overlapLand":0.676,"parallel":0.902,"exactEdge":0.279,"alongEdge":0.541,"bandShare":0.274,"medianRoadDistance":0.37,"bandByEndpointKind":{"dual":{"shared":74,"band":33,"share":0.44594594594594594},"fully-subterranean":{"shared":78,"band":27,"share":0.34615384615384615},"junction":{"shared":252,"band":68,"share":0.2698412698412698}},"histogram":[372,151,20,4],"burgsServed":63}
stdout | src/generators/underground-measure.dom.test.ts:516:1 > measures underground alignment variants
ROW {"seed":"measure-e","variant":"control-point-discount-burg","ms":11,"routes":49,"cells":534,"length":4746,"overlap":0.695,"overlapLand":0.691,"parallel":0.91,"exactEdge":0.295,"alongEdge":0.556,"bandShare":0.283,"medianRoadDistance":0.34,"bandByEndpointKind":{"dual":{"shared":72,"band":31,"share":0.4305555555555556},"fully-subterranean":{"shared":78,"band":27,"share":0.34615384615384615},"junction":{"shared":251,"band":70,"share":0.2788844621513944}},"histogram":[371,146,17,0],"burgsServed":64}
stdout | src/generators/underground-measure.dom.test.ts:516:1 > measures underground alignment variants
ROW {"seed":"measure-e","variant":"gate-divergence","ms":12,"routes":55,"cells":472,"length":4543,"overlap":0.614,"overlapLand":0.608,"parallel":0.853,"exactEdge":0.183,"alongEdge":0.479,"bandShare":0.272,"medianRoadDistance":0.45,"bandByEndpointKind":{"dual":{"shared":36,"band":15,"share":0.4166666666666667},"fully-subterranean":{"shared":60,"band":14,"share":0.23333333333333334},"junction":{"shared":227,"band":75,"share":0.3303964757709251}},"histogram":[290,157,19,6],"burgsServed":55}
stdout | src/generators/underground-measure.dom.test.ts:516:1 > measures underground alignment variants
ROW {"seed":"measure-e","variant":"smoothed-depth","ms":13,"routes":49,"cells":490,"length":4421,"overlap":0.659,"overlapLand":0.657,"parallel":0.897,"exactEdge":0.254,"alongEdge":0.528,"bandShare":0.31,"medianRoadDistance":0.39,"bandByEndpointKind":{"dual":{"shared":47,"band":23,"share":0.48936170212765956},"fully-subterranean":{"shared":69,"band":22,"share":0.3188405797101449},"junction":{"shared":239,"band":80,"share":0.33472803347280333}},"histogram":[323,145,18,4],"burgsServed":60}
stdout | src/generators/underground-measure.dom.test.ts:516:1 > measures underground alignment variants
ROW {"seed":"measure-e","variant":"road-repulsion","ms":12,"routes":51,"cells":503,"length":4546,"overlap":0.535,"overlapLand":0.525,"parallel":0.811,"exactEdge":0.166,"alongEdge":0.458,"bandShare":0.335,"medianRoadDistance":0.56,"bandByEndpointKind":{"dual":{"shared":50,"band":28,"share":0.56},"fully-subterranean":{"shared":47,"band":21,"share":0.44680851063829785},"junction":{"shared":203,"band":64,"share":0.31527093596059114}},"histogram":[269,191,36,7],"burgsServed":64}
stdout | src/generators/underground-measure.dom.test.ts:516:1 > measures underground alignment variants
ROW {"seed":"measure-e","variant":"road-repulsion-strong","ms":11,"routes":53,"cells":496,"length":4543,"overlap":0.5,"overlapLand":0.49,"parallel":0.802,"exactEdge":0.151,"alongEdge":0.449,"bandShare":0.351,"medianRoadDistance":0.62,"bandByEndpointKind":{"dual":{"shared":50,"band":30,"share":0.6},"fully-subterranean":{"shared":46,"band":20,"share":0.43478260869565216},"junction":{"shared":183,"band":60,"share":0.32786885245901637}},"histogram":[248,198,41,9],"burgsServed":64}
stdout | src/generators/underground-measure.dom.test.ts:516:1 > measures underground alignment variants
ROW {"seed":"measure-e","variant":"longhaul-mst","ms":15,"routes":65,"cells":544,"length":4952,"overlap":0.7,"overlapLand":0.697,"parallel":0.911,"exactEdge":0.333,"alongEdge":0.583,"bandShare":0.333,"medianRoadDistance":0.34,"bandByEndpointKind":{"dual":{"shared":49,"band":32,"share":0.6530612244897959},"fully-subterranean":{"shared":113,"band":41,"share":0.36283185840707965},"junction":{"shared":265,"band":89,"share":0.33584905660377357}},"histogram":[381,140,23,0],"burgsServed":73}
stdout | src/generators/underground-measure.dom.test.ts:516:1 > measures underground alignment variants
ROW {"seed":"measure-e","variant":"trunk-spurs-25","ms":16,"routes":57,"cells":507,"length":4613,"overlap":0.688,"overlapLand":0.684,"parallel":0.889,"exactEdge":0.242,"alongEdge":0.446,"bandShare":0.312,"medianRoadDistance":0.37,"bandByEndpointKind":{"dual":{"shared":62,"band":36,"share":0.5806451612903226},"fully-subterranean":{"shared":62,"band":22,"share":0.3548387096774194},"junction":{"shared":260,"band":80,"share":0.3076923076923077}},"histogram":[349,132,20,6],"burgsServed":68}
stdout | src/generators/underground-measure.dom.test.ts:516:1 > measures underground alignment variants
ROW {"seed":"measure-e","variant":"trunk-spurs-10","ms":39,"routes":49,"cells":465,"length":4216,"overlap":0.692,"overlapLand":0.69,"parallel":0.91,"exactEdge":0.267,"alongEdge":0.53,"bandShare":0.28,"medianRoadDistance":0.36,"bandByEndpointKind":{"dual":{"shared":118,"band":33,"share":0.2796610169491525},"fully-subterranean":{"shared":63,"band":20,"share":0.31746031746031744},"junction":{"shared":171,"band":62,"share":0.36257309941520466}},"histogram":[322,123,16,4],"burgsServed":58}
stdout | src/generators/underground-measure.dom.test.ts:516:1 > measures underground alignment variants
SEED measure-f cells=6478 land=4526 burgs=874 subterranean=88 surfaceRoutes=649 {"roads":24,"trails":475,"searoutes":150} surfaceCells=2727 landRouteCells=1820 productionRoutes=46 longest=59
stdout | src/generators/underground-measure.dom.test.ts:516:1 > measures underground alignment variants
ROW {"seed":"measure-f","variant":"baseline-production","ms":0,"routes":46,"cells":451,"length":4205,"overlap":0.714,"overlapLand":0.696,"parallel":0.896,"exactEdge":0.307,"alongEdge":0.486,"bandShare":0.335,"medianRoadDistance":0.35,"bandByEndpointKind":{"dual":{"shared":63,"band":25,"share":0.3968253968253968},"fully-subterranean":{"shared":126,"band":38,"share":0.30158730158730157},"junction":{"shared":170,"band":71,"share":0.4176470588235294}},"histogram":[322,106,19,4],"burgsServed":58}
stdout | src/generators/underground-measure.dom.test.ts:516:1 > measures underground alignment variants
ROW {"seed":"measure-f","variant":"debug-real-noprune","ms":12,"routes":61,"cells":561,"length":5310,"overlap":0.725,"overlapLand":0.709,"parallel":0.912,"exactEdge":0.341,"alongEdge":0.528,"bandShare":0.349,"medianRoadDistance":0.32,"bandByEndpointKind":{"dual":{"shared":120,"band":51,"share":0.425},"fully-subterranean":{"shared":126,"band":38,"share":0.30158730158730157},"junction":{"shared":226,"band":92,"share":0.40707964601769914}},"histogram":[407,130,20,4],"burgsServed":66}
stdout | src/generators/underground-measure.dom.test.ts:516:1 > measures underground alignment variants
ROW {"seed":"measure-f","variant":"debug-real-pruned","ms":12,"routes":46,"cells":451,"length":4205,"overlap":0.714,"overlapLand":0.696,"parallel":0.896,"exactEdge":0.307,"alongEdge":0.486,"bandShare":0.335,"medianRoadDistance":0.35,"bandByEndpointKind":{"dual":{"shared":63,"band":25,"share":0.3968253968253968},"fully-subterranean":{"shared":126,"band":38,"share":0.30158730158730157},"junction":{"shared":170,"band":71,"share":0.4176470588235294}},"histogram":[322,106,19,4],"burgsServed":58}
stdout | src/generators/underground-measure.dom.test.ts:516:1 > measures underground alignment variants
DEBUG replica stages: raw 99 routes/561 cells -> merged 61 routes -> pruned 46 routes/451 cells
stdout | src/generators/underground-measure.dom.test.ts:516:1 > measures underground alignment variants
ROW {"seed":"measure-f","variant":"replica-production","ms":12,"routes":46,"cells":451,"length":4205,"overlap":0.714,"overlapLand":0.696,"parallel":0.896,"exactEdge":0.307,"alongEdge":0.486,"bandShare":0.335,"medianRoadDistance":0.35,"bandByEndpointKind":{"dual":{"shared":63,"band":25,"share":0.3968253968253968},"fully-subterranean":{"shared":126,"band":38,"share":0.30158730158730157},"junction":{"shared":170,"band":71,"share":0.4176470588235294}},"histogram":[322,106,19,4],"burgsServed":58}
stdout | src/generators/underground-measure.dom.test.ts:516:1 > measures underground alignment variants
ROW {"seed":"measure-f","variant":"no-burg-attraction","ms":12,"routes":55,"cells":556,"length":5082,"overlap":0.597,"overlapLand":0.572,"parallel":0.878,"exactEdge":0.189,"alongEdge":0.443,"bandShare":0.377,"medianRoadDistance":0.49,"bandByEndpointKind":{"dual":{"shared":102,"band":31,"share":0.30392156862745096},"fully-subterranean":{"shared":112,"band":35,"share":0.3125},"junction":{"shared":174,"band":89,"share":0.5114942528735632}},"histogram":[332,185,30,9],"burgsServed":64}
stdout | src/generators/underground-measure.dom.test.ts:516:1 > measures underground alignment variants
ROW {"seed":"measure-f","variant":"combo-divergence","ms":14,"routes":78,"cells":629,"length":6041,"overlap":0.431,"overlapLand":0.42,"parallel":0.786,"exactEdge":0.073,"alongEdge":0.337,"bandShare":0.41,"medianRoadDistance":0.71,"bandByEndpointKind":{"dual":{"shared":26,"band":16,"share":0.6153846153846154},"fully-subterranean":{"shared":58,"band":24,"share":0.41379310344827586},"junction":{"shared":231,"band":102,"share":0.44155844155844154}},"histogram":[271,282,63,13],"burgsServed":73}
stdout | src/generators/underground-measure.dom.test.ts:516:1 > measures underground alignment variants
ROW {"seed":"measure-f","variant":"control-point","ms":5,"routes":52,"cells":599,"length":5462,"overlap":0.599,"overlapLand":0.578,"parallel":0.887,"exactEdge":0.183,"alongEdge":0.469,"bandShare":0.298,"medianRoadDistance":0.46,"bandByEndpointKind":{"dual":{"shared":106,"band":31,"share":0.29245283018867924},"fully-subterranean":{"shared":149,"band":39,"share":0.26174496644295303},"junction":{"shared":156,"band":69,"share":0.4423076923076923}},"histogram":[359,206,31,3],"burgsServed":63}
stdout | src/generators/underground-measure.dom.test.ts:516:1 > measures underground alignment variants
ROW {"seed":"measure-f","variant":"control-point-discount","ms":11,"routes":54,"cells":541,"length":4926,"overlap":0.603,"overlapLand":0.579,"parallel":0.874,"exactEdge":0.19,"alongEdge":0.451,"bandShare":0.371,"medianRoadDistance":0.49,"bandByEndpointKind":{"dual":{"shared":100,"band":28,"share":0.28},"fully-subterranean":{"shared":110,"band":35,"share":0.3181818181818182},"junction":{"shared":168,"band":86,"share":0.5119047619047619}},"histogram":[326,175,31,9],"burgsServed":62}
stdout | src/generators/underground-measure.dom.test.ts:516:1 > measures underground alignment variants
ROW {"seed":"measure-f","variant":"control-point-burg","ms":5,"routes":42,"cells":452,"length":4228,"overlap":0.715,"overlapLand":0.701,"parallel":0.896,"exactEdge":0.347,"alongEdge":0.511,"bandShare":0.325,"medianRoadDistance":0.34,"bandByEndpointKind":{"dual":{"shared":119,"band":37,"share":0.31092436974789917},"fully-subterranean":{"shared":96,"band":33,"share":0.34375},"junction":{"shared":146,"band":61,"share":0.4178082191780822}},"histogram":[323,108,18,3],"burgsServed":55}
stdout | src/generators/underground-measure.dom.test.ts:516:1 > measures underground alignment variants
ROW {"seed":"measure-f","variant":"control-point-discount-burg","ms":11,"routes":45,"cells":467,"length":4313,"overlap":0.734,"overlapLand":0.717,"parallel":0.898,"exactEdge":0.349,"alongEdge":0.508,"bandShare":0.321,"medianRoadDistance":0.31,"bandByEndpointKind":{"dual":{"shared":69,"band":29,"share":0.42028985507246375},"fully-subterranean":{"shared":149,"band":42,"share":0.28187919463087246},"junction":{"shared":161,"band":65,"share":0.40372670807453415}},"histogram":[343,104,17,3],"burgsServed":57}
stdout | src/generators/underground-measure.dom.test.ts:516:1 > measures underground alignment variants
ROW {"seed":"measure-f","variant":"gate-divergence","ms":12,"routes":47,"cells":429,"length":3887,"overlap":0.639,"overlapLand":0.632,"parallel":0.851,"exactEdge":0.227,"alongEdge":0.432,"bandShare":0.318,"medianRoadDistance":0.46,"bandByEndpointKind":{"dual":{"shared":45,"band":21,"share":0.4666666666666667},"fully-subterranean":{"shared":49,"band":21,"share":0.42857142857142855},"junction":{"shared":210,"band":66,"share":0.3142857142857143}},"histogram":[274,120,26,9],"burgsServed":59}
stdout | src/generators/underground-measure.dom.test.ts:516:1 > measures underground alignment variants
ROW {"seed":"measure-f","variant":"smoothed-depth","ms":13,"routes":46,"cells":500,"length":4549,"overlap":0.712,"overlapLand":0.696,"parallel":0.898,"exactEdge":0.322,"alongEdge":0.498,"bandShare":0.317,"medianRoadDistance":0.34,"bandByEndpointKind":{"dual":{"shared":62,"band":25,"share":0.4032258064516129},"fully-subterranean":{"shared":140,"band":43,"share":0.30714285714285716},"junction":{"shared":189,"band":68,"share":0.35978835978835977}},"histogram":[356,121,19,4],"burgsServed":60}
stdout | src/generators/underground-measure.dom.test.ts:516:1 > measures underground alignment variants
ROW {"seed":"measure-f","variant":"road-repulsion","ms":13,"routes":46,"cells":486,"length":4541,"overlap":0.558,"overlapLand":0.543,"parallel":0.83,"exactEdge":0.206,"alongEdge":0.437,"bandShare":0.354,"medianRoadDistance":0.58,"bandByEndpointKind":{"dual":{"shared":72,"band":23,"share":0.3194444444444444},"fully-subterranean":{"shared":122,"band":36,"share":0.29508196721311475},"junction":{"shared":112,"band":60,"share":0.5357142857142857}},"histogram":[271,160,45,10],"burgsServed":58}
stdout | src/generators/underground-measure.dom.test.ts:516:1 > measures underground alignment variants
ROW {"seed":"measure-f","variant":"road-repulsion-strong","ms":13,"routes":46,"cells":498,"length":4661,"overlap":0.516,"overlapLand":0.5,"parallel":0.792,"exactEdge":0.177,"alongEdge":0.417,"bandShare":0.362,"medianRoadDistance":0.63,"bandByEndpointKind":{"dual":{"shared":64,"band":19,"share":0.296875},"fully-subterranean":{"shared":119,"band":39,"share":0.3277310924369748},"junction":{"shared":110,"band":58,"share":0.5272727272727272}},"histogram":[257,178,53,10],"burgsServed":59}
stdout | src/generators/underground-measure.dom.test.ts:516:1 > measures underground alignment variants
ROW {"seed":"measure-f","variant":"longhaul-mst","ms":14,"routes":59,"cells":472,"length":4379,"overlap":0.71,"overlapLand":0.699,"parallel":0.888,"exactEdge":0.315,"alongEdge":0.496,"bandShare":0.391,"medianRoadDistance":0.35,"bandByEndpointKind":{"dual":{"shared":50,"band":28,"share":0.56},"fully-subterranean":{"shared":96,"band":42,"share":0.4375},"junction":{"shared":237,"band":97,"share":0.4092827004219409}},"histogram":[335,113,20,4],"burgsServed":70}
stdout | src/generators/underground-measure.dom.test.ts:516:1 > measures underground alignment variants
ROW {"seed":"measure-f","variant":"trunk-spurs-25","ms":12,"routes":47,"cells":402,"length":3652,"overlap":0.751,"overlapLand":0.736,"parallel":0.889,"exactEdge":0.291,"alongEdge":0.47,"bandShare":0.358,"medianRoadDistance":0.3,"bandByEndpointKind":{"dual":{"shared":77,"band":33,"share":0.42857142857142855},"fully-subterranean":{"shared":52,"band":19,"share":0.36538461538461536},"junction":{"shared":211,"band":90,"share":0.4265402843601896}},"histogram":[302,78,22,0],"burgsServed":52}
stdout | src/generators/underground-measure.dom.test.ts:516:1 > measures underground alignment variants
ROW {"seed":"measure-f","variant":"trunk-spurs-10","ms":23,"routes":37,"cells":343,"length":3064,"overlap":0.723,"overlapLand":0.711,"parallel":0.857,"exactEdge":0.181,"alongEdge":0.391,"bandShare":0.375,"medianRoadDistance":0.4,"bandByEndpointKind":{"dual":{"shared":73,"band":29,"share":0.3972602739726027},"fully-subterranean":{"shared":70,"band":27,"share":0.38571428571428573},"junction":{"shared":130,"band":56,"share":0.4307692307692308}},"histogram":[248,63,21,11],"burgsServed":51}
stdout | src/generators/underground-measure.dom.test.ts:516:1 > measures underground alignment variants
SEED measure-g cells=5581 land=4091 burgs=811 subterranean=82 surfaceRoutes=644 {"roads":15,"trails":497,"searoutes":132} surfaceCells=2501 landRouteCells=1735 productionRoutes=40 longest=40
stdout | src/generators/underground-measure.dom.test.ts:516:1 > measures underground alignment variants
ROW {"seed":"measure-g","variant":"baseline-production","ms":0,"routes":40,"cells":472,"length":4299,"overlap":0.722,"overlapLand":0.71,"parallel":0.893,"exactEdge":0.344,"alongEdge":0.501,"bandShare":0.276,"medianRoadDistance":0.38,"bandByEndpointKind":{"dual":{"shared":98,"band":39,"share":0.3979591836734694},"fully-subterranean":{"shared":54,"band":19,"share":0.35185185185185186},"junction":{"shared":217,"band":58,"share":0.2672811059907834}},"histogram":[341,97,20,14],"burgsServed":53}
stdout | src/generators/underground-measure.dom.test.ts:516:1 > measures underground alignment variants
ROW {"seed":"measure-g","variant":"debug-real-noprune","ms":13,"routes":58,"cells":609,"length":5642,"overlap":0.749,"overlapLand":0.739,"parallel":0.909,"exactEdge":0.361,"alongEdge":0.534,"bandShare":0.305,"medianRoadDistance":0.33,"bandByEndpointKind":{"dual":{"shared":150,"band":66,"share":0.44},"fully-subterranean":{"shared":54,"band":19,"share":0.35185185185185186},"junction":{"shared":309,"band":90,"share":0.2912621359223301}},"histogram":[456,119,20,14],"burgsServed":60}
stdout | src/generators/underground-measure.dom.test.ts:516:1 > measures underground alignment variants
ROW {"seed":"measure-g","variant":"debug-real-pruned","ms":12,"routes":40,"cells":472,"length":4299,"overlap":0.722,"overlapLand":0.71,"parallel":0.893,"exactEdge":0.344,"alongEdge":0.501,"bandShare":0.276,"medianRoadDistance":0.38,"bandByEndpointKind":{"dual":{"shared":98,"band":39,"share":0.3979591836734694},"fully-subterranean":{"shared":54,"band":19,"share":0.35185185185185186},"junction":{"shared":217,"band":58,"share":0.2672811059907834}},"histogram":[341,97,20,14],"burgsServed":53}
stdout | src/generators/underground-measure.dom.test.ts:516:1 > measures underground alignment variants
DEBUG replica stages: raw 91 routes/609 cells -> merged 58 routes -> pruned 40 routes/472 cells
stdout | src/generators/underground-measure.dom.test.ts:516:1 > measures underground alignment variants
ROW {"seed":"measure-g","variant":"replica-production","ms":12,"routes":40,"cells":472,"length":4299,"overlap":0.722,"overlapLand":0.71,"parallel":0.893,"exactEdge":0.344,"alongEdge":0.501,"bandShare":0.276,"medianRoadDistance":0.38,"bandByEndpointKind":{"dual":{"shared":98,"band":39,"share":0.3979591836734694},"fully-subterranean":{"shared":54,"band":19,"share":0.35185185185185186},"junction":{"shared":217,"band":58,"share":0.2672811059907834}},"histogram":[341,97,20,14],"burgsServed":53}
stdout | src/generators/underground-measure.dom.test.ts:516:1 > measures underground alignment variants
ROW {"seed":"measure-g","variant":"no-burg-attraction","ms":12,"routes":51,"cells":545,"length":4825,"overlap":0.574,"overlapLand":0.563,"parallel":0.843,"exactEdge":0.237,"alongEdge":0.491,"bandShare":0.297,"medianRoadDistance":0.58,"bandByEndpointKind":{"dual":{"shared":104,"band":34,"share":0.3269230769230769},"fully-subterranean":{"shared":60,"band":25,"share":0.4166666666666667},"junction":{"shared":191,"band":64,"share":0.33507853403141363}},"histogram":[313,169,42,21],"burgsServed":62}
stdout | src/generators/underground-measure.dom.test.ts:516:1 > measures underground alignment variants
ROW {"seed":"measure-g","variant":"combo-divergence","ms":14,"routes":62,"cells":645,"length":5979,"overlap":0.425,"overlapLand":0.411,"parallel":0.742,"exactEdge":0.105,"alongEdge":0.369,"bandShare":0.292,"medianRoadDistance":0.76,"bandByEndpointKind":{"dual":{"shared":37,"band":16,"share":0.43243243243243246},"fully-subterranean":{"shared":32,"band":13,"share":0.40625},"junction":{"shared":239,"band":77,"share":0.32217573221757323}},"histogram":[274,276,74,21],"burgsServed":62}
stdout | src/generators/underground-measure.dom.test.ts:516:1 > measures underground alignment variants
ROW {"seed":"measure-g","variant":"control-point","ms":4,"routes":49,"cells":581,"length":5091,"overlap":0.592,"overlapLand":0.578,"parallel":0.853,"exactEdge":0.242,"alongEdge":0.499,"bandShare":0.273,"medianRoadDistance":0.53,"bandByEndpointKind":{"dual":{"shared":96,"band":34,"share":0.3541666666666667},"fully-subterranean":{"shared":53,"band":24,"share":0.4528301886792453},"junction":{"shared":238,"band":67,"share":0.2815126050420168}},"histogram":[344,182,38,17],"burgsServed":59}
stdout | src/generators/underground-measure.dom.test.ts:516:1 > measures underground alignment variants
ROW {"seed":"measure-g","variant":"control-point-discount","ms":11,"routes":50,"cells":560,"length":4890,"overlap":0.589,"overlapLand":0.575,"parallel":0.853,"exactEdge":0.245,"alongEdge":0.504,"bandShare":0.285,"medianRoadDistance":0.54,"bandByEndpointKind":{"dual":{"shared":93,"band":31,"share":0.3333333333333333},"fully-subterranean":{"shared":53,"band":24,"share":0.4528301886792453},"junction":{"shared":226,"band":69,"share":0.3053097345132743}},"histogram":[330,175,38,17],"burgsServed":61}
stdout | src/generators/underground-measure.dom.test.ts:516:1 > measures underground alignment variants
ROW {"seed":"measure-g","variant":"control-point-burg","ms":5,"routes":47,"cells":567,"length":5248,"overlap":0.73,"overlapLand":0.718,"parallel":0.898,"exactEdge":0.34,"alongEdge":0.516,"bandShare":0.268,"medianRoadDistance":0.35,"bandByEndpointKind":{"dual":{"shared":131,"band":42,"share":0.32061068702290074},"fully-subterranean":{"shared":56,"band":27,"share":0.48214285714285715},"junction":{"shared":270,"band":70,"share":0.25925925925925924}},"histogram":[414,123,16,14],"burgsServed":59}
stdout | src/generators/underground-measure.dom.test.ts:516:1 > measures underground alignment variants
ROW {"seed":"measure-g","variant":"control-point-discount-burg","ms":11,"routes":44,"cells":502,"length":4576,"overlap":0.719,"overlapLand":0.707,"parallel":0.893,"exactEdge":0.323,"alongEdge":0.5,"bandShare":0.288,"medianRoadDistance":0.37,"bandByEndpointKind":{"dual":{"shared":121,"band":43,"share":0.35537190082644626},"fully-subterranean":{"shared":75,"band":27,"share":0.36},"junction":{"shared":198,"band":58,"share":0.29292929292929293}},"histogram":[361,112,15,14],"burgsServed":58}
stdout | src/generators/underground-measure.dom.test.ts:516:1 > measures underground alignment variants
ROW {"seed":"measure-g","variant":"gate-divergence","ms":12,"routes":55,"cells":555,"length":5238,"overlap":0.607,"overlapLand":0.595,"parallel":0.798,"exactEdge":0.238,"alongEdge":0.443,"bandShare":0.261,"medianRoadDistance":0.53,"bandByEndpointKind":{"dual":{"shared":45,"band":19,"share":0.4222222222222222},"fully-subterranean":{"shared":29,"band":13,"share":0.4482758620689655},"junction":{"shared":296,"band":81,"share":0.27364864864864863}},"histogram":[337,161,40,17],"burgsServed":55}
stdout | src/generators/underground-measure.dom.test.ts:516:1 > measures underground alignment variants
ROW {"seed":"measure-g","variant":"smoothed-depth","ms":12,"routes":42,"cells":471,"length":4308,"overlap":0.711,"overlapLand":0.699,"parallel":0.887,"exactEdge":0.352,"alongEdge":0.505,"bandShare":0.29,"medianRoadDistance":0.4,"bandByEndpointKind":{"dual":{"shared":123,"band":43,"share":0.34959349593495936},"fully-subterranean":{"shared":41,"band":20,"share":0.4878048780487805},"junction":{"shared":202,"band":58,"share":0.2871287128712871}},"histogram":[335,100,20,16],"burgsServed":55}
stdout | src/generators/underground-measure.dom.test.ts:516:1 > measures underground alignment variants
ROW {"seed":"measure-g","variant":"road-repulsion","ms":13,"routes":48,"cells":520,"length":4728,"overlap":0.569,"overlapLand":0.56,"parallel":0.823,"exactEdge":0.223,"alongEdge":0.456,"bandShare":0.311,"medianRoadDistance":0.6,"bandByEndpointKind":{"dual":{"shared":92,"band":32,"share":0.34782608695652173},"fully-subterranean":{"shared":52,"band":23,"share":0.4423076923076923},"junction":{"shared":186,"band":64,"share":0.34408602150537637}},"histogram":[296,158,45,21],"burgsServed":58}
stdout | src/generators/underground-measure.dom.test.ts:516:1 > measures underground alignment variants
ROW {"seed":"measure-g","variant":"road-repulsion-strong","ms":13,"routes":52,"cells":552,"length":5108,"overlap":0.493,"overlapLand":0.484,"parallel":0.779,"exactEdge":0.179,"alongEdge":0.415,"bandShare":0.342,"medianRoadDistance":0.72,"bandByEndpointKind":{"dual":{"shared":84,"band":34,"share":0.40476190476190477},"fully-subterranean":{"shared":63,"band":31,"share":0.49206349206349204},"junction":{"shared":165,"band":60,"share":0.36363636363636365}},"histogram":[272,187,66,27],"burgsServed":58}
stdout | src/generators/underground-measure.dom.test.ts:516:1 > measures underground alignment variants
ROW {"seed":"measure-g","variant":"longhaul-mst","ms":14,"routes":52,"cells":465,"length":4210,"overlap":0.727,"overlapLand":0.716,"parallel":0.882,"exactEdge":0.337,"alongEdge":0.504,"bandShare":0.32,"medianRoadDistance":0.37,"bandByEndpointKind":{"dual":{"shared":87,"band":39,"share":0.4482758620689655},"fully-subterranean":{"shared":61,"band":22,"share":0.36065573770491804},"junction":{"shared":226,"band":78,"share":0.34513274336283184}},"histogram":[338,94,19,14],"burgsServed":63}
stdout | src/generators/underground-measure.dom.test.ts:516:1 > measures underground alignment variants
ROW {"seed":"measure-g","variant":"trunk-spurs-25","ms":18,"routes":38,"cells":417,"length":3734,"overlap":0.676,"overlapLand":0.671,"parallel":0.841,"exactEdge":0.325,"alongEdge":0.495,"bandShare":0.319,"medianRoadDistance":0.45,"bandByEndpointKind":{"dual":{"shared":78,"band":30,"share":0.38461538461538464},"fully-subterranean":{"shared":73,"band":19,"share":0.2602739726027397},"junction":{"shared":150,"band":57,"share":0.38}},"histogram":[282,97,23,15],"burgsServed":52}
stdout | src/generators/underground-measure.dom.test.ts:516:1 > measures underground alignment variants
ROW {"seed":"measure-g","variant":"trunk-spurs-10","ms":29,"routes":42,"cells":488,"length":4390,"overlap":0.674,"overlapLand":0.67,"parallel":0.829,"exactEdge":0.265,"alongEdge":0.428,"bandShare":0.28,"medianRoadDistance":0.44,"bandByEndpointKind":{"dual":{"shared":97,"band":40,"share":0.41237113402061853},"fully-subterranean":{"shared":48,"band":15,"share":0.3125},"junction":{"shared":219,"band":63,"share":0.2876712328767123}},"histogram":[329,115,30,14],"burgsServed":49}
stdout | src/generators/underground-measure.dom.test.ts:516:1 > measures underground alignment variants
SEED measure-h cells=5468 land=4119 burgs=835 subterranean=84 surfaceRoutes=618 {"roads":16,"trails":475,"searoutes":127} surfaceCells=2696 landRouteCells=1857 productionRoutes=45 longest=62
stdout | src/generators/underground-measure.dom.test.ts:516:1 > measures underground alignment variants
ROW {"seed":"measure-h","variant":"baseline-production","ms":0,"routes":45,"cells":424,"length":3932,"overlap":0.703,"overlapLand":0.698,"parallel":0.853,"exactEdge":0.339,"alongEdge":0.506,"bandShare":0.292,"medianRoadDistance":0.39,"bandByEndpointKind":{"dual":{"shared":42,"band":23,"share":0.5476190476190477},"fully-subterranean":{"shared":138,"band":34,"share":0.2463768115942029},"junction":{"shared":154,"band":58,"share":0.37662337662337664}},"histogram":[298,95,23,8],"burgsServed":59}
stdout | src/generators/underground-measure.dom.test.ts:516:1 > measures underground alignment variants
ROW {"seed":"measure-h","variant":"debug-real-noprune","ms":11,"routes":55,"cells":494,"length":4694,"overlap":0.68,"overlapLand":0.672,"parallel":0.837,"exactEdge":0.345,"alongEdge":0.522,"bandShare":0.31,"medianRoadDistance":0.44,"bandByEndpointKind":{"dual":{"shared":61,"band":36,"share":0.5901639344262295},"fully-subterranean":{"shared":138,"band":34,"share":0.2463768115942029},"junction":{"shared":190,"band":71,"share":0.3736842105263158}},"histogram":[336,113,33,12],"burgsServed":60}
stdout | src/generators/underground-measure.dom.test.ts:516:1 > measures underground alignment variants
ROW {"seed":"measure-h","variant":"debug-real-pruned","ms":10,"routes":45,"cells":424,"length":3932,"overlap":0.703,"overlapLand":0.698,"parallel":0.853,"exactEdge":0.339,"alongEdge":0.506,"bandShare":0.292,"medianRoadDistance":0.39,"bandByEndpointKind":{"dual":{"shared":42,"band":23,"share":0.5476190476190477},"fully-subterranean":{"shared":138,"band":34,"share":0.2463768115942029},"junction":{"shared":154,"band":58,"share":0.37662337662337664}},"histogram":[298,95,23,8],"burgsServed":59}
stdout | src/generators/underground-measure.dom.test.ts:516:1 > measures underground alignment variants
DEBUG replica stages: raw 91 routes/494 cells -> merged 55 routes -> pruned 45 routes/424 cells
stdout | src/generators/underground-measure.dom.test.ts:516:1 > measures underground alignment variants
ROW {"seed":"measure-h","variant":"replica-production","ms":9,"routes":45,"cells":424,"length":3932,"overlap":0.703,"overlapLand":0.698,"parallel":0.853,"exactEdge":0.339,"alongEdge":0.506,"bandShare":0.292,"medianRoadDistance":0.39,"bandByEndpointKind":{"dual":{"shared":42,"band":23,"share":0.5476190476190477},"fully-subterranean":{"shared":138,"band":34,"share":0.2463768115942029},"junction":{"shared":154,"band":58,"share":0.37662337662337664}},"histogram":[298,95,23,8],"burgsServed":59}
stdout | src/generators/underground-measure.dom.test.ts:516:1 > measures underground alignment variants
ROW {"seed":"measure-h","variant":"no-burg-attraction","ms":9,"routes":52,"cells":486,"length":4462,"overlap":0.547,"overlapLand":0.531,"parallel":0.82,"exactEdge":0.197,"alongEdge":0.452,"bandShare":0.327,"medianRoadDistance":0.57,"bandByEndpointKind":{"dual":{"shared":34,"band":24,"share":0.7058823529411765},"fully-subterranean":{"shared":121,"band":34,"share":0.2809917355371901},"junction":{"shared":154,"band":61,"share":0.3961038961038961}},"histogram":[266,172,39,9],"burgsServed":57}
stdout | src/generators/underground-measure.dom.test.ts:516:1 > measures underground alignment variants
ROW {"seed":"measure-h","variant":"combo-divergence","ms":10,"routes":65,"cells":518,"length":5033,"overlap":0.405,"overlapLand":0.392,"parallel":0.718,"exactEdge":0.079,"alongEdge":0.345,"bandShare":0.443,"medianRoadDistance":0.79,"bandByEndpointKind":{"dual":{"shared":21,"band":17,"share":0.8095238095238095},"fully-subterranean":{"shared":69,"band":23,"share":0.3333333333333333},"junction":{"shared":158,"band":79,"share":0.5}},"histogram":[210,226,62,20],"burgsServed":68}
stdout | src/generators/underground-measure.dom.test.ts:516:1 > measures underground alignment variants
ROW {"seed":"measure-h","variant":"control-point","ms":4,"routes":50,"cells":504,"length":4594,"overlap":0.565,"overlapLand":0.552,"parallel":0.807,"exactEdge":0.201,"alongEdge":0.465,"bandShare":0.309,"medianRoadDistance":0.56,"bandByEndpointKind":{"dual":{"shared":33,"band":24,"share":0.7272727272727273},"fully-subterranean":{"shared":78,"band":32,"share":0.41025641025641024},"junction":{"shared":220,"band":65,"share":0.29545454545454547}},"histogram":[285,168,41,10],"burgsServed":58}
stdout | src/generators/underground-measure.dom.test.ts:516:1 > measures underground alignment variants
ROW {"seed":"measure-h","variant":"control-point-discount","ms":9,"routes":52,"cells":469,"length":4263,"overlap":0.576,"overlapLand":0.561,"parallel":0.823,"exactEdge":0.205,"alongEdge":0.467,"bandShare":0.33,"medianRoadDistance":0.53,"bandByEndpointKind":{"dual":{"shared":34,"band":24,"share":0.7058823529411765},"fully-subterranean":{"shared":134,"band":36,"share":0.26865671641791045},"junction":{"shared":146,"band":62,"share":0.4246575342465753}},"histogram":[270,158,32,9],"burgsServed":58}
stdout | src/generators/underground-measure.dom.test.ts:516:1 > measures underground alignment variants
ROW {"seed":"measure-h","variant":"control-point-burg","ms":4,"routes":48,"cells":474,"length":4421,"overlap":0.698,"overlapLand":0.694,"parallel":0.835,"exactEdge":0.337,"alongEdge":0.513,"bandShare":0.275,"medianRoadDistance":0.42,"bandByEndpointKind":{"dual":{"shared":42,"band":23,"share":0.5476190476190477},"fully-subterranean":{"shared":142,"band":31,"share":0.21830985915492956},"junction":{"shared":188,"band":67,"share":0.35638297872340424}},"histogram":[331,100,31,12],"burgsServed":58}
stdout | src/generators/underground-measure.dom.test.ts:516:1 > measures underground alignment variants
ROW {"seed":"measure-h","variant":"control-point-discount-burg","ms":10,"routes":45,"cells":423,"length":3907,"overlap":0.719,"overlapLand":0.714,"parallel":0.851,"exactEdge":0.333,"alongEdge":0.503,"bandShare":0.286,"medianRoadDistance":0.38,"bandByEndpointKind":{"dual":{"shared":42,"band":23,"share":0.5476190476190477},"fully-subterranean":{"shared":142,"band":31,"share":0.21830985915492956},"junction":{"shared":157,"band":62,"share":0.39490445859872614}},"histogram":[304,86,24,9],"burgsServed":57}
stdout | src/generators/underground-measure.dom.test.ts:516:1 > measures underground alignment variants
ROW {"seed":"measure-h","variant":"gate-divergence","ms":9,"routes":46,"cells":473,"length":4545,"overlap":0.641,"overlapLand":0.634,"parallel":0.837,"exactEdge":0.246,"alongEdge":0.495,"bandShare":0.287,"medianRoadDistance":0.47,"bandByEndpointKind":{"dual":{"shared":36,"band":18,"share":0.5},"fully-subterranean":{"shared":113,"band":23,"share":0.20353982300884957},"junction":{"shared":183,"band":64,"share":0.34972677595628415}},"histogram":[303,131,28,11],"burgsServed":58}
stdout | src/generators/underground-measure.dom.test.ts:516:1 > measures underground alignment variants
ROW {"seed":"measure-h","variant":"smoothed-depth","ms":10,"routes":46,"cells":420,"length":3910,"overlap":0.693,"overlapLand":0.688,"parallel":0.848,"exactEdge":0.316,"alongEdge":0.493,"bandShare":0.302,"medianRoadDistance":0.41,"bandByEndpointKind":{"dual":{"shared":48,"band":25,"share":0.5208333333333334},"fully-subterranean":{"shared":145,"band":36,"share":0.2482758620689655},"junction":{"shared":134,"band":56,"share":0.417910447761194}},"histogram":[291,95,26,8],"burgsServed":60}
stdout | src/generators/underground-measure.dom.test.ts:516:1 > measures underground alignment variants
ROW {"seed":"measure-h","variant":"road-repulsion","ms":10,"routes":51,"cells":469,"length":4443,"overlap":0.539,"overlapLand":0.535,"parallel":0.759,"exactEdge":0.196,"alongEdge":0.422,"bandShare":0.348,"medianRoadDistance":0.61,"bandByEndpointKind":{"dual":{"shared":45,"band":24,"share":0.5333333333333333},"fully-subterranean":{"shared":118,"band":38,"share":0.3220338983050847},"junction":{"shared":130,"band":58,"share":0.4461538461538462}},"histogram":[253,154,52,10],"burgsServed":63}
stdout | src/generators/underground-measure.dom.test.ts:516:1 > measures underground alignment variants
ROW {"seed":"measure-h","variant":"road-repulsion-strong","ms":9,"routes":54,"cells":468,"length":4468,"overlap":0.502,"overlapLand":0.5,"parallel":0.742,"exactEdge":0.166,"alongEdge":0.428,"bandShare":0.374,"medianRoadDistance":0.66,"bandByEndpointKind":{"dual":{"shared":45,"band":28,"share":0.6222222222222222},"fully-subterranean":{"shared":114,"band":38,"share":0.3333333333333333},"junction":{"shared":118,"band":56,"share":0.4745762711864407}},"histogram":[235,167,54,12],"burgsServed":66}
stdout | src/generators/underground-measure.dom.test.ts:516:1 > measures underground alignment variants
ROW {"seed":"measure-h","variant":"longhaul-mst","ms":13,"routes":60,"cells":437,"length":4090,"overlap":0.689,"overlapLand":0.682,"parallel":0.857,"exactEdge":0.319,"alongEdge":0.488,"bandShare":0.379,"medianRoadDistance":0.41,"bandByEndpointKind":{"dual":{"shared":97,"band":38,"share":0.3917525773195876},"fully-subterranean":{"shared":116,"band":39,"share":0.33620689655172414},"junction":{"shared":138,"band":78,"share":0.5652173913043478}},"histogram":[301,100,27,9],"burgsServed":71}
stdout | src/generators/underground-measure.dom.test.ts:516:1 > measures underground alignment variants
ROW {"seed":"measure-h","variant":"trunk-spurs-25","ms":39,"routes":44,"cells":342,"length":3203,"overlap":0.64,"overlapLand":0.64,"parallel":0.819,"exactEdge":0.306,"alongEdge":0.496,"bandShare":0.402,"medianRoadDistance":0.47,"bandByEndpointKind":{"dual":{"shared":59,"band":38,"share":0.6440677966101694},"fully-subterranean":{"shared":37,"band":19,"share":0.5135135135135135},"junction":{"shared":150,"band":54,"share":0.36}},"histogram":[219,89,30,4],"burgsServed":55}
stdout | src/generators/underground-measure.dom.test.ts:516:1 > measures underground alignment variants
ROW {"seed":"measure-h","variant":"trunk-spurs-10","ms":61,"routes":42,"cells":381,"length":3483,"overlap":0.64,"overlapLand":0.64,"parallel":0.844,"exactEdge":0.209,"alongEdge":0.391,"bandShare":0.377,"medianRoadDistance":0.48,"bandByEndpointKind":{"dual":{"shared":60,"band":43,"share":0.7166666666666667},"fully-subterranean":{"shared":36,"band":14,"share":0.3888888888888889},"junction":{"shared":174,"band":56,"share":0.3218390804597701}},"histogram":[244,101,28,8],"burgsServed":52}
stdout | src/generators/underground-measure.dom.test.ts:516:1 > measures underground alignment variants
AGG {"variant":"baseline-production","seeds":8,"overlap":0.708,"overlapLand":0.702,"parallel":0.874,"exactEdge":0.326,"alongEdge":0.523,"ms":0,"burgsServed":0.665,"bandByEndpointKind":{"dual":{"shared":640,"band":247,"share":0.386},"fully-subterranean":{"shared":721,"band":207,"share":0.287},"junction":{"shared":1508,"band":536,"share":0.355}},"lengthOverlap":0.828,"bandShare":0.302,"medianRoadDistance":0.37,"cells":461,"routes":45,"length":4256,"lengthRatio":1,"dOverlap":0,"dParallel":0,"worstOverlapDelta":0,"bestOverlapDelta":0}
stdout | src/generators/underground-measure.dom.test.ts:516:1 > measures underground alignment variants
AGG {"variant":"debug-real-noprune","seeds":8,"overlap":0.72,"overlapLand":0.712,"parallel":0.883,"exactEdge":0.34,"alongEdge":0.54,"ms":12,"burgsServed":0.721,"bandByEndpointKind":{"dual":{"shared":1074,"band":419,"share":0.39},"fully-subterranean":{"shared":721,"band":207,"share":0.287},"junction":{"shared":1990,"band":695,"share":0.349}},"lengthOverlap":0.84,"bandShare":0.309,"medianRoadDistance":0.35,"cells":580,"routes":58,"length":5447,"lengthRatio":1.292,"dOverlap":0.012,"dParallel":0.009,"worstOverlapDelta":0.041,"bestOverlapDelta":-0.023}
stdout | src/generators/underground-measure.dom.test.ts:516:1 > measures underground alignment variants
AGG {"variant":"debug-real-pruned","seeds":8,"overlap":0.708,"overlapLand":0.702,"parallel":0.874,"exactEdge":0.326,"alongEdge":0.523,"ms":12,"burgsServed":0.665,"bandByEndpointKind":{"dual":{"shared":640,"band":247,"share":0.386},"fully-subterranean":{"shared":721,"band":207,"share":0.287},"junction":{"shared":1508,"band":536,"share":0.355}},"lengthOverlap":0.828,"bandShare":0.302,"medianRoadDistance":0.37,"cells":461,"routes":45,"length":4256,"lengthRatio":1,"dOverlap":0,"dParallel":0,"worstOverlapDelta":0,"bestOverlapDelta":0}
stdout | src/generators/underground-measure.dom.test.ts:516:1 > measures underground alignment variants
AGG {"variant":"replica-production","seeds":8,"overlap":0.708,"overlapLand":0.702,"parallel":0.874,"exactEdge":0.326,"alongEdge":0.523,"ms":11,"burgsServed":0.665,"bandByEndpointKind":{"dual":{"shared":640,"band":247,"share":0.386},"fully-subterranean":{"shared":721,"band":207,"share":0.287},"junction":{"shared":1508,"band":536,"share":0.355}},"lengthOverlap":0.828,"bandShare":0.302,"medianRoadDistance":0.37,"cells":461,"routes":45,"length":4256,"lengthRatio":1,"dOverlap":0,"dParallel":0,"worstOverlapDelta":0,"bestOverlapDelta":0}
stdout | src/generators/underground-measure.dom.test.ts:516:1 > measures underground alignment variants
AGG {"variant":"no-burg-attraction","seeds":8,"overlap":0.577,"overlapLand":0.564,"parallel":0.831,"exactEdge":0.201,"alongEdge":0.456,"ms":11,"burgsServed":0.714,"bandByEndpointKind":{"dual":{"shared":653,"band":254,"share":0.389},"fully-subterranean":{"shared":571,"band":195,"share":0.342},"junction":{"shared":1714,"band":599,"share":0.349}},"lengthOverlap":0.732,"bandShare":0.312,"medianRoadDistance":0.53,"cells":559,"routes":53,"length":5052,"lengthRatio":1.193,"dOverlap":-0.131,"dParallel":-0.043,"worstOverlapDelta":0,"bestOverlapDelta":-0.156}
stdout | src/generators/underground-measure.dom.test.ts:516:1 > measures underground alignment variants
AGG {"variant":"combo-divergence","seeds":8,"overlap":0.405,"overlapLand":0.395,"parallel":0.74,"exactEdge":0.075,"alongEdge":0.36,"ms":13,"burgsServed":0.758,"bandByEndpointKind":{"dual":{"shared":273,"band":150,"share":0.549},"fully-subterranean":{"shared":349,"band":118,"share":0.338},"junction":{"shared":1639,"band":638,"share":0.389}},"lengthOverlap":0.582,"bandShare":0.353,"medianRoadDistance":0.76,"cells":611,"routes":67,"length":5825,"lengthRatio":1.381,"dOverlap":-0.303,"dParallel":-0.134,"worstOverlapDelta":0,"bestOverlapDelta":-0.327}
stdout | src/generators/underground-measure.dom.test.ts:516:1 > measures underground alignment variants
AGG {"variant":"control-point","seeds":8,"overlap":0.587,"overlapLand":0.575,"parallel":0.841,"exactEdge":0.203,"alongEdge":0.468,"ms":4,"burgsServed":0.709,"bandByEndpointKind":{"dual":{"shared":699,"band":264,"share":0.378},"fully-subterranean":{"shared":655,"band":200,"share":0.305},"junction":{"shared":1746,"band":555,"share":0.318}},"lengthOverlap":0.74,"bandShare":0.282,"medianRoadDistance":0.51,"cells":582,"routes":51,"length":5238,"lengthRatio":1.24,"dOverlap":-0.121,"dParallel":-0.033,"worstOverlapDelta":0,"bestOverlapDelta":-0.137}
stdout | src/generators/underground-measure.dom.test.ts:516:1 > measures underground alignment variants
AGG {"variant":"control-point-discount","seeds":8,"overlap":0.588,"overlapLand":0.575,"parallel":0.841,"exactEdge":0.206,"alongEdge":0.468,"ms":11,"burgsServed":0.708,"bandByEndpointKind":{"dual":{"shared":644,"band":240,"share":0.373},"fully-subterranean":{"shared":567,"band":191,"share":0.337},"junction":{"shared":1789,"band":604,"share":0.338}},"lengthOverlap":0.742,"bandShare":0.301,"medianRoadDistance":0.51,"cells":562,"routes":52,"length":5029,"lengthRatio":1.191,"dOverlap":-0.12,"dParallel":-0.033,"worstOverlapDelta":0,"bestOverlapDelta":-0.136}
stdout | src/generators/underground-measure.dom.test.ts:516:1 > measures underground alignment variants
AGG {"variant":"control-point-burg","seeds":8,"overlap":0.721,"overlapLand":0.714,"parallel":0.873,"exactEdge":0.339,"alongEdge":0.531,"ms":5,"burgsServed":0.678,"bandByEndpointKind":{"dual":{"shared":769,"band":271,"share":0.352},"fully-subterranean":{"shared":679,"band":208,"share":0.306},"junction":{"shared":1828,"band":563,"share":0.308}},"lengthOverlap":0.837,"bandShare":0.28,"medianRoadDistance":0.35,"cells":517,"routes":46,"length":4783,"lengthRatio":1.132,"dOverlap":0.013,"dParallel":-0.001,"worstOverlapDelta":0.051,"bestOverlapDelta":-0.005}
stdout | src/generators/underground-measure.dom.test.ts:516:1 > measures underground alignment variants
AGG {"variant":"control-point-discount-burg","seeds":8,"overlap":0.724,"overlapLand":0.717,"parallel":0.875,"exactEdge":0.341,"alongEdge":0.53,"ms":11,"burgsServed":0.678,"bandByEndpointKind":{"dual":{"shared":680,"band":256,"share":0.376},"fully-subterranean":{"shared":736,"band":219,"share":0.298},"junction":{"shared":1680,"band":554,"share":0.33}},"lengthOverlap":0.839,"bandShare":0.291,"medianRoadDistance":0.35,"cells":488,"routes":46,"length":4484,"lengthRatio":1.06,"dOverlap":0.016,"dParallel":0.001,"worstOverlapDelta":0.05,"bestOverlapDelta":-0.003}
stdout | src/generators/underground-measure.dom.test.ts:516:1 > measures underground alignment variants
AGG {"variant":"gate-divergence","seeds":8,"overlap":0.622,"overlapLand":0.615,"parallel":0.825,"exactEdge":0.219,"alongEdge":0.464,"ms":12,"burgsServed":0.65,"bandByEndpointKind":{"dual":{"shared":381,"band":158,"share":0.415},"fully-subterranean":{"shared":509,"band":117,"share":0.23},"junction":{"shared":1868,"band":559,"share":0.299}},"lengthOverlap":0.774,"bandShare":0.267,"medianRoadDistance":0.48,"cells":504,"routes":51,"length":4861,"lengthRatio":1.148,"dOverlap":-0.086,"dParallel":-0.05,"worstOverlapDelta":0,"bestOverlapDelta":-0.146}
stdout | src/generators/underground-measure.dom.test.ts:516:1 > measures underground alignment variants
AGG {"variant":"smoothed-depth","seeds":8,"overlap":0.704,"overlapLand":0.698,"parallel":0.869,"exactEdge":0.327,"alongEdge":0.521,"ms":12,"burgsServed":0.68,"bandByEndpointKind":{"dual":{"shared":646,"band":252,"share":0.39},"fully-subterranean":{"shared":693,"band":214,"share":0.309},"junction":{"shared":1607,"band":560,"share":0.348}},"lengthOverlap":0.825,"bandShare":0.306,"medianRoadDistance":0.38,"cells":474,"routes":46,"length":4383,"lengthRatio":1.034,"dOverlap":-0.004,"dParallel":-0.005,"worstOverlapDelta":0.031,"bestOverlapDelta":-0.021}
stdout | src/generators/underground-measure.dom.test.ts:516:1 > measures underground alignment variants
AGG {"variant":"road-repulsion","seeds":8,"overlap":0.56,"overlapLand":0.554,"parallel":0.81,"exactEdge":0.208,"alongEdge":0.458,"ms":12,"burgsServed":0.691,"bandByEndpointKind":{"dual":{"shared":567,"band":240,"share":0.423},"fully-subterranean":{"shared":608,"band":206,"share":0.339},"junction":{"shared":1310,"band":512,"share":0.391}},"lengthOverlap":0.718,"bandShare":0.335,"medianRoadDistance":0.57,"cells":493,"routes":50,"length":4601,"lengthRatio":1.084,"dOverlap":-0.148,"dParallel":-0.064,"worstOverlapDelta":0,"bestOverlapDelta":-0.163}
stdout | src/generators/underground-measure.dom.test.ts:516:1 > measures underground alignment variants
AGG {"variant":"road-repulsion-strong","seeds":8,"overlap":0.505,"overlapLand":0.498,"parallel":0.78,"exactEdge":0.17,"alongEdge":0.428,"ms":11,"burgsServed":0.697,"bandByEndpointKind":{"dual":{"shared":526,"band":245,"share":0.466},"fully-subterranean":{"shared":611,"band":218,"share":0.357},"junction":{"shared":1175,"band":479,"share":0.408}},"lengthOverlap":0.668,"bandShare":0.354,"medianRoadDistance":0.65,"cells":502,"routes":51,"length":4713,"lengthRatio":1.117,"dOverlap":-0.203,"dParallel":-0.094,"worstOverlapDelta":0,"bestOverlapDelta":-0.23}
stdout | src/generators/underground-measure.dom.test.ts:516:1 > measures underground alignment variants
AGG {"variant":"longhaul-mst","seeds":8,"overlap":0.715,"overlapLand":0.709,"parallel":0.878,"exactEdge":0.339,"alongEdge":0.529,"ms":13,"burgsServed":0.782,"bandByEndpointKind":{"dual":{"shared":725,"band":311,"share":0.429},"fully-subterranean":{"shared":836,"band":266,"share":0.318},"junction":{"shared":1638,"band":671,"share":0.41}},"lengthOverlap":0.835,"bandShare":0.338,"medianRoadDistance":0.36,"cells":496,"routes":58,"length":4598,"lengthRatio":1.086,"dOverlap":0.007,"dParallel":0.004,"worstOverlapDelta":0.043,"bestOverlapDelta":-0.014}
stdout | src/generators/underground-measure.dom.test.ts:516:1 > measures underground alignment variants
AGG {"variant":"trunk-spurs-25","seeds":8,"overlap":0.704,"overlapLand":0.698,"parallel":0.859,"exactEdge":0.301,"alongEdge":0.472,"ms":18,"burgsServed":0.65,"bandByEndpointKind":{"dual":{"shared":652,"band":297,"share":0.456},"fully-subterranean":{"shared":575,"band":184,"share":0.32},"junction":{"shared":1398,"band":531,"share":0.38}},"lengthOverlap":0.824,"bandShare":0.34,"medianRoadDistance":0.38,"cells":422,"routes":47,"length":3864,"lengthRatio":0.92,"dOverlap":-0.004,"dParallel":-0.016,"worstOverlapDelta":0.07,"bestOverlapDelta":-0.062}
stdout | src/generators/underground-measure.dom.test.ts:516:1 > measures underground alignment variants
AGG {"variant":"trunk-spurs-10","seeds":8,"overlap":0.711,"overlapLand":0.706,"parallel":0.874,"exactEdge":0.275,"alongEdge":0.456,"ms":31,"burgsServed":0.587,"bandByEndpointKind":{"dual":{"shared":584,"band":257,"share":0.44},"fully-subterranean":{"shared":474,"band":145,"share":0.306},"junction":{"shared":1454,"band":460,"share":0.316}},"lengthOverlap":0.83,"bandShare":0.309,"medianRoadDistance":0.37,"cells":405,"routes":40,"length":3660,"lengthRatio":0.877,"dOverlap":0.003,"dParallel":0,"worstOverlapDelta":0.083,"bestOverlapDelta":-0.062}
 ✓ |chromium| src/generators/underground-measure.dom.test.ts (1 test) 5609ms
   ✓ measures underground alignment variants  5608ms

 Test Files  1 passed (1)
      Tests  1 passed (1)
   Start at  23:36:38
   Duration  15.94s (transform 0ms, setup 0ms, import 162ms, tests 5.61s, environment 0ms)

